Component: ARM Compiler 5.06 update 4 (build 422) Tool: armlink [4d35d2]

==============================================================================

Section Cross References

    system_ft32f0xx.o(i.SystemCoreClockUpdate) refers to uidiv.o(.text) for __aeabi_uidivmod
    system_ft32f0xx.o(i.SystemCoreClockUpdate) refers to system_ft32f0xx.o(.data) for .data
    system_ft32f0xx.o(i.SystemInit) refers to system_ft32f0xx.o(i.SetSysClock) for SetSysClock
    startup_ft32f072xb.o(RESET) refers to startup_ft32f072xb.o(STACK) for __initial_sp
    startup_ft32f072xb.o(RESET) refers to startup_ft32f072xb.o(.text) for Reset_Handler
    startup_ft32f072xb.o(RESET) refers to ft32f0xx_it.o(i.NMI_Handler) for NMI_Handler
    startup_ft32f072xb.o(RESET) refers to ft32f0xx_it.o(i.HardFault_Handler) for HardFault_Handler
    startup_ft32f072xb.o(RESET) refers to ft32f0xx_it.o(i.SVC_Handler) for SVC_Handler
    startup_ft32f072xb.o(RESET) refers to ft32f0xx_it.o(i.PendSV_Handler) for PendSV_Handler
    startup_ft32f072xb.o(RESET) refers to ft32f0xx_it.o(i.SysTick_Handler) for SysTick_Handler
    startup_ft32f072xb.o(RESET) refers to ft_timer.o(i.TIM3_IRQHandler) for TIM3_IRQHandler
    startup_ft32f072xb.o(RESET) refers to ft_usart.o(i.USART1_IRQHandler) for USART1_IRQHandler
    startup_ft32f072xb.o(RESET) refers to ft_usart.o(i.USART2_IRQHandler) for USART2_IRQHandler
    startup_ft32f072xb.o(.text) refers to startup_ft32f072xb.o(STACK) for __initial_sp
    startup_ft32f072xb.o(.text) refers to system_ft32f0xx.o(i.SystemInit) for SystemInit
    startup_ft32f072xb.o(.text) refers to entry.o(.ARM.Collect$$$$00000000) for __main
    FT32F072X8_eval.o(i.FT_EVAL_COMInit) refers to FT32f0xx_rcc.o(i.RCC_AHBPeriphClockCmd) for RCC_AHBPeriphClockCmd
    FT32F072X8_eval.o(i.FT_EVAL_COMInit) refers to FT32f0xx_rcc.o(i.RCC_APB1PeriphClockCmd) for RCC_APB1PeriphClockCmd
    FT32F072X8_eval.o(i.FT_EVAL_COMInit) refers to FT32f0xx_gpio.o(i.GPIO_PinAFConfig) for GPIO_PinAFConfig
    FT32F072X8_eval.o(i.FT_EVAL_COMInit) refers to FT32f0xx_gpio.o(i.GPIO_Init) for GPIO_Init
    FT32F072X8_eval.o(i.FT_EVAL_COMInit) refers to FT32f0xx_usart.o(i.USART_Init) for USART_Init
    FT32F072X8_eval.o(i.FT_EVAL_COMInit) refers to FT32f0xx_usart.o(i.USART_Cmd) for USART_Cmd
    FT32F072X8_eval.o(i.FT_EVAL_COMInit) refers to FT32F072X8_eval.o(.constdata) for .constdata
    FT32F072X8_eval.o(i.FT_EVAL_COMInit) refers to FT32F072X8_eval.o(.data) for .data
    FT32F072X8_eval.o(i.FT_EVAL_LEDInit) refers to FT32f0xx_rcc.o(i.RCC_AHBPeriphClockCmd) for RCC_AHBPeriphClockCmd
    FT32F072X8_eval.o(i.FT_EVAL_LEDInit) refers to FT32f0xx_gpio.o(i.GPIO_Init) for GPIO_Init
    FT32F072X8_eval.o(i.FT_EVAL_LEDInit) refers to FT32F072X8_eval.o(.constdata) for .constdata
    FT32F072X8_eval.o(i.FT_EVAL_LEDInit) refers to FT32F072X8_eval.o(.data) for .data
    FT32F072X8_eval.o(i.FT_EVAL_LEDOff) refers to FT32F072X8_eval.o(.constdata) for .constdata
    FT32F072X8_eval.o(i.FT_EVAL_LEDOff) refers to FT32F072X8_eval.o(.data) for .data
    FT32F072X8_eval.o(i.FT_EVAL_LEDOn) refers to FT32F072X8_eval.o(.constdata) for .constdata
    FT32F072X8_eval.o(i.FT_EVAL_LEDOn) refers to FT32F072X8_eval.o(.data) for .data
    FT32F072X8_eval.o(i.FT_EVAL_LEDToggle) refers to FT32F072X8_eval.o(.data) for .data
    FT32F072X8_eval.o(i.FT_EVAL_LEDToggle) refers to FT32F072X8_eval.o(.constdata) for .constdata
    FT32F072X8_eval.o(i.FT_EVAL_PBGetState) refers to FT32f0xx_gpio.o(i.GPIO_ReadInputDataBit) for GPIO_ReadInputDataBit
    FT32F072X8_eval.o(i.FT_EVAL_PBGetState) refers to FT32F072X8_eval.o(.constdata) for .constdata
    FT32F072X8_eval.o(i.FT_EVAL_PBGetState) refers to FT32F072X8_eval.o(.data) for .data
    FT32F072X8_eval.o(i.FT_EVAL_PBInit) refers to FT32f0xx_rcc.o(i.RCC_AHBPeriphClockCmd) for RCC_AHBPeriphClockCmd
    FT32F072X8_eval.o(i.FT_EVAL_PBInit) refers to FT32f0xx_rcc.o(i.RCC_APB2PeriphClockCmd) for RCC_APB2PeriphClockCmd
    FT32F072X8_eval.o(i.FT_EVAL_PBInit) refers to FT32f0xx_gpio.o(i.GPIO_Init) for GPIO_Init
    FT32F072X8_eval.o(i.FT_EVAL_PBInit) refers to FT32f0xx_syscfg.o(i.SYSCFG_EXTILineConfig) for SYSCFG_EXTILineConfig
    FT32F072X8_eval.o(i.FT_EVAL_PBInit) refers to FT32f0xx_exti.o(i.EXTI_Init) for EXTI_Init
    FT32F072X8_eval.o(i.FT_EVAL_PBInit) refers to FT32f0xx_misc.o(i.NVIC_Init) for NVIC_Init
    FT32F072X8_eval.o(i.FT_EVAL_PBInit) refers to FT32F072X8_eval.o(.constdata) for .constdata
    FT32F072X8_eval.o(i.FT_EVAL_PBInit) refers to FT32F072X8_eval.o(.data) for .data
    FT32F072X8_eval.o(i.FT_SPI_WriteRead) refers to FT32f0xx_spi.o(i.SPI_I2S_GetFlagStatus) for SPI_I2S_GetFlagStatus
    FT32F072X8_eval.o(i.FT_SPI_WriteRead) refers to FT32f0xx_spi.o(i.SPI_SendData8) for SPI_SendData8
    FT32F072X8_eval.o(i.FT_SPI_WriteRead) refers to FT32f0xx_spi.o(i.SPI_ReceiveData8) for SPI_ReceiveData8
    FT32F072X8_eval.o(i.LM75_LowLevel_DeInit) refers to FT32f0xx_i2c.o(i.I2C_Cmd) for I2C_Cmd
[...]
    Removing FT32f0xx_flash.o(i.FLASH_OB_Unlock), (32 bytes).
    Removing FT32f0xx_flash.o(i.FLASH_OB_UserConfig), (124 bytes).
    Removing FT32f0xx_flash.o(i.FLASH_OB_VDDAConfig), (116 bytes).
    Removing FT32f0xx_flash.o(i.FLASH_OB_WriteUser), (108 bytes).
    Removing FT32f0xx_flash.o(i.FLASH_PrefetchBufferCmd), (24 bytes).
    Removing FT32f0xx_flash.o(i.FLASH_ProgramWord), (76 bytes).
    Removing FT32f0xx_flash.o(i.FLASH_SetLatency), (20 bytes).
    Removing FT32f0xx_flash.o(i.FLASH_Unlock), (32 bytes).
    Removing FT32f0xx_flash.o(i.FLASH_WaitForLastOperation), (34 bytes).
    Removing FT32f0xx_gpio.o(.rev16_text), (4 bytes).
    Removing FT32f0xx_gpio.o(.revsh_text), (4 bytes).
    Removing FT32f0xx_gpio.o(i.GPIO_DeInit), (96 bytes).
    Removing FT32f0xx_gpio.o(i.GPIO_LedmConfig), (8 bytes).
    Removing FT32f0xx_gpio.o(i.GPIO_PinLockConfig), (26 bytes).
    Removing FT32f0xx_gpio.o(i.GPIO_ReadInputData), (4 bytes).
    Removing FT32f0xx_gpio.o(i.GPIO_ReadInputDataBit), (14 bytes).
    Removing FT32f0xx_gpio.o(i.GPIO_ReadOutputData), (4 bytes).
    Removing FT32f0xx_gpio.o(i.GPIO_ReadOutputDataBit), (14 bytes).
    Removing FT32f0xx_gpio.o(i.GPIO_ResetBits), (4 bytes).
    Removing FT32f0xx_gpio.o(i.GPIO_SetBits), (4 bytes).
    Removing FT32f0xx_gpio.o(i.GPIO_StructInit), (24 bytes).
    Removing FT32f0xx_gpio.o(i.GPIO_Write), (4 bytes).
    Removing FT32f0xx_gpio.o(i.GPIO_WriteBit), (12 bytes).
    Removing FT32f0xx_i2c.o(.rev16_text), (4 bytes).
    Removing FT32f0xx_i2c.o(.revsh_text), (4 bytes).
    Removing FT32f0xx_i2c.o(i.I2C_10BitAddressHeaderCmd), (20 bytes).
    Removing FT32f0xx_i2c.o(i.I2C_10BitAddressingModeCmd), (20 bytes).
    Removing FT32f0xx_i2c.o(i.I2C_AcknowledgeConfig), (20 bytes).
    Removing FT32f0xx_i2c.o(i.I2C_AutoEndCmd), (20 bytes).
    Removing FT32f0xx_i2c.o(i.I2C_CalculatePEC), (20 bytes).
    Removing FT32f0xx_i2c.o(i.I2C_ClearFlag), (4 bytes).
    Removing FT32f0xx_i2c.o(i.I2C_ClearITPendingBit), (4 bytes).
    Removing FT32f0xx_i2c.o(i.I2C_ClockTimeoutCmd), (20 bytes).
    Removing FT32f0xx_i2c.o(i.I2C_Cmd), (20 bytes).
    Removing FT32f0xx_i2c.o(i.I2C_DMACmd), (16 bytes).
    Removing FT32f0xx_i2c.o(i.I2C_DeInit), (40 bytes).
    Removing FT32f0xx_i2c.o(i.I2C_DualAddressCmd), (20 bytes).
    Removing FT32f0xx_i2c.o(i.I2C_ExtendedClockTimeoutCmd), (22 bytes).
    Removing FT32f0xx_i2c.o(i.I2C_GeneralCallCmd), (20 bytes).
    Removing FT32f0xx_i2c.o(i.I2C_GenerateSTART), (20 bytes).
    Removing FT32f0xx_i2c.o(i.I2C_GenerateSTOP), (20 bytes).
    Removing FT32f0xx_i2c.o(i.I2C_GetAddressMatched), (10 bytes).
    Removing FT32f0xx_i2c.o(i.I2C_GetFlagStatus), (14 bytes).
    Removing FT32f0xx_i2c.o(i.I2C_GetITStatus), (48 bytes).
    Removing FT32f0xx_i2c.o(i.I2C_GetPEC), (6 bytes).
    Removing FT32f0xx_i2c.o(i.I2C_GetTransferDirection), (18 bytes).
    Removing FT32f0xx_i2c.o(i.I2C_ITConfig), (16 bytes).
    Removing FT32f0xx_i2c.o(i.I2C_IdleClockTimeoutCmd), (20 bytes).
    Removing FT32f0xx_i2c.o(i.I2C_Init), (100 bytes).
    Removing FT32f0xx_i2c.o(i.I2C_MasterRequestConfig), (20 bytes).
    Removing FT32f0xx_i2c.o(i.I2C_NumberOfBytesConfig), (16 bytes).
    Removing FT32f0xx_i2c.o(i.I2C_OwnAddress2Config), (28 bytes).
    Removing FT32f0xx_i2c.o(i.I2C_PECRequestCmd), (20 bytes).
    Removing FT32f0xx_i2c.o(i.I2C_ReadRegister), (10 bytes).
    Removing FT32f0xx_i2c.o(i.I2C_ReceiveData), (6 bytes).
    Removing FT32f0xx_i2c.o(i.I2C_ReloadCmd), (20 bytes).
    Removing FT32f0xx_i2c.o(i.I2C_SMBusAlertCmd), (20 bytes).
    Removing FT32f0xx_i2c.o(i.I2C_SendData), (4 bytes).
    Removing FT32f0xx_i2c.o(i.I2C_SlaveAddressConfig), (16 bytes).
    Removing FT32f0xx_i2c.o(i.I2C_SlaveByteControlCmd), (20 bytes).
    Removing FT32f0xx_i2c.o(i.I2C_SoftwareResetCmd), (20 bytes).
    Removing FT32f0xx_i2c.o(i.I2C_StretchClockCmd), (20 bytes).
    Removing FT32f0xx_i2c.o(i.I2C_StructInit), (22 bytes).
    Removing FT32f0xx_i2c.o(i.I2C_TimeoutAConfig), (16 bytes).
    Removing FT32f0xx_i2c.o(i.I2C_TimeoutBConfig), (20 bytes).
    Removing FT32f0xx_i2c.o(i.I2C_TransferHandling), (32 bytes).
    Removing FT32f0xx_iwdg.o(.rev16_text), (4 bytes).
    Removing FT32f0xx_iwdg.o(.revsh_text), (4 bytes).
    Removing FT32f0xx_iwdg.o(i.IWDG_Enable), (16 bytes).
    Removing FT32f0xx_iwdg.o(i.IWDG_GetFlagStatus), (20 bytes).
    Removing FT32f0xx_iwdg.o(i.IWDG_ReloadCounter), (16 bytes).
    Removing FT32f0xx_iwdg.o(i.IWDG_SetPrescaler), (12 bytes).
    Removing FT32f0xx_iwdg.o(i.IWDG_SetReload), (12 bytes).
    Removing FT32f0xx_iwdg.o(i.IWDG_SetWindowValue), (12 bytes).
    Removing FT32f0xx_iwdg.o(i.IWDG_WriteAccessCmd), (12 bytes).
    Removing FT32f0xx_misc.o(.rev16_text), (4 bytes).
    Removing FT32f0xx_misc.o(.revsh_text), (4 bytes).
    Removing FT32f0xx_misc.o(i.NVIC_SystemLPConfig), (24 bytes).
    Removing FT32f0xx_misc.o(i.SysTick_CLKSourceConfig), (24 bytes).
    Removing FT32f0xx_opa.o(.rev16_text), (4 bytes).
    Removing FT32f0xx_opa.o(.revsh_text), (4 bytes).
    Removing FT32f0xx_opa.o(i.OPA_Cali), (196 bytes).
    Removing FT32f0xx_opa.o(i.OPA_Cmd), (28 bytes).
    Removing FT32f0xx_opa.o(i.OPA_DeInit), (12 bytes).
    Removing FT32f0xx_opa.o(i.OPA_GetOutputLevel), (20 bytes).
    Removing FT32f0xx_opa.o(i.OPA_Init), (40 bytes).
    Removing FT32f0xx_opa.o(i.OPA_StructInit), (22 bytes).
    Removing FT32f0xx_pwr.o(.rev16_text), (4 bytes).
    Removing FT32f0xx_pwr.o(.revsh_text), (4 bytes).
    Removing FT32f0xx_pwr.o(i.PWR_BackupAccessCmd), (24 bytes).
    Removing FT32f0xx_pwr.o(i.PWR_ClearFlag), (16 bytes).
    Removing FT32f0xx_pwr.o(i.PWR_DeInit), (22 bytes).
    Removing FT32f0xx_pwr.o(i.PWR_EnterSTANDBYMode), (32 bytes).
    Removing FT32f0xx_pwr.o(i.PWR_EnterSTOPMode), (60 bytes).
    Removing FT32f0xx_pwr.o(i.PWR_EnterSleepMode), (32 bytes).
    Removing FT32f0xx_pwr.o(i.PWR_GetFlagStatus), (20 bytes).
    Removing FT32f0xx_pwr.o(i.PWR_PVDCmd), (24 bytes).
    Removing FT32f0xx_pwr.o(i.PWR_PVDLevelConfig), (20 bytes).
    Removing FT32f0xx_pwr.o(i.PWR_WakeUpPinCmd), (24 bytes).
    Removing FT32f0xx_rcc.o(.rev16_text), (4 bytes).
    Removing FT32f0xx_rcc.o(.revsh_text), (4 bytes).
    Removing FT32f0xx_rcc.o(i.RCC_ADCCLKConfig), (44 bytes).
    Removing FT32f0xx_rcc.o(i.RCC_AHBPeriphResetCmd), (24 bytes).
    Removing FT32f0xx_rcc.o(i.RCC_APB1PeriphResetCmd), (24 bytes).
    Removing FT32f0xx_rcc.o(i.RCC_APB2PeriphClockCmd), (24 bytes).
    Removing FT32f0xx_rcc.o(i.RCC_APB2PeriphResetCmd), (24 bytes).
    Removing FT32f0xx_rcc.o(i.RCC_AdjustHSI14CalibrationValue), (20 bytes).
    Removing FT32f0xx_rcc.o(i.RCC_AdjustHSICalibrationValue), (20 bytes).
    Removing FT32f0xx_rcc.o(i.RCC_BackupResetCmd), (28 bytes).
    Removing FT32f0xx_rcc.o(i.RCC_ClearFlag), (20 bytes).
    Removing FT32f0xx_rcc.o(i.RCC_ClearITPendingBit), (12 bytes).
    Removing FT32f0xx_rcc.o(i.RCC_ClockSecuritySystemCmd), (28 bytes).
    Removing FT32f0xx_rcc.o(i.RCC_DeInit), (92 bytes).
    Removing FT32f0xx_rcc.o(i.RCC_GetFlagStatus), (52 bytes).
    Removing FT32f0xx_rcc.o(i.RCC_GetITStatus), (20 bytes).
    Removing FT32f0xx_rcc.o(i.RCC_GetSYSCLKSource), (16 bytes).
    Removing FT32f0xx_rcc.o(i.RCC_HCLKConfig), (20 bytes).
    Removing FT32f0xx_rcc.o(i.RCC_HSEConfig), (16 bytes).
    Removing FT32f0xx_rcc.o(i.RCC_HSI14ADCRequestCmd), (24 bytes).
    Removing FT32f0xx_rcc.o(i.RCC_HSI14Cmd), (28 bytes).
    Removing FT32f0xx_rcc.o(i.RCC_HSI48Cmd), (28 bytes).
    Removing FT32f0xx_rcc.o(i.RCC_HSICmd), (28 bytes).
    Removing FT32f0xx_rcc.o(i.RCC_I2CCLKConfig), (24 bytes).
    Removing FT32f0xx_rcc.o(i.RCC_ITConfig), (24 bytes).
    Removing FT32f0xx_rcc.o(i.RCC_LSEConfig), (32 bytes).
    Removing FT32f0xx_rcc.o(i.RCC_LSEDriveConfig), (24 bytes).
    Removing FT32f0xx_rcc.o(i.RCC_LSICmd), (28 bytes).
    Removing FT32f0xx_rcc.o(i.RCC_MCOConfig), (24 bytes).
    Removing FT32f0xx_rcc.o(i.RCC_PCLKConfig), (20 bytes).
    Removing FT32f0xx_rcc.o(i.RCC_PLLCmd), (28 bytes).
    Removing FT32f0xx_rcc.o(i.RCC_PLLConfig), (28 bytes).
    Removing FT32f0xx_rcc.o(i.RCC_PREDIV1Config), (20 bytes).
    Removing FT32f0xx_rcc.o(i.RCC_RTCCLKCmd), (28 bytes).
    Removing FT32f0xx_rcc.o(i.RCC_RTCCLKConfig), (16 bytes).
    Removing FT32f0xx_rcc.o(i.RCC_SYSCLKConfig), (20 bytes).
    Removing FT32f0xx_rcc.o(i.RCC_USARTCLKConfig), (28 bytes).
    Removing FT32f0xx_rcc.o(i.RCC_USBCLKConfig), (24 bytes).
    Removing FT32f0xx_rcc.o(i.RCC_WaitForHSEStartUp), (44 bytes).
    Removing FT32f0xx_rtc.o(.rev16_text), (4 bytes).
    Removing FT32f0xx_rtc.o(.revsh_text), (4 bytes).
    Removing FT32f0xx_rtc.o(i.RTC_AlarmCmd), (80 bytes).
    Removing FT32f0xx_rtc.o(i.RTC_AlarmStructInit), (20 bytes).
    Removing FT32f0xx_rtc.o(i.RTC_AlarmSubSecondConfig), (32 bytes).
    Removing FT32f0xx_rtc.o(i.RTC_Bcd2ToByte), (16 bytes).
    Removing FT32f0xx_rtc.o(i.RTC_BypassShadowCmd), (40 bytes).
    Removing FT32f0xx_rtc.o(i.RTC_ByteToBcd2), (24 bytes).
    Removing FT32f0xx_rtc.o(i.RTC_CalibOutputCmd), (40 bytes).
    Removing FT32f0xx_rtc.o(i.RTC_CalibOutputConfig), (36 bytes).
    Removing FT32f0xx_rtc.o(i.RTC_ClearFlag), (28 bytes).
    Removing FT32f0xx_rtc.o(i.RTC_ClearITPendingBit), (28 bytes).
    Removing FT32f0xx_rtc.o(i.RTC_DateStructInit), (14 bytes).
    Removing FT32f0xx_rtc.o(i.RTC_DayLightSavingConfig), (40 bytes).
    Removing FT32f0xx_rtc.o(i.RTC_DeInit), (84 bytes).
    Removing FT32f0xx_rtc.o(i.RTC_EnterInitMode), (60 bytes).
    Removing FT32f0xx_rtc.o(i.RTC_ExitInitMode), (24 bytes).
    Removing FT32f0xx_rtc.o(i.RTC_GetAlarm), (100 bytes).
    Removing FT32f0xx_rtc.o(i.RTC_GetAlarmSubSecond), (16 bytes).
    Removing FT32f0xx_rtc.o(i.RTC_GetDate), (72 bytes).
    Removing FT32f0xx_rtc.o(i.RTC_GetFlagStatus), (28 bytes).
    Removing FT32f0xx_rtc.o(i.RTC_GetITStatus), (60 bytes).
    Removing FT32f0xx_rtc.o(i.RTC_GetStoreOperation), (16 bytes).
    Removing FT32f0xx_rtc.o(i.RTC_GetSubSecond), (12 bytes).
    Removing FT32f0xx_rtc.o(i.RTC_GetTime), (80 bytes).
    Removing FT32f0xx_rtc.o(i.RTC_GetTimeStamp), (136 bytes).
    Removing FT32f0xx_rtc.o(i.RTC_GetTimeStampSubSecond), (12 bytes).
    Removing FT32f0xx_rtc.o(i.RTC_ITConfig), (60 bytes).
    Removing FT32f0xx_rtc.o(i.RTC_Init), (72 bytes).
    Removing FT32f0xx_rtc.o(i.RTC_OutputConfig), (40 bytes).
    Removing FT32f0xx_rtc.o(i.RTC_OutputTypeConfig), (24 bytes).
    Removing FT32f0xx_rtc.o(i.RTC_RefClockCmd), (60 bytes).
    Removing FT32f0xx_rtc.o(i.RTC_SetAlarm), (136 bytes).
    Removing FT32f0xx_rtc.o(i.RTC_SetDate), (148 bytes).
    Removing FT32f0xx_rtc.o(i.RTC_SetTime), (152 bytes).
    Removing FT32f0xx_rtc.o(i.RTC_SmoothCalibConfig), (64 bytes).
    Removing FT32f0xx_rtc.o(i.RTC_StructInit), (14 bytes).
    Removing FT32f0xx_rtc.o(i.RTC_SynchroShiftConfig), (76 bytes).
    Removing FT32f0xx_rtc.o(i.RTC_TamperCmd), (24 bytes).
    Removing FT32f0xx_rtc.o(i.RTC_TamperFilterConfig), (24 bytes).
    Removing FT32f0xx_rtc.o(i.RTC_TamperPinsPrechargeDuration), (24 bytes).
    Removing FT32f0xx_rtc.o(i.RTC_TamperPullUpCmd), (24 bytes).
    Removing FT32f0xx_rtc.o(i.RTC_TamperSamplingFreqConfig), (24 bytes).
    Removing FT32f0xx_rtc.o(i.RTC_TamperTriggerConfig), (24 bytes).
    Removing FT32f0xx_rtc.o(i.RTC_TimeStampCmd), (44 bytes).
    Removing FT32f0xx_rtc.o(i.RTC_TimeStampOnTamperDetectionCmd), (24 bytes).
    Removing FT32f0xx_rtc.o(i.RTC_TimeStructInit), (12 bytes).
    Removing FT32f0xx_rtc.o(i.RTC_WaitForSynchro), (80 bytes).
    Removing FT32f0xx_rtc.o(i.RTC_WriteProtectionCmd), (24 bytes).
    Removing FT32f0xx_spi.o(.rev16_text), (4 bytes).
    Removing FT32f0xx_spi.o(.revsh_text), (4 bytes).
    Removing FT32f0xx_spi.o(i.SPI_BiDirectionalLineConfig), (28 bytes).
    Removing FT32f0xx_spi.o(i.SPI_CRCLengthConfig), (20 bytes).
    Removing FT32f0xx_spi.o(i.SPI_CalculateCRC), (28 bytes).
    Removing FT32f0xx_spi.o(i.SPI_Cmd), (18 bytes).
    Removing FT32f0xx_spi.o(i.SPI_DataSizeConfig), (16 bytes).
    Removing FT32f0xx_spi.o(i.SPI_GetCRC), (12 bytes).
    Removing FT32f0xx_spi.o(i.SPI_GetCRCPolynomial), (4 bytes).
    Removing FT32f0xx_spi.o(i.SPI_GetReceptionFIFOStatus), (10 bytes).
    Removing FT32f0xx_spi.o(i.SPI_GetTransmissionFIFOStatus), (10 bytes).
    Removing FT32f0xx_spi.o(i.SPI_I2S_ClearFlag), (6 bytes).
    Removing FT32f0xx_spi.o(i.SPI_I2S_DMACmd), (16 bytes).
    Removing FT32f0xx_spi.o(i.SPI_I2S_DeInit), (64 bytes).
    Removing FT32f0xx_spi.o(i.SPI_I2S_GetFlagStatus), (14 bytes).
    Removing FT32f0xx_spi.o(i.SPI_I2S_GetITStatus), (42 bytes).
    Removing FT32f0xx_spi.o(i.SPI_I2S_ITConfig), (24 bytes).
    Removing FT32f0xx_spi.o(i.SPI_I2S_ReceiveData16), (4 bytes).
    Removing FT32f0xx_spi.o(i.SPI_I2S_SendData16), (4 bytes).
    Removing FT32f0xx_spi.o(i.SPI_Init), (72 bytes).
    Removing FT32f0xx_spi.o(i.SPI_LastDMATransferCmd), (20 bytes).
    Removing FT32f0xx_spi.o(i.SPI_NSSInternalSoftwareConfig), (28 bytes).
    Removing FT32f0xx_spi.o(i.SPI_NSSPulseModeCmd), (18 bytes).
    Removing FT32f0xx_spi.o(i.SPI_ReceiveData8), (4 bytes).
    Removing FT32f0xx_spi.o(i.SPI_RxFIFOThresholdConfig), (20 bytes).
    Removing FT32f0xx_spi.o(i.SPI_SSOutputCmd), (18 bytes).
    Removing FT32f0xx_spi.o(i.SPI_SendData8), (4 bytes).
    Removing FT32f0xx_spi.o(i.SPI_StructInit), (28 bytes).
    Removing FT32f0xx_spi.o(i.SPI_TIModeCmd), (18 bytes).
    Removing FT32f0xx_spi.o(i.SPI_TransmitCRC), (12 bytes).
    Removing FT32f0xx_syscfg.o(.rev16_text), (4 bytes).
    Removing FT32f0xx_syscfg.o(.revsh_text), (4 bytes).
    Removing FT32f0xx_syscfg.o(i.SYSCFG_BreakConfig), (16 bytes).
    Removing FT32f0xx_syscfg.o(i.SYSCFG_DMAChannelRemapConfig), (24 bytes).
    Removing FT32f0xx_syscfg.o(i.SYSCFG_DeInit), (32 bytes).
    Removing FT32f0xx_syscfg.o(i.SYSCFG_EXTILineConfig), (40 bytes).
    Removing FT32f0xx_syscfg.o(i.SYSCFG_I2CFastModePlusConfig), (24 bytes).
    Removing FT32f0xx_syscfg.o(i.SYSCFG_IRDAEnvSelection), (24 bytes).
    Removing FT32f0xx_syscfg.o(i.SYSCFG_MemoryRemapConfig), (20 bytes).
    Removing FT32f0xx_tim.o(.rev16_text), (4 bytes).
    Removing FT32f0xx_tim.o(.revsh_text), (4 bytes).
    Removing FT32f0xx_tim.o(i.TI1_Config), (40 bytes).
    Removing FT32f0xx_tim.o(i.TI2_Config), (48 bytes).
    Removing FT32f0xx_tim.o(i.TIM_ARRPreloadConfig), (18 bytes).
    Removing FT32f0xx_tim.o(i.TIM_BDTRConfig), (34 bytes).
    Removing FT32f0xx_tim.o(i.TIM_BDTRStructInit), (18 bytes).
    Removing FT32f0xx_tim.o(i.TIM_CCPreloadControl), (20 bytes).
    Removing FT32f0xx_tim.o(i.TIM_CCxCmd), (22 bytes).
    Removing FT32f0xx_tim.o(i.TIM_CCxNCmd), (22 bytes).
    Removing FT32f0xx_tim.o(i.TIM_ClearFlag), (6 bytes).
    Removing FT32f0xx_tim.o(i.TIM_ClearOC1Ref), (12 bytes).
    Removing FT32f0xx_tim.o(i.TIM_ClearOC2Ref), (14 bytes).
    Removing FT32f0xx_tim.o(i.TIM_ClearOC3Ref), (12 bytes).
    Removing FT32f0xx_tim.o(i.TIM_ClearOC4Ref), (14 bytes).
    Removing FT32f0xx_tim.o(i.TIM_CounterModeConfig), (12 bytes).
    Removing FT32f0xx_tim.o(i.TIM_CtrlPWMOutputs), (24 bytes).
    Removing FT32f0xx_tim.o(i.TIM_DMACmd), (16 bytes).
    Removing FT32f0xx_tim.o(i.TIM_DMAConfig), (8 bytes).
    Removing FT32f0xx_tim.o(i.TIM_DeInit), (160 bytes).
    Removing FT32f0xx_tim.o(i.TIM_ETRClockMode1Config), (28 bytes).
    Removing FT32f0xx_tim.o(i.TIM_ETRClockMode2Config), (20 bytes).
    Removing FT32f0xx_tim.o(i.TIM_ETRConfig), (18 bytes).
    Removing FT32f0xx_tim.o(i.TIM_EncoderInterfaceConfig), (48 bytes).
    Removing FT32f0xx_tim.o(i.TIM_ForcedOC1Config), (12 bytes).
    Removing FT32f0xx_tim.o(i.TIM_ForcedOC2Config), (20 bytes).
    Removing FT32f0xx_tim.o(i.TIM_ForcedOC3Config), (12 bytes).
    Removing FT32f0xx_tim.o(i.TIM_ForcedOC4Config), (20 bytes).
    Removing FT32f0xx_tim.o(i.TIM_GenerateEvent), (4 bytes).
    Removing FT32f0xx_tim.o(i.TIM_GetCapture1), (4 bytes).
    Removing FT32f0xx_tim.o(i.TIM_GetCapture2), (4 bytes).
    Removing FT32f0xx_tim.o(i.TIM_GetCapture3), (4 bytes).
    Removing FT32f0xx_tim.o(i.TIM_GetCapture4), (4 bytes).
    Removing FT32f0xx_tim.o(i.TIM_GetCounter), (4 bytes).
    Removing FT32f0xx_tim.o(i.TIM_GetFlagStatus), (14 bytes).
    Removing FT32f0xx_tim.o(i.TIM_GetPrescaler), (4 bytes).
    Removing FT32f0xx_tim.o(i.TIM_ICInit), (184 bytes).
    Removing FT32f0xx_tim.o(i.TIM_ICStructInit), (16 bytes).
    Removing FT32f0xx_tim.o(i.TIM_ITRxExternalClockConfig), (18 bytes).
    Removing FT32f0xx_tim.o(i.TIM_InternalClockConfig), (10 bytes).
    Removing FT32f0xx_tim.o(i.TIM_OC1FastConfig), (12 bytes).
    Removing FT32f0xx_tim.o(i.TIM_OC1Init), (124 bytes).
    Removing FT32f0xx_tim.o(i.TIM_OC1NPolarityConfig), (12 bytes).
    Removing FT32f0xx_tim.o(i.TIM_OC1PolarityConfig), (12 bytes).
    Removing FT32f0xx_tim.o(i.TIM_OC1PreloadConfig), (12 bytes).
    Removing FT32f0xx_tim.o(i.TIM_OC2FastConfig), (20 bytes).
    Removing FT32f0xx_tim.o(i.TIM_OC2Init), (144 bytes).
    Removing FT32f0xx_tim.o(i.TIM_OC2NPolarityConfig), (14 bytes).
    Removing FT32f0xx_tim.o(i.TIM_OC2PolarityConfig), (14 bytes).
    Removing FT32f0xx_tim.o(i.TIM_OC2PreloadConfig), (20 bytes).
    Removing FT32f0xx_tim.o(i.TIM_OC3FastConfig), (12 bytes).
    Removing FT32f0xx_tim.o(i.TIM_OC3Init), (136 bytes).
    Removing FT32f0xx_tim.o(i.TIM_OC3NPolarityConfig), (20 bytes).
    Removing FT32f0xx_tim.o(i.TIM_OC3PolarityConfig), (20 bytes).
    Removing FT32f0xx_tim.o(i.TIM_OC3PreloadConfig), (12 bytes).
    Removing FT32f0xx_tim.o(i.TIM_OC4FastConfig), (20 bytes).
    Removing FT32f0xx_tim.o(i.TIM_OC4Init), (100 bytes).
    Removing FT32f0xx_tim.o(i.TIM_OC4PolarityConfig), (20 bytes).
    Removing FT32f0xx_tim.o(i.TIM_OC4PreloadConfig), (20 bytes).
    Removing FT32f0xx_tim.o(i.TIM_OCStructInit), (20 bytes).
    Removing FT32f0xx_tim.o(i.TIM_PWMIConfig), (104 bytes).
    Removing FT32f0xx_tim.o(i.TIM_PrescalerConfig), (6 bytes).
    Removing FT32f0xx_tim.o(i.TIM_RemapConfig), (6 bytes).
    Removing FT32f0xx_tim.o(i.TIM_SelectCCDMA), (18 bytes).
    Removing FT32f0xx_tim.o(i.TIM_SelectCOM), (18 bytes).
    Removing FT32f0xx_tim.o(i.TIM_SelectHallSensor), (18 bytes).
    Removing FT32f0xx_tim.o(i.TIM_SelectInputTrigger), (12 bytes).
    Removing FT32f0xx_tim.o(i.TIM_SelectMasterSlaveMode), (16 bytes).
    Removing FT32f0xx_tim.o(i.TIM_SelectOCREFClear), (16 bytes).
    Removing FT32f0xx_tim.o(i.TIM_SelectOCxM), (70 bytes).
    Removing FT32f0xx_tim.o(i.TIM_SelectOnePulseMode), (16 bytes).
    Removing FT32f0xx_tim.o(i.TIM_SelectOutputTrigger), (16 bytes).
    Removing FT32f0xx_tim.o(i.TIM_SelectSlaveMode), (16 bytes).
    Removing FT32f0xx_tim.o(i.TIM_SetAutoreload), (4 bytes).
    Removing FT32f0xx_tim.o(i.TIM_SetClockDivision), (20 bytes).
    Removing FT32f0xx_tim.o(i.TIM_SetCompare1), (4 bytes).
    Removing FT32f0xx_tim.o(i.TIM_SetCompare2), (4 bytes).
    Removing FT32f0xx_tim.o(i.TIM_SetCompare3), (4 bytes).
    Removing FT32f0xx_tim.o(i.TIM_SetCompare4), (4 bytes).
    Removing FT32f0xx_tim.o(i.TIM_SetCounter), (4 bytes).
    Removing FT32f0xx_tim.o(i.TIM_SetIC1Prescaler), (16 bytes).
    Removing FT32f0xx_tim.o(i.TIM_SetIC2Prescaler), (24 bytes).
    Removing FT32f0xx_tim.o(i.TIM_SetIC3Prescaler), (16 bytes).
    Removing FT32f0xx_tim.o(i.TIM_SetIC4Prescaler), (24 bytes).
    Removing FT32f0xx_tim.o(i.TIM_TIxExternalClockConfig), (48 bytes).
    Removing FT32f0xx_tim.o(i.TIM_TimeBaseStructInit), (18 bytes).
    Removing FT32f0xx_tim.o(i.TIM_UpdateDisableConfig), (18 bytes).
    Removing FT32f0xx_tim.o(i.TIM_UpdateRequestConfig), (18 bytes).
    Removing FT32f0xx_usart.o(.rev16_text), (4 bytes).
    Removing FT32f0xx_usart.o(.revsh_text), (4 bytes).
    Removing FT32f0xx_usart.o(i.USART_AddressDetectionConfig), (16 bytes).
    Removing FT32f0xx_usart.o(i.USART_AutoBaudRateCmd), (20 bytes).
    Removing FT32f0xx_usart.o(i.USART_AutoBaudRateConfig), (18 bytes).
    Removing FT32f0xx_usart.o(i.USART_ClearFlag), (4 bytes).
    Removing FT32f0xx_usart.o(i.USART_ClearITPendingBit), (10 bytes).
    Removing FT32f0xx_usart.o(i.USART_ClockInit), (28 bytes).
    Removing FT32f0xx_usart.o(i.USART_ClockStructInit), (12 bytes).
    Removing FT32f0xx_usart.o(i.USART_DECmd), (20 bytes).
    Removing FT32f0xx_usart.o(i.USART_DEPolarityConfig), (18 bytes).
    Removing FT32f0xx_usart.o(i.USART_DMACmd), (16 bytes).
    Removing FT32f0xx_usart.o(i.USART_DMAReceptionErrorConfig), (18 bytes).
    Removing FT32f0xx_usart.o(i.USART_DataInvCmd), (20 bytes).
    Removing FT32f0xx_usart.o(i.USART_DeInit), (64 bytes).
    Removing FT32f0xx_usart.o(i.USART_DirectionModeCmd), (16 bytes).
    Removing FT32f0xx_usart.o(i.USART_GetITStatus), (56 bytes).
    Removing FT32f0xx_usart.o(i.USART_HalfDuplexCmd), (18 bytes).
    Removing FT32f0xx_usart.o(i.USART_ITConfig), (42 bytes).
    Removing FT32f0xx_usart.o(i.USART_InvPinCmd), (16 bytes).
    Removing FT32f0xx_usart.o(i.USART_MSBFirstCmd), (20 bytes).
    Removing FT32f0xx_usart.o(i.USART_MuteModeCmd), (20 bytes).
    Removing FT32f0xx_usart.o(i.USART_MuteModeWakeUpConfig), (18 bytes).
    Removing FT32f0xx_usart.o(i.USART_OneBitMethodCmd), (20 bytes).
    Removing FT32f0xx_usart.o(i.USART_OverSampling8Cmd), (20 bytes).
    Removing FT32f0xx_usart.o(i.USART_OverrunDetectionConfig), (18 bytes).
    Removing FT32f0xx_usart.o(i.USART_ReceiveData), (8 bytes).
    Removing FT32f0xx_usart.o(i.USART_ReceiverTimeOutCmd), (20 bytes).
    Removing FT32f0xx_usart.o(i.USART_RequestCmd), (16 bytes).
    Removing FT32f0xx_usart.o(i.USART_SWAPPinCmd), (20 bytes).
    Removing FT32f0xx_usart.o(i.USART_SetAddress), (18 bytes).
    Removing FT32f0xx_usart.o(i.USART_SetDEAssertionTime), (20 bytes).
    Removing FT32f0xx_usart.o(i.USART_SetDEDeassertionTime), (20 bytes).
    Removing FT32f0xx_usart.o(i.USART_SetReceiverTimeOut), (16 bytes).
    Removing FT32f0xx_usart.o(i.USART_StructInit), (22 bytes).
    Removing FT32f0xx_wwdg.o(.rev16_text), (4 bytes).
    Removing FT32f0xx_wwdg.o(.revsh_text), (4 bytes).
    Removing FT32f0xx_wwdg.o(i.WWDG_ClearFlag), (12 bytes).
    Removing FT32f0xx_wwdg.o(i.WWDG_DeInit), (22 bytes).
    Removing FT32f0xx_wwdg.o(i.WWDG_Enable), (16 bytes).
    Removing FT32f0xx_wwdg.o(i.WWDG_EnableIT), (16 bytes).
    Removing FT32f0xx_wwdg.o(i.WWDG_GetFlagStatus), (20 bytes).
    Removing FT32f0xx_wwdg.o(i.WWDG_SetCounter), (16 bytes).
    Removing FT32f0xx_wwdg.o(i.WWDG_SetPrescaler), (20 bytes).
    Removing FT32f0xx_wwdg.o(i.WWDG_SetWindowValue), (28 bytes).
    Removing shell.o(i.shellBackspace), (10 bytes).
    Removing shell.o(i.shellCheckPermission), (48 bytes).
    Removing shell.o(i.shellClear), (24 bytes).
    Removing shell.o(i.shellClearCommandLine), (38 bytes).
    Removing shell.o(i.shellCmds), (16 bytes).
    Removing shell.o(i.shellDelete), (12 bytes).
    Removing shell.o(i.shellDeleteByte), (184 bytes).
    Removing shell.o(i.shellDeleteCommandLine), (32 bytes).
    Removing shell.o(i.shellDown), (12 bytes).
    Removing shell.o(i.shellEnter), (148 bytes).
    Removing shell.o(i.shellGetCommandDesc), (4 bytes).
    Removing shell.o(i.shellGetCommandName), (56 bytes).
    Removing shell.o(i.shellGetCurrent), (44 bytes).
    Removing shell.o(i.shellGetVarValue), (50 bytes).
    Removing shell.o(i.shellHandler), (212 bytes).
    Removing shell.o(i.shellHelp), (104 bytes).
    Removing shell.o(i.shellHistory), (136 bytes).
    Removing shell.o(i.shellHistoryAdd), (92 bytes).
    Removing shell.o(i.shellInit), (160 bytes).
    Removing shell.o(i.shellInsertByte), (184 bytes).
    Removing shell.o(i.shellKeys), (16 bytes).
    Removing shell.o(i.shellLeft), (24 bytes).
    Removing shell.o(i.shellListAll), (8 bytes).
    Removing shell.o(i.shellListCommand), (76 bytes).
    Removing shell.o(i.shellListItem), (240 bytes).
    Removing shell.o(i.shellListKey), (80 bytes).
    Removing shell.o(i.shellListUser), (80 bytes).
    Removing shell.o(i.shellListVar), (80 bytes).
    Removing shell.o(i.shellNormalInput), (20 bytes).
    Removing shell.o(i.shellParserParam), (106 bytes).
    Removing shell.o(i.shellPrint), (40 bytes).
    Removing shell.o(i.shellRemoveParamQuotes), (60 bytes).
    Removing shell.o(i.shellRight), (24 bytes).
    Removing shell.o(i.shellRunCommand), (120 bytes).
    Removing shell.o(i.shellSeekCommand), (108 bytes).
    Removing shell.o(i.shellSetUser), (92 bytes).
    Removing shell.o(i.shellSetVar), (92 bytes).
    Removing shell.o(i.shellSetVarValue), (76 bytes).
    Removing shell.o(i.shellShowVar), (140 bytes).
    Removing shell.o(i.shellStringCompare), (36 bytes).
    Removing shell.o(i.shellStringCopy), (24 bytes).
    Removing shell.o(i.shellTab), (256 bytes).
    Removing shell.o(i.shellTask), (30 bytes).
    Removing shell.o(i.shellToDec), (66 bytes).
    Removing shell.o(i.shellToHex), (42 bytes).
    Removing shell.o(i.shellUp), (10 bytes).
    Removing shell.o(i.shellUsers), (16 bytes).
    Removing shell.o(i.shellVars), (16 bytes).
    Removing shell.o(i.shellWirteReturnValue), (128 bytes).
    Removing shell.o(i.shellWriteCommandLine), (64 bytes).
    Removing shell.o(i.shellWriteString), (36 bytes).
    Removing shell.o(.bss), (29 bytes).
    Removing shell.o(.constdata), (11 bytes).
    Removing shell.o(.constdata), (1 bytes).
    Removing shell.o(.constdata), (13 bytes).
    Removing shell.o(.constdata), (7 bytes).
    Removing shell.o(.constdata), (8 bytes).
    Removing shell.o(.constdata), (3 bytes).
    Removing shell.o(.constdata), (5 bytes).
    Removing shell.o(.constdata), (6 bytes).
    Removing shell.o(.constdata), (5 bytes).
    Removing shell.o(.constdata), (4 bytes).
    Removing shell.o(.constdata), (10 bytes).
    Removing shell.o(.constdata), (7 bytes).
    Removing shell.o(.constdata), (7 bytes).
    Removing shell.o(.constdata), (6 bytes).
    Removing shell.o(.constdata), (6 bytes).
    Removing shell.o(.constdata), (5 bytes).
    Removing shell.o(.constdata), (30 bytes).
    Removing shell.o(.constdata), (6 bytes).
    Removing shell.o(.constdata), (14 bytes).
    Removing shell.o(.constdata), (5 bytes).
    Removing shell.o(.constdata), (13 bytes).
    Removing shell.o(.constdata), (5 bytes).
    Removing shell.o(.constdata), (13 bytes).
    Removing shell.o(.constdata), (5 bytes).
    Removing shell.o(.constdata), (13 bytes).
    Removing shell.o(.constdata), (6 bytes).
    Removing shell.o(.constdata), (14 bytes).
    Removing shell.o(.conststring), (657 bytes).
    Removing shell.o(.data), (80 bytes).
    Removing shell.o(shellCommand), (16 bytes).
    Removing shell.o(shellCommand), (16 bytes).
    Removing shell.o(shellCommand), (16 bytes).
    Removing shell.o(shellCommand), (16 bytes).
    Removing shell.o(shellCommand), (16 bytes).
    Removing shell.o(shellCommand), (16 bytes).
    Removing shell.o(shellCommand), (16 bytes).
    Removing shell.o(shellCommand), (16 bytes).
    Removing shell.o(shellCommand), (16 bytes).
    Removing shell.o(shellCommand), (16 bytes).
    Removing shell.o(shellCommand), (16 bytes).
    Removing shell.o(shellCommand), (16 bytes).
    Removing shell.o(shellCommand), (16 bytes).
    Removing shell.o(shellCommand), (16 bytes).
    Removing shell.o(shellCommand), (16 bytes).
    Removing shell.o(shellCommand), (16 bytes).
    Removing shell.o(shellCommand), (16 bytes).
    Removing shell.o(shellCommand), (16 bytes).
    Removing shell_custom_cmd.o(.rev16_text), (4 bytes).
    Removing shell_custom_cmd.o(.revsh_text), (4 bytes).
    Removing shell_custom_cmd.o(i.ShellTestFun0), (68 bytes).
    Removing shell_custom_cmd.o(i.ShellTestFun1), (80 bytes).
    Removing shell_custom_cmd.o(.constdata), (11 bytes).
    Removing shell_custom_cmd.o(.constdata), (21 bytes).
    Removing shell_custom_cmd.o(.constdata), (11 bytes).
    Removing shell_custom_cmd.o(.constdata), (21 bytes).
    Removing shell_custom_cmd.o(shellCommand), (16 bytes).
    Removing shell_custom_cmd.o(shellCommand), (16 bytes).
    Removing shell_ext.o(i.shellExtParseChar), (60 bytes).
    Removing shell_ext.o(i.shellExtParseNumber), (254 bytes).
    Removing shell_ext.o(i.shellExtParsePara), (150 bytes).
    Removing shell_ext.o(i.shellExtRun), (184 bytes).
    Removing shell_port.o(.rev16_text), (4 bytes).
    Removing shell_port.o(.revsh_text), (4 bytes).
    Removing shell_port.o(i.userShellCmdManualTest), (88 bytes).
    Removing shell_port.o(i.userShellInit), (2 bytes).
    Removing shell_port.o(i.userShellRead), (4 bytes).
    Removing shell_port.o(i.userShellRun), (2 bytes).
    Removing shell_port.o(i.userShellWrite), (2 bytes).
    Removing shell_port.o(.bss), (104 bytes).
    Removing shell_port.o(.bss), (512 bytes).
    Removing ft_delay.o(.rev16_text), (4 bytes).
    Removing ft_delay.o(.revsh_text), (4 bytes).
    Removing ft_delay.o(i.ft_delay_ms), (28 bytes).
    Removing ft_delay.o(i.ft_delay_us), (140 bytes).
    Removing ft_gpio.o(.rev16_text), (4 bytes).
    Removing ft_gpio.o(.revsh_text), (4 bytes).
    Removing ft_gpio.o(i.conf_gpio_input), (34 bytes).
    Removing ft_gpio.o(i.conf_whole_gpios_input), (34 bytes).
    Removing ft_gpio.o(i.conf_whole_gpios_output), (40 bytes).
    Removing ft_gpio.o(i.get_gpio_value), (12 bytes).
    Removing ft_gpio.o(i.get_halt_gpios_value), (12 bytes).
    Removing ft_gpio.o(i.input_shift_to_output), (28 bytes).
    Removing ft_gpio.o(i.output_shift_to_input), (18 bytes).
    Removing ft_gpio.o(i.set_halt_gpios_value), (24 bytes).
    Removing ft_i2c.o(.rev16_text), (4 bytes).
    Removing ft_i2c.o(.revsh_text), (4 bytes).
    Removing ft_i2c.o(i.ft_i2c_delay), (12 bytes).
    Removing ft_i2c.o(i.i2c1_read_one_byte), (232 bytes).
    Removing ft_i2c.o(i.i2c1_res_deinit), (72 bytes).
    Removing ft_i2c.o(i.i2c1_res_init), (136 bytes).
    Removing ft_i2c.o(i.i2c1_write_one_byte), (160 bytes).
    Removing ft_i2c.o(i.i2c_transfer_timeout_handler_register), (12 bytes).
    Removing ft_i2c.o(i.virt1_i2c_read_byte), (116 bytes).
    Removing ft_i2c.o(i.virt1_i2c_read_one_byte), (64 bytes).
    Removing ft_i2c.o(i.virt1_i2c_send_byte), (96 bytes).
    Removing ft_i2c.o(i.virt1_i2c_set_ack), (72 bytes).
    Removing ft_i2c.o(i.virt1_i2c_set_nack), (72 bytes).
    Removing ft_i2c.o(i.virt1_i2c_start), (72 bytes).
    Removing ft_i2c.o(i.virt1_i2c_stop), (72 bytes).
    Removing ft_i2c.o(i.virt1_i2c_wait_ack), (108 bytes).
    Removing ft_i2c.o(i.virt1_i2c_write_one_byte), (50 bytes).
    Removing ft_i2c.o(i.virt_i2c_init), (56 bytes).
    Removing ft_i2c.o(.data), (4 bytes).
    Removing ft_timer.o(.rev16_text), (4 bytes).
    Removing ft_timer.o(.revsh_text), (4 bytes).
    Removing ft_timer.o(i.ft_timer_tick_get), (12 bytes).
    Removing ft_timer.o(.data), (2 bytes).
    Removing ft_usart.o(.rev16_text), (4 bytes).
    Removing ft_usart.o(.revsh_text), (4 bytes).
    Removing retarget.o(.rev16_text), (4 bytes).
    Removing retarget.o(.revsh_text), (4 bytes).
    Removing retarget.o(.data), (4 bytes).
    Removing st7789.o(.rev16_text), (4 bytes).
    Removing st7789.o(.revsh_text), (4 bytes).
    Removing mid_bk953x.o(.rev16_text), (4 bytes).
    Removing mid_bk953x.o(.revsh_text), (4 bytes).
    Removing mid_bk953x.o(i.ft_i2c1_i2c_bk953x_read_one_reg), (4 bytes).
    Removing mid_bk953x.o(i.ft_i2c1_i2c_bk953x_write_one_reg), (4 bytes).
    Removing mid_bk953x.o(i.ft_virt1_i2c_bk953x_write_one_reg), (74 bytes).
    Removing mid_bk953x.o(i.mid_bk953x_read_one_reg), (92 bytes).
    Removing mid_bk953x.o(i.mid_bk953x_write_one_reg), (30 bytes).
    Removing trace.o(.rev16_text), (4 bytes).
    Removing trace.o(.revsh_text), (4 bytes).
    Removing trace.o(i.trace_dump), (44 bytes).
    Removing fmul.o(.text), (122 bytes).
    Removing fdiv.o(.text), (124 bytes).
    Removing fflti.o(.text), (22 bytes).
    Removing ffltui.o(.text), (14 bytes).
    Removing fepilogue.o(.text), (130 bytes).
    Removing shell.o(i.__ARM_common_switch8), (26 bytes).

703 unused section(s) (total 24164 bytes) removed from the image.

==============================================================================

Image Stack Usage Information.

Maximum stack usage for Image.

Maximum Stack Usage for main 0xf4 bytes.
Call chain for maximum stack usage:
main => trace_init => ft_uart_init => USART_Init => RCC_GetClocksFreq => __aeabi_uidivmod

Maximum stack usage per global function.

Maximum Stack Usage for GPIO_Init 0x14 bytes.
Call chain for maximum stack usage:
GPIO_Init

Maximum Stack Usage for GPIO_PinAFConfig 0x8 bytes.
Call chain for maximum stack usage:
GPIO_PinAFConfig

Maximum Stack Usage for NVIC_Init 0xc bytes.
Call chain for maximum stack usage:
NVIC_Init

Maximum Stack Usage for RCC_GetClocksFreq 0x24 bytes.
Call chain for maximum stack usage:
RCC_GetClocksFreq => __aeabi_uidivmod

Maximum Stack Usage for SystemInit 0x1c bytes.
Call chain for maximum stack usage:
SystemInit => SetSysClock

Maximum Stack Usage for TIM3_IRQHandler 0x8 bytes.
Call chain for maximum stack usage:
TIM3_IRQHandler

Maximum Stack Usage for TIM_TimeBaseInit 0x8 bytes.
Call chain for maximum stack usage:
TIM_TimeBaseInit

Maximum Stack Usage for USART_Init 0x5c bytes.
Call chain for maximum stack usage:
USART_Init => RCC_GetClocksFreq => __aeabi_uidivmod

Maximum Stack Usage for conf_gpio_output 0x2c bytes.
Call chain for maximum stack usage:
conf_gpio_output => GPIO_Init

Maximum Stack Usage for fputc 0x10 bytes.
Call chain for maximum stack usage:
fputc => ft_uart_put

Maximum Stack Usage for ft_uart_init 0x94 bytes.
Call chain for maximum stack usage:
ft_uart_init => USART_Init => RCC_GetClocksFreq => __aeabi_uidivmod

Maximum Stack Usage for ft_uart_put 0x8 bytes.
Call chain for maximum stack usage:
ft_uart_put

Maximum Stack Usage for main 0xf4 bytes.
Call chain for maximum stack usage:
main => trace_init => ft_uart_init => USART_Init => RCC_GetClocksFreq => __aeabi_uidivmod

Maximum Stack Usage for timer_handler 0x8 bytes.
Call chain for maximum stack usage:
timer_handler

Maximum Stack Usage for timer_init 0x2c bytes.
Call chain for maximum stack usage:
timer_init => __aeabi_uidivmod

Maximum Stack Usage for trace_init 0xf4 bytes.
Call chain for maximum stack usage:
trace_init => ft_uart_init => USART_Init => RCC_GetClocksFreq => __aeabi_uidivmod

Stack Usage for functions.

Stack Usage for __main unknown bytes.
Stack Usage for _main_stk unknown bytes.
Stack Usage for _main_scatterload unknown bytes.
Stack Usage for __main_after_scatterload unknown bytes.
Stack Usage for _main_clock unknown bytes.
Stack Usage for _main_cpp_init unknown bytes.
Stack Usage for _main_init unknown bytes.
Stack Usage for __rt_final_cpp unknown bytes.
Stack Usage for __rt_final_exit unknown bytes.
Stack Usage for Reset_Handler 0x0 bytes.
Stack Usage for ADC1_IRQHandler 0x0 bytes.
Stack Usage for DMA1_Channel1_IRQHandler 0x0 bytes.
Stack Usage for DMA1_Channel2_3_IRQHandler 0x0 bytes.
Stack Usage for DMA1_Channel4_5_IRQHandler 0x0 bytes.
Stack Usage for EXTI0_1_IRQHandler 0x0 bytes.
Stack Usage for EXTI2_3_IRQHandler 0x0 bytes.
Stack Usage for EXTI4_15_IRQHandler 0x0 bytes.
Stack Usage for FLASH_IRQHandler 0x0 bytes.
Stack Usage for I2C1_IRQHandler 0x0 bytes.
Stack Usage for I2C2_IRQHandler 0x0 bytes.
Stack Usage for PVD_VDDIO_IRQHandler 0x0 bytes.
Stack Usage for RCC_IRQHandler 0x0 bytes.
Stack Usage for RTC_IRQHandler 0x0 bytes.
Stack Usage for SPI1_IRQHandler 0x0 bytes.
Stack Usage for SPI2_IRQHandler 0x0 bytes.
Stack Usage for TIM14_IRQHandler 0x0 bytes.
Stack Usage for TIM15_IRQHandler 0x0 bytes.
Stack Usage for TIM16_IRQHandler 0x0 bytes.
Stack Usage for TIM17_IRQHandler 0x0 bytes.
Stack Usage for TIM1_BRK_UP_TRG_COM_IRQHandler 0x0 bytes.
Stack Usage for TIM1_CC_IRQHandler 0x0 bytes.
Stack Usage for TIM6_IRQHandler 0x0 bytes.
Stack Usage for USB_IRQHandler 0x0 bytes.
Stack Usage for WWDG_IRQHandler 0x0 bytes.
Stack Usage for __aeabi_uidiv 0xc bytes.
Stack Usage for __aeabi_uidivmod 0xc bytes.
Stack Usage for __aeabi_memcpy 0x0 bytes.
Stack Usage for __aeabi_memcpy4 0x0 bytes.
Stack Usage for __aeabi_memcpy8 0x0 bytes.
Stack Usage for __aeabi_uldivmod 0x30 bytes.
Stack Usage for __I$use$fp 0x30 bytes.
Stack Usage for __aeabi_dadd 0x30 bytes.
Stack Usage for __aeabi_dsub 0x8 bytes.
Stack Usage for __aeabi_drsub 0x8 bytes.
Stack Usage for __aeabi_dmul 0x48 bytes.
Stack Usage for __aeabi_ddiv 0x28 bytes.
Stack Usage for __aeabi_d2ulz 0x8 bytes.
Stack Usage for __aeabi_cdrcmple 0x0 bytes.
Stack Usage for __scatterload 0x0 bytes.
Stack Usage for __scatterload_rt2 0x0 bytes.
Stack Usage for __aeabi_llsl 0x8 bytes.
Stack Usage for _ll_shift_l 0x8 bytes.
Stack Usage for __aeabi_llsr 0x8 bytes.
Stack Usage for _ll_ushift_r 0x8 bytes.
Stack Usage for __aeabi_lasr 0x8 bytes.
Stack Usage for _ll_sshift_r 0x8 bytes.
Stack Usage for _double_round 0x8 bytes.
Stack Usage for _double_epilogue 0x30 bytes.
Stack Usage for GPIO_Init 0x14 bytes.
Stack Usage for GPIO_PinAFConfig 0x8 bytes.
Stack Usage for HardFault_Handler 0x0 bytes.
Stack Usage for NMI_Handler 0x0 bytes.
Stack Usage for NVIC_Init 0xc bytes.
Stack Usage for PendSV_Handler 0x0 bytes.
Stack Usage for RCC_AHBPeriphClockCmd 0x0 bytes.
Stack Usage for RCC_APB1PeriphClockCmd 0x0 bytes.
Stack Usage for RCC_GetClocksFreq 0x18 bytes.
Stack Usage for SVC_Handler 0x0 bytes.
Stack Usage for SysTick_Handler 0x0 bytes.
Stack Usage for SystemInit 0x8 bytes.
Stack Usage for TIM3_IRQHandler 0x8 bytes.
Stack Usage for TIM_ClearITPendingBit 0x0 bytes.
Stack Usage for TIM_Cmd 0x0 bytes.
Stack Usage for TIM_GetITStatus 0x0 bytes.
Stack Usage for TIM_ITConfig 0x0 bytes.
Stack Usage for TIM_TimeBaseInit 0x8 bytes.
Stack Usage for USART1_IRQHandler 0x0 bytes.
Stack Usage for USART2_IRQHandler 0x0 bytes.
Stack Usage for USART_Cmd 0x0 bytes.
Stack Usage for USART_GetFlagStatus 0x0 bytes.
Stack Usage for USART_Init 0x38 bytes.
Stack Usage for USART_SendData 0x0 bytes.
Stack Usage for __0printf 0x18 bytes.
Stack Usage for __1printf 0x18 bytes.
Stack Usage for __2printf 0x18 bytes.
Stack Usage for __c89printf 0x18 bytes.
Stack Usage for printf 0x18 bytes.
Stack Usage for __ARM_clz 0x0 bytes.
Stack Usage for __scatterload_copy unknown bytes.
Stack Usage for __scatterload_null unknown bytes.
Stack Usage for __scatterload_zeroinit unknown bytes.
Stack Usage for conf_gpio_output 0x18 bytes.
Stack Usage for fputc 0x8 bytes.
Stack Usage for ft_uart_info_get 0x0 bytes.
Stack Usage for ft_uart_init 0x38 bytes.
Stack Usage for ft_uart_put 0x8 bytes.
Stack Usage for main 0x0 bytes.
Stack Usage for set_gpio_value 0x0 bytes.
Stack Usage for timer_handler 0x8 bytes.
Stack Usage for timer_handler_register 0x0 bytes.
Stack Usage for timer_init 0x20 bytes.
Stack Usage for trace_init 0x60 bytes.
Stack Usage for SetSysClock 0x14 bytes.
Stack Usage for _fp_digits 0x40 bytes.
Stack Usage for _printf_core 0x80 bytes.
Stack Usage for _printf_post_padding 0x18 bytes.
Stack Usage for _printf_pre_padding 0x28 bytes.

Potential Stack Usage Inaccuracies.

Mutually recursive functions.

 * ADC1_IRQHandler => ADC1_IRQHandler

Untraceable function pointers.

 * ADC1_IRQHandler from startup_ft32f072xb.o(.text) referenced from startup_ft32f072xb.o(RESET)
 * DMA1_Channel1_IRQHandler from startup_ft32f072xb.o(.text) referenced from startup_ft32f072xb.o(RESET)
 * DMA1_Channel2_3_IRQHandler from startup_ft32f072xb.o(.text) referenced from startup_ft32f072xb.o(RESET)
 * DMA1_Channel4_5_IRQHandler from startup_ft32f072xb.o(.text) referenced from startup_ft32f072xb.o(RESET)
 * EXTI0_1_IRQHandler from startup_ft32f072xb.o(.text) referenced from startup_ft32f072xb.o(RESET)
 * EXTI2_3_IRQHandler from startup_ft32f072xb.o(.text) referenced from startup_ft32f072xb.o(RESET)
 * EXTI4_15_IRQHandler from startup_ft32f072xb.o(.text) referenced from startup_ft32f072xb.o(RESET)
 * FLASH_IRQHandler from startup_ft32f072xb.o(.text) referenced from startup_ft32f072xb.o(RESET)
 * HardFault_Handler from ft32f0xx_it.o(i.HardFault_Handler) referenced from startup_ft32f072xb.o(RESET)
 * I2C1_IRQHandler from startup_ft32f072xb.o(.text) referenced from startup_ft32f072xb.o(RESET)
 * I2C2_IRQHandler from startup_ft32f072xb.o(.text) referenced from startup_ft32f072xb.o(RESET)
 * NMI_Handler from ft32f0xx_it.o(i.NMI_Handler) referenced from startup_ft32f072xb.o(RESET)
 * PVD_VDDIO_IRQHandler from startup_ft32f072xb.o(.text) referenced from startup_ft32f072xb.o(RESET)
 * PendSV_Handler from ft32f0xx_it.o(i.PendSV_Handler) referenced from startup_ft32f072xb.o(RESET)
 * RCC_IRQHandler from startup_ft32f072xb.o(.text) referenced from startup_ft32f072xb.o(RESET)
 * RTC_IRQHandler from startup_ft32f072xb.o(.text) referenced from startup_ft32f072xb.o(RESET)
 * Reset_Handler from startup_ft32f072xb.o(.text) referenced from startup_ft32f072xb.o(RESET)
 * SPI1_IRQHandler from startup_ft32f072xb.o(.text) referenced from startup_ft32f072xb.o(RESET)
 * SPI2_IRQHandler from startup_ft32f072xb.o(.text) referenced from startup_ft32f072xb.o(RESET)
 * SVC_Handler from ft32f0xx_it.o(i.SVC_Handler) referenced from startup_ft32f072xb.o(RESET)
 * SysTick_Handler from ft32f0xx_it.o(i.SysTick_Handler) referenced from startup_ft32f072xb.o(RESET)
 * SystemInit from system_ft32f0xx.o(i.SystemInit) referenced from startup_ft32f072xb.o(.text)
 * TIM14_IRQHandler from startup_ft32f072xb.o(.text) referenced from startup_ft32f072xb.o(RESET)
 * TIM15_IRQHandler from startup_ft32f072xb.o(.text) referenced from startup_ft32f072xb.o(RESET)
 * TIM16_IRQHandler from startup_ft32f072xb.o(.text) referenced from startup_ft32f072xb.o(RESET)
 * TIM17_IRQHandler from startup_ft32f072xb.o(.text) referenced from startup_ft32f072xb.o(RESET)
 * TIM1_BRK_UP_TRG_COM_IRQHandler from startup_ft32f072xb.o(.text) referenced from startup_ft32f072xb.o(RESET)
 * TIM1_CC_IRQHandler from startup_ft32f072xb.o(.text) referenced from startup_ft32f072xb.o(RESET)
 * TIM3_IRQHandler from ft_timer.o(i.TIM3_IRQHandler) referenced from startup_ft32f072xb.o(RESET)
 * TIM6_IRQHandler from startup_ft32f072xb.o(.text) referenced from startup_ft32f072xb.o(RESET)
 * USART1_IRQHandler from ft_usart.o(i.USART1_IRQHandler) referenced from startup_ft32f072xb.o(RESET)
 * USART2_IRQHandler from ft_usart.o(i.USART2_IRQHandler) referenced from startup_ft32f072xb.o(RESET)
 * USB_IRQHandler from startup_ft32f072xb.o(.text) referenced from startup_ft32f072xb.o(RESET)
 * WWDG_IRQHandler from startup_ft32f072xb.o(.text) referenced from startup_ft32f072xb.o(RESET)
 * __main from entry.o(.ARM.Collect$$$$00000000) referenced from startup_ft32f072xb.o(.text)
 * fputc from retarget.o(i.fputc) referenced from printfa.o(i.__0printf)
 * main from main.o(i.main) referenced from entry9a.o(.ARM.Collect$$$$0000000B)
 * timer_handler from main.o(i.timer_handler) referenced from main.o(i.main)

==============================================================================

Image Symbol Table

    Local Symbols

    Symbol Name                              Value     Ov Type        Size  Object(Section)

    ../Libraries/CMSIS/Device/FT/FT32F0xx/Source/Templates/arm/startup_ft32f072xb.s 0x00000000   Number         0  startup_ft32f072xb.o ABSOLUTE
    ../Libraries/CMSIS/Device/FT/FT32F0xx/Source/Templates/system_ft32f0xx.c 0x00000000   Number         0  system_ft32f0xx.o ABSOLUTE
    ../Libraries/CMSIS/Device/FT/FT32F0xx/Source/Templates/system_ft32f0xx.c 0x00000000   Number         0  system_ft32f0xx.o ABSOLUTE
    ../Libraries/FT32F0xx_StdPeriph_Driver/src/FT32f0xx_adc.c 0x00000000   Number         0  FT32f0xx_adc.o ABSOLUTE
    ../Libraries/FT32F0xx_StdPeriph_Driver/src/FT32f0xx_adc.c 0x00000000   Number         0  FT32f0xx_adc.o ABSOLUTE
    ../Libraries/FT32F0xx_StdPeriph_Driver/src/FT32f0xx_comp.c 0x00000000   Number         0  FT32f0xx_comp.o ABSOLUTE
    ../Libraries/FT32F0xx_StdPeriph_Driver/src/FT32f0xx_comp.c 0x00000000   Number         0  FT32f0xx_comp.o ABSOLUTE
    ../Libraries/FT32F0xx_StdPeriph_Driver/src/FT32f0xx_crc.c 0x00000000   Number         0  FT32f0xx_crc.o ABSOLUTE
    ../Libraries/FT32F0xx_StdPeriph_Driver/src/FT32f0xx_crc.c 0x00000000   Number         0  FT32f0xx_crc.o ABSOLUTE
    ../Libraries/FT32F0xx_StdPeriph_Driver/src/FT32f0xx_crs.c 0x00000000   Number         0  FT32f0xx_crs.o ABSOLUTE
    ../Libraries/FT32F0xx_StdPeriph_Driver/src/FT32f0xx_crs.c 0x00000000   Number         0  FT32f0xx_crs.o ABSOLUTE
    ../Libraries/FT32F0xx_StdPeriph_Driver/src/FT32f0xx_dac.c 0x00000000   Number         0  FT32f0xx_dac.o ABSOLUTE
    ../Libraries/FT32F0xx_StdPeriph_Driver/src/FT32f0xx_dac.c 0x00000000   Number         0  FT32f0xx_dac.o ABSOLUTE
    ../Libraries/FT32F0xx_StdPeriph_Driver/src/FT32f0xx_dbgmcu.c 0x00000000   Number         0  FT32f0xx_dbgmcu.o ABSOLUTE
    ../Libraries/FT32F0xx_StdPeriph_Driver/src/FT32f0xx_dbgmcu.c 0x00000000   Number         0  FT32f0xx_dbgmcu.o ABSOLUTE
    ../Libraries/FT32F0xx_StdPeriph_Driver/src/FT32f0xx_dma.c 0x00000000   Number         0  FT32f0xx_dma.o ABSOLUTE
    ../Libraries/FT32F0xx_StdPeriph_Driver/src/FT32f0xx_dma.c 0x00000000   Number         0  FT32f0xx_dma.o ABSOLUTE
    ../Libraries/FT32F0xx_StdPeriph_Driver/src/FT32f0xx_exti.c 0x00000000   Number         0  FT32f0xx_exti.o ABSOLUTE
    ../Libraries/FT32F0xx_StdPeriph_Driver/src/FT32f0xx_exti.c 0x00000000   Number         0  FT32f0xx_exti.o ABSOLUTE
    ../Libraries/FT32F0xx_StdPeriph_Driver/src/FT32f0xx_flash.c 0x00000000   Number         0  FT32f0xx_flash.o ABSOLUTE
    ../Libraries/FT32F0xx_StdPeriph_Driver/src/FT32f0xx_flash.c 0x00000000   Number         0  FT32f0xx_flash.o ABSOLUTE
    ../Libraries/FT32F0xx_StdPeriph_Driver/src/FT32f0xx_gpio.c 0x00000000   Number         0  FT32f0xx_gpio.o ABSOLUTE
    ../Libraries/FT32F0xx_StdPeriph_Driver/src/FT32f0xx_gpio.c 0x00000000   Number         0  FT32f0xx_gpio.o ABSOLUTE
    ../Libraries/FT32F0xx_StdPeriph_Driver/src/FT32f0xx_i2c.c 0x00000000   Number         0  FT32f0xx_i2c.o ABSOLUTE
    ../Libraries/FT32F0xx_StdPeriph_Driver/src/FT32f0xx_i2c.c 0x00000000   Number         0  FT32f0xx_i2c.o ABSOLUTE
    ../Libraries/FT32F0xx_StdPeriph_Driver/src/FT32f0xx_iwdg.c 0x00000000   Number         0  FT32f0xx_iwdg.o ABSOLUTE
    ../Libraries/FT32F0xx_StdPeriph_Driver/src/FT32f0xx_iwdg.c 0x00000000   Number         0  FT32f0xx_iwdg.o ABSOLUTE
    ../Libraries/FT32F0xx_StdPeriph_Driver/src/FT32f0xx_misc.c 0x00000000   Number         0  FT32f0xx_misc.o ABSOLUTE
    ../Libraries/FT32F0xx_StdPeriph_Driver/src/FT32f0xx_misc.c 0x00000000   Number         0  FT32f0xx_misc.o ABSOLUTE
    ../Libraries/FT32F0xx_StdPeriph_Driver/src/FT32f0xx_opa.c 0x00000000   Number         0  FT32f0xx_opa.o ABSOLUTE
    ../Libraries/FT32F0xx_StdPeriph_Driver/src/FT32f0xx_opa.c 0x00000000   Number         0  FT32f0xx_opa.o ABSOLUTE
    ../Libraries/FT32F0xx_StdPeriph_Driver/src/FT32f0xx_pwr.c 0x00000000   Number         0  FT32f0xx_pwr.o ABSOLUTE
    ../Libraries/FT32F0xx_StdPeriph_Driver/src/FT32f0xx_pwr.c 0x00000000   Number         0  FT32f0xx_pwr.o ABSOLUTE
    ../Libraries/FT32F0xx_StdPeriph_Driver/src/FT32f0xx_rcc.c 0x00000000   Number         0  FT32f0xx_rcc.o ABSOLUTE
    ../Libraries/FT32F0xx_StdPeriph_Driver/src/FT32f0xx_rcc.c 0x00000000   Number         0  FT32f0xx_rcc.o ABSOLUTE
    ../Libraries/FT32F0xx_StdPeriph_Driver/src/FT32f0xx_rtc.c 0x00000000   Number         0  FT32f0xx_rtc.o ABSOLUTE
    ../Libraries/FT32F0xx_StdPeriph_Driver/src/FT32f0xx_rtc.c 0x00000000   Number         0  FT32f0xx_rtc.o ABSOLUTE
    ../Libraries/FT32F0xx_StdPeriph_Driver/src/FT32f0xx_spi.c 0x00000000   Number         0  FT32f0xx_spi.o ABSOLUTE
    ../Libraries/FT32F0xx_StdPeriph_Driver/src/FT32f0xx_spi.c 0x00000000   Number         0  FT32f0xx_spi.o ABSOLUTE
    ../Libraries/FT32F0xx_StdPeriph_Driver/src/FT32f0xx_syscfg.c 0x00000000   Number         0  FT32f0xx_syscfg.o ABSOLUTE
    ../Libraries/FT32F0xx_StdPeriph_Driver/src/FT32f0xx_syscfg.c 0x00000000   Number         0  FT32f0xx_syscfg.o ABSOLUTE
    ../Libraries/FT32F0xx_StdPeriph_Driver/src/FT32f0xx_tim.c 0x00000000   Number         0  FT32f0xx_tim.o ABSOLUTE
    ../Libraries/FT32F0xx_StdPeriph_Driver/src/FT32f0xx_tim.c 0x00000000   Number         0  FT32f0xx_tim.o ABSOLUTE
    ../Libraries/FT32F0xx_StdPeriph_Driver/src/FT32f0xx_usart.c 0x00000000   Number         0  FT32f0xx_usart.o ABSOLUTE
    ../Libraries/FT32F0xx_StdPeriph_Driver/src/FT32f0xx_usart.c 0x00000000   Number         0  FT32f0xx_usart.o ABSOLUTE
    ../Libraries/FT32F0xx_StdPeriph_Driver/src/FT32f0xx_wwdg.c 0x00000000   Number         0  FT32f0xx_wwdg.o ABSOLUTE
    ../Libraries/FT32F0xx_StdPeriph_Driver/src/FT32f0xx_wwdg.c 0x00000000   Number         0  FT32f0xx_wwdg.o ABSOLUTE
    ../Utilities/FT32_EVAL/FT32f072X8_EVAL/FT32F072X8_eval.c 0x00000000   Number         0  FT32F072X8_eval.o ABSOLUTE
    ../Utilities/FT32_EVAL/FT32f072X8_EVAL/FT32F072X8_eval.c 0x00000000   Number         0  FT32F072X8_eval.o ABSOLUTE
    ../apps/fct/uart/ft32f0xx_it.c           0x00000000   Number         0  ft32f0xx_it.o ABSOLUTE
    ../apps/fct/uart/ft32f0xx_it.c           0x00000000   Number         0  ft32f0xx_it.o ABSOLUTE
    ../apps/fct/uart/main.c                  0x00000000   Number         0  main.o ABSOLUTE
    ../apps/fct/uart/main.c                  0x00000000   Number         0  main.o ABSOLUTE
    ../clib/microlib/division.c              0x00000000   Number         0  uidiv.o ABSOLUTE
    ../clib/microlib/division.c              0x00000000   Number         0  uldiv.o ABSOLUTE
    ../clib/microlib/division.c              0x00000000   Number         0  idiv.o ABSOLUTE
    ../clib/microlib/init/entry.s            0x00000000   Number         0  entry11a.o ABSOLUTE
    ../clib/microlib/init/entry.s            0x00000000   Number         0  entry10b.o ABSOLUTE
    ../clib/microlib/init/entry.s            0x00000000   Number         0  entry10a.o ABSOLUTE
    ../clib/microlib/init/entry.s            0x00000000   Number         0  entry9b.o ABSOLUTE
    ../clib/microlib/init/entry.s            0x00000000   Number         0  entry9a.o ABSOLUTE
    ../clib/microlib/init/entry.s            0x00000000   Number         0  entry8b.o ABSOLUTE
    ../clib/microlib/init/entry.s            0x00000000   Number         0  entry8a.o ABSOLUTE
    ../clib/microlib/init/entry.s            0x00000000   Number         0  entry.o ABSOLUTE
    ../clib/microlib/init/entry.s            0x00000000   Number         0  entry7b.o ABSOLUTE
    ../clib/microlib/init/entry.s            0x00000000   Number         0  entry7a.o ABSOLUTE
    ../clib/microlib/init/entry.s            0x00000000   Number         0  entry5.o ABSOLUTE
    ../clib/microlib/init/entry.s            0x00000000   Number         0  entry2.o ABSOLUTE
    ../clib/microlib/init/entry.s            0x00000000   Number         0  entry11b.o ABSOLUTE
    ../clib/microlib/longlong.c              0x00000000   Number         0  llushr.o ABSOLUTE
    ../clib/microlib/longlong.c              0x00000000   Number         0  llshl.o ABSOLUTE
    ../clib/microlib/longlong.c              0x00000000   Number         0  llsshr.o ABSOLUTE
    ../clib/microlib/printf/printf.c         0x00000000   Number         0  printf0.o ABSOLUTE
    ../clib/microlib/printf/printf.c         0x00000000   Number         0  printfb.o ABSOLUTE
    ../clib/microlib/printf/printf.c         0x00000000   Number         0  printf8.o ABSOLUTE
    ../clib/microlib/printf/printf.c         0x00000000   Number         0  printfa.o ABSOLUTE
    ../clib/microlib/printf/printf.c         0x00000000   Number         0  printf7.o ABSOLUTE
    ../clib/microlib/printf/printf.c         0x00000000   Number         0  printf6.o ABSOLUTE
    ../clib/microlib/printf/printf.c         0x00000000   Number         0  printf5.o ABSOLUTE
    ../clib/microlib/printf/printf.c         0x00000000   Number         0  printf4.o ABSOLUTE
    ../clib/microlib/printf/printf.c         0x00000000   Number         0  printf1.o ABSOLUTE
    ../clib/microlib/printf/printf.c         0x00000000   Number         0  printf2.o ABSOLUTE
    ../clib/microlib/printf/printf.c         0x00000000   Number         0  printf3.o ABSOLUTE
    ../clib/microlib/printf/stubs.s          0x00000000   Number         0  stubs.o ABSOLUTE
    ../clib/microlib/string/memcpy.c         0x00000000   Number         0  memcpya.o ABSOLUTE
    ../clib/microlib/string/memcpy.c         0x00000000   Number         0  memcpyb.o ABSOLUTE
    ../clib/microlib/string/memset.c         0x00000000   Number         0  memseta.o ABSOLUTE
    ../clib/microlib/string/strcmp.c         0x00000000   Number         0  strcmp.o ABSOLUTE
    ../clib/microlib/string/strlen.c         0x00000000   Number         0  strlen.o ABSOLUTE
    ../clib/microlib/string/strncmp.c        0x00000000   Number         0  strncmp.o ABSOLUTE
    ../clib/microlib/stubs.s                 0x00000000   Number         0  iusefp.o ABSOLUTE
    ../develop_lib/ft_lib/LetterShell/shell.c 0x00000000   Number         0  shell.o ABSOLUTE
    ../develop_lib/ft_lib/LetterShell/shell_cmd_list.c 0x00000000   Number         0  shell_cmd_list.o ABSOLUTE
    ../develop_lib/ft_lib/LetterShell/shell_custom_cmd.c 0x00000000   Number         0  shell_custom_cmd.o ABSOLUTE
    ../develop_lib/ft_lib/LetterShell/shell_custom_cmd.c 0x00000000   Number         0  shell_custom_cmd.o ABSOLUTE
    ../develop_lib/ft_lib/LetterShell/shell_ext.c 0x00000000   Number         0  shell_ext.o ABSOLUTE
    ../develop_lib/ft_lib/LetterShell/shell_port.c 0x00000000   Number         0  shell_port.o ABSOLUTE
    ../develop_lib/ft_lib/LetterShell/shell_port.c 0x00000000   Number         0  shell_port.o ABSOLUTE
    ../develop_lib/ft_lib/deprecated/ft_delay.c 0x00000000   Number         0  ft_delay.o ABSOLUTE
    ../develop_lib/ft_lib/deprecated/ft_delay.c 0x00000000   Number         0  ft_delay.o ABSOLUTE
    ../develop_lib/ft_lib/gpio/ft_gpio.c     0x00000000   Number         0  ft_gpio.o ABSOLUTE
    ../develop_lib/ft_lib/gpio/ft_gpio.c     0x00000000   Number         0  ft_gpio.o ABSOLUTE
    ../develop_lib/ft_lib/i2c/ft_i2c.c       0x00000000   Number         0  ft_i2c.o ABSOLUTE
    ../develop_lib/ft_lib/i2c/ft_i2c.c       0x00000000   Number         0  ft_i2c.o ABSOLUTE
    ../develop_lib/ft_lib/timer/ft_timer.c   0x00000000   Number         0  ft_timer.o ABSOLUTE
    ../develop_lib/ft_lib/timer/ft_timer.c   0x00000000   Number         0  ft_timer.o ABSOLUTE
    ../develop_lib/ft_lib/usart/ft_usart.c   0x00000000   Number         0  ft_usart.o ABSOLUTE
    ../develop_lib/ft_lib/usart/ft_usart.c   0x00000000   Number         0  ft_usart.o ABSOLUTE
    ../develop_lib/ft_lib/usart/retarget.c   0x00000000   Number         0  retarget.o ABSOLUTE
    ../develop_lib/ft_lib/usart/retarget.c   0x00000000   Number         0  retarget.o ABSOLUTE
    ../develop_lib/hardware/st7789/st7789.c  0x00000000   Number         0  st7789.o ABSOLUTE
    ../develop_lib/hardware/st7789/st7789.c  0x00000000   Number         0  st7789.o ABSOLUTE
    ../develop_lib/middle_api/mid_bk953x/mid_bk953x.c 0x00000000   Number         0  mid_bk953x.o ABSOLUTE
    ../develop_lib/middle_api/mid_bk953x/mid_bk953x.c 0x00000000   Number         0  mid_bk953x.o ABSOLUTE
    ../develop_lib/middle_api/tft_8080/tft_8080.c 0x00000000   Number         0  tft_8080.o ABSOLUTE
    ../develop_lib/middle_api/trace/trace.c  0x00000000   Number         0  trace.o ABSOLUTE
    ../develop_lib/middle_api/trace/trace.c  0x00000000   Number         0  trace.o ABSOLUTE
    ../fplib/microlib/fpadd.c                0x00000000   Number         0  dadd.o ABSOLUTE
    ../fplib/microlib/fpdiv.c                0x00000000   Number         0  ddiv.o ABSOLUTE
    ../fplib/microlib/fpdiv.c                0x00000000   Number         0  fdiv.o ABSOLUTE
    ../fplib/microlib/fpepilogue.c           0x00000000   Number         0  depilogue.o ABSOLUTE
    ../fplib/microlib/fpepilogue.c           0x00000000   Number         0  fepilogue.o ABSOLUTE
    ../fplib/microlib/fpfix.c                0x00000000   Number         0  dfixul.o ABSOLUTE
    ../fplib/microlib/fpflt.c                0x00000000   Number         0  fflti.o ABSOLUTE
    ../fplib/microlib/fpflt.c                0x00000000   Number         0  ffltui.o ABSOLUTE
    ../fplib/microlib/fpmul.c                0x00000000   Number         0  dmul.o ABSOLUTE
    ../fplib/microlib/fpmul.c                0x00000000   Number         0  fmul.o ABSOLUTE
    cdrcmple.s                               0x00000000   Number         0  cdrcmple.o ABSOLUTE
    dc.s                                     0x00000000   Number         0  dc.o ABSOLUTE
    handlers.s                               0x00000000   Number         0  handlers.o ABSOLUTE
    init.s                                   0x00000000   Number         0  init.o ABSOLUTE
    RESET                                    0x08000000   Section      192  startup_ft32f072xb.o(RESET)
    .ARM.Collect$$$$00000000                 0x080000c0   Section        0  entry.o(.ARM.Collect$$$$00000000)
    .ARM.Collect$$$$00000001                 0x080000c0   Section        4  entry2.o(.ARM.Collect$$$$00000001)
    .ARM.Collect$$$$00000004                 0x080000c4   Section        4  entry5.o(.ARM.Collect$$$$00000004)
    .ARM.Collect$$$$00000008                 0x080000c8   Section        0  entry7b.o(.ARM.Collect$$$$00000008)
    .ARM.Collect$$$$0000000A                 0x080000c8   Section        0  entry8b.o(.ARM.Collect$$$$0000000A)
    .ARM.Collect$$$$0000000B                 0x080000c8   Section        8  entry9a.o(.ARM.Collect$$$$0000000B)
    .ARM.Collect$$$$0000000D                 0x080000d0   Section        0  entry10a.o(.ARM.Collect$$$$0000000D)
    .ARM.Collect$$$$0000000F                 0x080000d0   Section        0  entry11a.o(.ARM.Collect$$$$0000000F)
    .ARM.Collect$$$$00002712                 0x080000d0   Section        4  entry2.o(.ARM.Collect$$$$00002712)
    __lit__00000000                          0x080000d0   Data           4  entry2.o(.ARM.Collect$$$$00002712)
    .text                                    0x080000d4   Section       88  startup_ft32f072xb.o(.text)
    .text                                    0x0800012c   Section        0  uidiv.o(.text)
    .text                                    0x08000158   Section        0  memcpya.o(.text)
    .text                                    0x0800017c   Section        0  uldiv.o(.text)
    .text                                    0x080001dc   Section        0  iusefp.o(.text)
    .text                                    0x080001dc   Section        0  dadd.o(.text)
    .text                                    0x08000340   Section        0  dmul.o(.text)
    .text                                    0x08000410   Section        0  ddiv.o(.text)
    .text                                    0x08000500   Section        0  dfixul.o(.text)
    .text                                    0x08000540   Section       40  cdrcmple.o(.text)
    .text                                    0x08000568   Section       36  init.o(.text)
    .text                                    0x0800058c   Section        0  llshl.o(.text)
    .text                                    0x080005ac   Section        0  llushr.o(.text)
    .text                                    0x080005ce   Section        0  llsshr.o(.text)
    .text                                    0x080005f4   Section        0  depilogue.o(.text)
    i.GPIO_Init                              0x080006b2   Section        0  FT32f0xx_gpio.o(i.GPIO_Init)
    i.GPIO_PinAFConfig                       0x08000722   Section        0  FT32f0xx_gpio.o(i.GPIO_PinAFConfig)
    i.HardFault_Handler                      0x08000742   Section        0  ft32f0xx_it.o(i.HardFault_Handler)
    i.NMI_Handler                            0x08000744   Section        0  ft32f0xx_it.o(i.NMI_Handler)
    i.NVIC_Init                              0x08000748   Section        0  FT32f0xx_misc.o(i.NVIC_Init)
    i.PendSV_Handler                         0x08000798   Section        0  ft32f0xx_it.o(i.PendSV_Handler)
    i.RCC_AHBPeriphClockCmd                  0x0800079c   Section        0  FT32f0xx_rcc.o(i.RCC_AHBPeriphClockCmd)
    i.RCC_APB1PeriphClockCmd                 0x080007b4   Section        0  FT32f0xx_rcc.o(i.RCC_APB1PeriphClockCmd)
    i.RCC_GetClocksFreq                      0x080007cc   Section        0  FT32f0xx_rcc.o(i.RCC_GetClocksFreq)
    i.SVC_Handler                            0x080008bc   Section        0  ft32f0xx_it.o(i.SVC_Handler)
    i.SetSysClock                            0x080008c0   Section        0  system_ft32f0xx.o(i.SetSysClock)
    SetSysClock                              0x080008c1   Thumb Code   136  system_ft32f0xx.o(i.SetSysClock)
    i.SysTick_Handler                        0x08000950   Section        0  ft32f0xx_it.o(i.SysTick_Handler)
    i.SystemInit                             0x08000954   Section        0  system_ft32f0xx.o(i.SystemInit)
    i.TIM3_IRQHandler                        0x080009b4   Section        0  ft_timer.o(i.TIM3_IRQHandler)
    i.TIM_ClearITPendingBit                  0x080009f0   Section        0  FT32f0xx_tim.o(i.TIM_ClearITPendingBit)
    i.TIM_Cmd                                0x080009f6   Section        0  FT32f0xx_tim.o(i.TIM_Cmd)
    i.TIM_GetITStatus                        0x08000a0a   Section        0  FT32f0xx_tim.o(i.TIM_GetITStatus)
    i.TIM_ITConfig                           0x08000a22   Section        0  FT32f0xx_tim.o(i.TIM_ITConfig)
    i.TIM_TimeBaseInit                       0x08000a34   Section        0  FT32f0xx_tim.o(i.TIM_TimeBaseInit)
    i.USART1_IRQHandler                      0x08000aa8   Section        0  ft_usart.o(i.USART1_IRQHandler)
    i.USART2_IRQHandler                      0x08000aaa   Section        0  ft_usart.o(i.USART2_IRQHandler)
    i.USART_Cmd                              0x08000aac   Section        0  FT32f0xx_usart.o(i.USART_Cmd)
    i.USART_GetFlagStatus                    0x08000ac0   Section        0  FT32f0xx_usart.o(i.USART_GetFlagStatus)
    i.USART_Init                             0x08000ad0   Section        0  FT32f0xx_usart.o(i.USART_Init)
    i.USART_SendData                         0x08000b6c   Section        0  FT32f0xx_usart.o(i.USART_SendData)
    i.__0printf                              0x08000b74   Section        0  printfa.o(i.__0printf)
    i.__ARM_clz                              0x08000b94   Section        0  depilogue.o(i.__ARM_clz)
    i.__scatterload_copy                     0x08000bc2   Section       14  handlers.o(i.__scatterload_copy)
    i.__scatterload_null                     0x08000bd0   Section        2  handlers.o(i.__scatterload_null)
    i.__scatterload_zeroinit                 0x08000bd2   Section       14  handlers.o(i.__scatterload_zeroinit)
    i._fp_digits                             0x08000be0   Section        0  printfa.o(i._fp_digits)
    _fp_digits                               0x08000be1   Thumb Code   344  printfa.o(i._fp_digits)
    i._printf_core                           0x08000d54   Section        0  printfa.o(i._printf_core)
    _printf_core                             0x08000d55   Thumb Code  1754  printfa.o(i._printf_core)
    i._printf_post_padding                   0x08001440   Section        0  printfa.o(i._printf_post_padding)
    _printf_post_padding                     0x08001441   Thumb Code    32  printfa.o(i._printf_post_padding)
    i._printf_pre_padding                    0x08001460   Section        0  printfa.o(i._printf_pre_padding)
    _printf_pre_padding                      0x08001461   Thumb Code    44  printfa.o(i._printf_pre_padding)
    i.conf_gpio_output                       0x0800148c   Section        0  ft_gpio.o(i.conf_gpio_output)
    i.fputc                                  0x080014b4   Section        0  retarget.o(i.fputc)
    i.ft_uart_info_get                       0x080014c4   Section        0  ft_usart.o(i.ft_uart_info_get)
    i.ft_uart_init                           0x080014fc   Section        0  ft_usart.o(i.ft_uart_init)
    i.ft_uart_put                            0x08001598   Section        0  ft_usart.o(i.ft_uart_put)
    i.main                                   0x080015d4   Section        0  main.o(i.main)
    i.set_gpio_value                         0x08001648   Section        0  ft_gpio.o(i.set_gpio_value)
    i.timer_handler                          0x08001654   Section        0  main.o(i.timer_handler)
    i.timer_handler_register                 0x08001690   Section        0  ft_timer.o(i.timer_handler_register)
    i.timer_init                             0x0800169c   Section        0  ft_timer.o(i.timer_init)
    i.trace_init                             0x08001708   Section        0  trace.o(i.trace_init)
    .conststring                             0x08001748   Section       78  main.o(.conststring)
    .data                                    0x20000000   Section       20  system_ft32f0xx.o(.data)
    .data                                    0x20000014   Section        2  main.o(.data)
    cnt                                      0x20000014   Data           2  main.o(.data)
    .data                                    0x20000016   Section       16  FT32f0xx_rcc.o(.data)
    APBAHBPrescTable                         0x20000016   Data          16  FT32f0xx_rcc.o(.data)
    .data                                    0x20000028   Section       16  ft_timer.o(.data)
    prescaler_value                          0x20000028   Data           2  ft_timer.o(.data)
    m_timer_handler                          0x2000002c   Data           4  ft_timer.o(.data)
    m_timer_tick                             0x20000030   Data           8  ft_timer.o(.data)
    .data                                    0x20000038   Section        4  retarget.o(.data)
    STACK                                    0x20000040   Section     1024  startup_ft32f072xb.o(STACK)

    Global Symbols

    Symbol Name                              Value     Ov Type        Size  Object(Section)

    BuildAttributes$$THM_ISAv3M$S$PE$A:L22$X:L11$S22$IEEE1$IW$USESV6$~STKCKD$USESV7$~SHL$OTIME$ROPI$EBA8$MICROLIB$REQ8$PRES8$EABIv2 0x00000000   Number         0  anon$$obj.o ABSOLUTE
    __ARM_use_no_argv                        0x00000000   Number         0  main.o ABSOLUTE
    _printf_a                                0x00000000   Number         0  stubs.o ABSOLUTE
    _printf_c                                0x00000000   Number         0  stubs.o ABSOLUTE
    _printf_charcount                        0x00000000   Number         0  stubs.o ABSOLUTE
    _printf_d                                0x00000000   Number         0  stubs.o ABSOLUTE
    _printf_e                                0x00000000   Number         0  stubs.o ABSOLUTE
    _printf_f                                0x00000000   Number         0  stubs.o ABSOLUTE
    _printf_flags                            0x00000000   Number         0  stubs.o ABSOLUTE
    _printf_fp_dec                           0x00000000   Number         0  stubs.o ABSOLUTE
    _printf_fp_hex                           0x00000000   Number         0  stubs.o ABSOLUTE
    _printf_g                                0x00000000   Number         0  stubs.o ABSOLUTE
    _printf_i                                0x00000000   Number         0  stubs.o ABSOLUTE
    _printf_int_dec                          0x00000000   Number         0  stubs.o ABSOLUTE
    _printf_l                                0x00000000   Number         0  stubs.o ABSOLUTE
    _printf_lc                               0x00000000   Number         0  stubs.o ABSOLUTE
    _printf_ll                               0x00000000   Number         0  stubs.o ABSOLUTE
    _printf_lld                              0x00000000   Number         0  stubs.o ABSOLUTE
    _printf_lli                              0x00000000   Number         0  stubs.o ABSOLUTE
    _printf_llo                              0x00000000   Number         0  stubs.o ABSOLUTE
    _printf_llu                              0x00000000   Number         0  stubs.o ABSOLUTE
    _printf_llx                              0x00000000   Number         0  stubs.o ABSOLUTE
    _printf_longlong_dec                     0x00000000   Number         0  stubs.o ABSOLUTE
    _printf_longlong_hex                     0x00000000   Number         0  stubs.o ABSOLUTE
    _printf_longlong_oct                     0x00000000   Number         0  stubs.o ABSOLUTE
    _printf_ls                               0x00000000   Number         0  stubs.o ABSOLUTE
    _printf_mbtowc                           0x00000000   Number         0  stubs.o ABSOLUTE
    _printf_n                                0x00000000   Number         0  stubs.o ABSOLUTE
    _printf_o                                0x00000000   Number         0  stubs.o ABSOLUTE
    _printf_p                                0x00000000   Number         0  stubs.o ABSOLUTE
    _printf_percent                          0x00000000   Number         0  stubs.o ABSOLUTE
    _printf_pre_padding                      0x00000000   Number         0  stubs.o ABSOLUTE
    _printf_return_value                     0x00000000   Number         0  stubs.o ABSOLUTE
    _printf_s                                0x00000000   Number         0  stubs.o ABSOLUTE
    _printf_sizespec                         0x00000000   Number         0  stubs.o ABSOLUTE
    _printf_str                              0x00000000   Number         0  stubs.o ABSOLUTE
    _printf_truncate_signed                  0x00000000   Number         0  stubs.o ABSOLUTE
    _printf_truncate_unsigned                0x00000000   Number         0  stubs.o ABSOLUTE
    _printf_u                                0x00000000   Number         0  stubs.o ABSOLUTE
    _printf_wc                               0x00000000   Number         0  stubs.o ABSOLUTE
    _printf_wctomb                           0x00000000   Number         0  stubs.o ABSOLUTE
    _printf_widthprec                        0x00000000   Number         0  stubs.o ABSOLUTE
    _printf_x                                0x00000000   Number         0  stubs.o ABSOLUTE
    __cpp_initialize__aeabi_                  - Undefined Weak Reference
    __cxa_finalize                            - Undefined Weak Reference
    __decompress                              - Undefined Weak Reference
    _clock_init                               - Undefined Weak Reference
    _microlib_exit                            - Undefined Weak Reference
    shellCommand$$Base                        - Undefined Reference
    shellCommand$$Limit                       - Undefined Reference
    __Vectors_Size                           0x000000c0   Number         0  startup_ft32f072xb.o ABSOLUTE
    __Vectors                                0x08000000   Data           4  startup_ft32f072xb.o(RESET)
    __Vectors_End                            0x080000c0   Data           0  startup_ft32f072xb.o(RESET)
    __main                                   0x080000c1   Thumb Code     0  entry.o(.ARM.Collect$$$$00000000)
    _main_stk                                0x080000c1   Thumb Code     0  entry2.o(.ARM.Collect$$$$00000001)
    _main_scatterload                        0x080000c5   Thumb Code     0  entry5.o(.ARM.Collect$$$$00000004)
    __main_after_scatterload                 0x080000c9   Thumb Code     0  entry5.o(.ARM.Collect$$$$00000004)
    _main_clock                              0x080000c9   Thumb Code     0  entry7b.o(.ARM.Collect$$$$00000008)
    _main_cpp_init                           0x080000c9   Thumb Code     0  entry8b.o(.ARM.Collect$$$$0000000A)
    _main_init                               0x080000c9   Thumb Code     0  entry9a.o(.ARM.Collect$$$$0000000B)
    __rt_final_cpp                           0x080000d1   Thumb Code     0  entry10a.o(.ARM.Collect$$$$0000000D)
    __rt_final_exit                          0x080000d1   Thumb Code     0  entry11a.o(.ARM.Collect$$$$0000000F)
    Reset_Handler                            0x080000d5   Thumb Code    38  startup_ft32f072xb.o(.text)
    ADC1_IRQHandler                          0x08000105   Thumb Code     0  startup_ft32f072xb.o(.text)
    DMA1_Channel1_IRQHandler                 0x08000105   Thumb Code     0  startup_ft32f072xb.o(.text)
    DMA1_Channel2_3_IRQHandler               0x08000105   Thumb Code     0  startup_ft32f072xb.o(.text)
    DMA1_Channel4_5_IRQHandler               0x08000105   Thumb Code     0  startup_ft32f072xb.o(.text)
    EXTI0_1_IRQHandler                       0x08000105   Thumb Code     0  startup_ft32f072xb.o(.text)
    EXTI2_3_IRQHandler                       0x08000105   Thumb Code     0  startup_ft32f072xb.o(.text)
    EXTI4_15_IRQHandler                      0x08000105   Thumb Code     0  startup_ft32f072xb.o(.text)
    FLASH_IRQHandler                         0x08000105   Thumb Code     0  startup_ft32f072xb.o(.text)
    I2C1_IRQHandler                          0x08000105   Thumb Code     0  startup_ft32f072xb.o(.text)
    I2C2_IRQHandler                          0x08000105   Thumb Code     0  startup_ft32f072xb.o(.text)
    PVD_VDDIO_IRQHandler                     0x08000105   Thumb Code     0  startup_ft32f072xb.o(.text)
    RCC_IRQHandler                           0x08000105   Thumb Code     0  startup_ft32f072xb.o(.text)
    RTC_IRQHandler                           0x08000105   Thumb Code     0  startup_ft32f072xb.o(.text)
    SPI1_IRQHandler                          0x08000105   Thumb Code     0  startup_ft32f072xb.o(.text)
    SPI2_IRQHandler                          0x08000105   Thumb Code     0  startup_ft32f072xb.o(.text)
    TIM14_IRQHandler                         0x08000105   Thumb Code     0  startup_ft32f072xb.o(.text)
    TIM15_IRQHandler                         0x08000105   Thumb Code     0  startup_ft32f072xb.o(.text)
    TIM16_IRQHandler                         0x08000105   Thumb Code     0  startup_ft32f072xb.o(.text)
    TIM17_IRQHandler                         0x08000105   Thumb Code     0  startup_ft32f072xb.o(.text)
    TIM1_BRK_UP_TRG_COM_IRQHandler           0x08000105   Thumb Code     0  startup_ft32f072xb.o(.text)
    TIM1_CC_IRQHandler                       0x08000105   Thumb Code     0  startup_ft32f072xb.o(.text)
    TIM6_IRQHandler                          0x08000105   Thumb Code     0  startup_ft32f072xb.o(.text)
    USB_IRQHandler                           0x08000105   Thumb Code     0  startup_ft32f072xb.o(.text)
    WWDG_IRQHandler                          0x08000105   Thumb Code     0  startup_ft32f072xb.o(.text)
    __aeabi_uidiv                            0x0800012d   Thumb Code     0  uidiv.o(.text)
    __aeabi_uidivmod                         0x0800012d   Thumb Code    44  uidiv.o(.text)
    __aeabi_memcpy                           0x08000159   Thumb Code    36  memcpya.o(.text)
    __aeabi_memcpy4                          0x08000159   Thumb Code     0  memcpya.o(.text)
    __aeabi_memcpy8                          0x08000159   Thumb Code     0  memcpya.o(.text)
    __aeabi_uldivmod                         0x0800017d   Thumb Code    96  uldiv.o(.text)
    __I$use$fp                               0x080001dd   Thumb Code     0  iusefp.o(.text)
    __aeabi_dadd                             0x080001dd   Thumb Code   328  dadd.o(.text)
    __aeabi_dsub                             0x08000325   Thumb Code    12  dadd.o(.text)
    __aeabi_drsub                            0x08000331   Thumb Code    12  dadd.o(.text)
    __aeabi_dmul                             0x08000341   Thumb Code   202  dmul.o(.text)
    __aeabi_ddiv                             0x08000411   Thumb Code   234  ddiv.o(.text)
    __aeabi_d2ulz                            0x08000501   Thumb Code    54  dfixul.o(.text)
    __aeabi_cdrcmple                         0x08000541   Thumb Code    38  cdrcmple.o(.text)
    __scatterload                            0x08000569   Thumb Code    28  init.o(.text)
    __scatterload_rt2                        0x08000569   Thumb Code     0  init.o(.text)
    __aeabi_llsl                             0x0800058d   Thumb Code    32  llshl.o(.text)
    _ll_shift_l                              0x0800058d   Thumb Code     0  llshl.o(.text)
    __aeabi_llsr                             0x080005ad   Thumb Code    34  llushr.o(.text)
    _ll_ushift_r                             0x080005ad   Thumb Code     0  llushr.o(.text)
    __aeabi_lasr                             0x080005cf   Thumb Code    38  llsshr.o(.text)
    _ll_sshift_r                             0x080005cf   Thumb Code     0  llsshr.o(.text)
    _double_round                            0x080005f5   Thumb Code    26  depilogue.o(.text)
    _double_epilogue                         0x0800060f   Thumb Code   164  depilogue.o(.text)
    GPIO_Init                                0x080006b3   Thumb Code   112  FT32f0xx_gpio.o(i.GPIO_Init)
    GPIO_PinAFConfig                         0x08000723   Thumb Code    32  FT32f0xx_gpio.o(i.GPIO_PinAFConfig)
    HardFault_Handler                        0x08000743   Thumb Code     2  ft32f0xx_it.o(i.HardFault_Handler)
    NMI_Handler                              0x08000745   Thumb Code     2  ft32f0xx_it.o(i.NMI_Handler)
    NVIC_Init                                0x08000749   Thumb Code    70  FT32f0xx_misc.o(i.NVIC_Init)
    PendSV_Handler                           0x08000799   Thumb Code     2  ft32f0xx_it.o(i.PendSV_Handler)
    RCC_AHBPeriphClockCmd                    0x0800079d   Thumb Code    18  FT32f0xx_rcc.o(i.RCC_AHBPeriphClockCmd)
    RCC_APB1PeriphClockCmd                   0x080007b5   Thumb Code    18  FT32f0xx_rcc.o(i.RCC_APB1PeriphClockCmd)
    RCC_GetClocksFreq                        0x080007cd   Thumb Code   216  FT32f0xx_rcc.o(i.RCC_GetClocksFreq)
    SVC_Handler                              0x080008bd   Thumb Code     2  ft32f0xx_it.o(i.SVC_Handler)
    SysTick_Handler                          0x08000951   Thumb Code     2  ft32f0xx_it.o(i.SysTick_Handler)
    SystemInit                               0x08000955   Thumb Code    84  system_ft32f0xx.o(i.SystemInit)
    TIM3_IRQHandler                          0x080009b5   Thumb Code    50  ft_timer.o(i.TIM3_IRQHandler)
    TIM_ClearITPendingBit                    0x080009f1   Thumb Code     6  FT32f0xx_tim.o(i.TIM_ClearITPendingBit)
    TIM_Cmd                                  0x080009f7   Thumb Code    20  FT32f0xx_tim.o(i.TIM_Cmd)
    TIM_GetITStatus                          0x08000a0b   Thumb Code    24  FT32f0xx_tim.o(i.TIM_GetITStatus)
    TIM_ITConfig                             0x08000a23   Thumb Code    16  FT32f0xx_tim.o(i.TIM_ITConfig)
    TIM_TimeBaseInit                         0x08000a35   Thumb Code    88  FT32f0xx_tim.o(i.TIM_TimeBaseInit)
    USART1_IRQHandler                        0x08000aa9   Thumb Code     2  ft_usart.o(i.USART1_IRQHandler)
    USART2_IRQHandler                        0x08000aab   Thumb Code     2  ft_usart.o(i.USART2_IRQHandler)
    USART_Cmd                                0x08000aad   Thumb Code    20  FT32f0xx_usart.o(i.USART_Cmd)
    USART_GetFlagStatus                      0x08000ac1   Thumb Code    14  FT32f0xx_usart.o(i.USART_GetFlagStatus)
    USART_Init                               0x08000ad1   Thumb Code   140  FT32f0xx_usart.o(i.USART_Init)
    USART_SendData                           0x08000b6d   Thumb Code     8  FT32f0xx_usart.o(i.USART_SendData)
    __0printf                                0x08000b75   Thumb Code    24  printfa.o(i.__0printf)
    __1printf                                0x08000b75   Thumb Code     0  printfa.o(i.__0printf)
    __2printf                                0x08000b75   Thumb Code     0  printfa.o(i.__0printf)
    __c89printf                              0x08000b75   Thumb Code     0  printfa.o(i.__0printf)
    printf                                   0x08000b75   Thumb Code     0  printfa.o(i.__0printf)
    __ARM_clz                                0x08000b95   Thumb Code    46  depilogue.o(i.__ARM_clz)
    __scatterload_copy                       0x08000bc3   Thumb Code    14  handlers.o(i.__scatterload_copy)
    __scatterload_null                       0x08000bd1   Thumb Code     2  handlers.o(i.__scatterload_null)
    __scatterload_zeroinit                   0x08000bd3   Thumb Code    14  handlers.o(i.__scatterload_zeroinit)
    conf_gpio_output                         0x0800148d   Thumb Code    40  ft_gpio.o(i.conf_gpio_output)
    fputc                                    0x080014b5   Thumb Code    16  retarget.o(i.fputc)
    ft_uart_info_get                         0x080014c5   Thumb Code    50  ft_usart.o(i.ft_uart_info_get)
    ft_uart_init                             0x080014fd   Thumb Code   154  ft_usart.o(i.ft_uart_init)
    ft_uart_put                              0x08001599   Thumb Code    50  ft_usart.o(i.ft_uart_put)
    main                                     0x080015d5   Thumb Code    58  main.o(i.main)
    set_gpio_value                           0x08001649   Thumb Code    12  ft_gpio.o(i.set_gpio_value)
    timer_handler                            0x08001655   Thumb Code    50  main.o(i.timer_handler)
    timer_handler_register                   0x08001691   Thumb Code     6  ft_timer.o(i.timer_handler_register)
    timer_init                               0x0800169d   Thumb Code    92  ft_timer.o(i.timer_init)
    trace_init                               0x08001709   Thumb Code    64  trace.o(i.trace_init)
    Region$$Table$$Base                      0x08001798   Number         0  anon$$obj.o(Region$$Table)
    Region$$Table$$Limit                     0x080017b8   Number         0  anon$$obj.o(Region$$Table)
    SystemCoreClock                          0x20000000   Data           4  system_ft32f0xx.o(.data)
    AHBPrescTable                            0x20000004   Data          16  system_ft32f0xx.o(.data)
    __stdout                                 0x20000038   Data           4  retarget.o(.data)
    __initial_sp                             0x20000440   Data           0  startup_ft32f072xb.o(STACK)



==============================================================================

Memory Map of the image

  Image Entry point : 0x080000c1

  Load Region LR_IROM1 (Base: 0x08000000, Size: 0x000017f4, Max: 0x00010000, ABSOLUTE)

    Execution Region ER_IROM1 (Base: 0x08000000, Size: 0x000017b8, Max: 0x00010000, ABSOLUTE)

    Base Addr    Size         Type   Attr      Idx    E Section Name        Object

    0x08000000   0x000000c0   Data   RO           14    RESET               startup_ft32f072xb.o
    0x080000c0   0x00000000   Code   RO         1418  * .ARM.Collect$$$$00000000  mc_p.l(entry.o)
    0x080000c0   0x00000004   Code   RO         1706    .ARM.Collect$$$$00000001  mc_p.l(entry2.o)
    0x080000c4   0x00000004   Code   RO         1709    .ARM.Collect$$$$00000004  mc_p.l(entry5.o)
    0x080000c8   0x00000000   Code   RO         1711    .ARM.Collect$$$$00000008  mc_p.l(entry7b.o)
    0x080000c8   0x00000000   Code   RO         1713    .ARM.Collect$$$$0000000A  mc_p.l(entry8b.o)
    0x080000c8   0x00000008   Code   RO         1714    .ARM.Collect$$$$0000000B  mc_p.l(entry9a.o)
    0x080000d0   0x00000000   Code   RO         1716    .ARM.Collect$$$$0000000D  mc_p.l(entry10a.o)
    0x080000d0   0x00000000   Code   RO         1718    .ARM.Collect$$$$0000000F  mc_p.l(entry11a.o)
    0x080000d0   0x00000004   Code   RO         1707    .ARM.Collect$$$$00002712  mc_p.l(entry2.o)
    0x080000d4   0x00000058   Code   RO           15    .text               startup_ft32f072xb.o
    0x0800012c   0x0000002c   Code   RO         1421    .text               mc_p.l(uidiv.o)
    0x08000158   0x00000024   Code   RO         1425    .text               mc_p.l(memcpya.o)
    0x0800017c   0x00000060   Code   RO         1720    .text               mc_p.l(uldiv.o)
    0x080001dc   0x00000000   Code   RO         1722    .text               mc_p.l(iusefp.o)
    0x080001dc   0x00000164   Code   RO         1725    .text               mf_p.l(dadd.o)
    0x08000340   0x000000d0   Code   RO         1727    .text               mf_p.l(dmul.o)
    0x08000410   0x000000f0   Code   RO         1729    .text               mf_p.l(ddiv.o)
    0x08000500   0x00000040   Code   RO         1731    .text               mf_p.l(dfixul.o)
    0x08000540   0x00000028   Code   RO         1733    .text               mf_p.l(cdrcmple.o)
    0x08000568   0x00000024   Code   RO         1735    .text               mc_p.l(init.o)
    0x0800058c   0x00000020   Code   RO         1737    .text               mc_p.l(llshl.o)
    0x080005ac   0x00000022   Code   RO         1739    .text               mc_p.l(llushr.o)
    0x080005ce   0x00000026   Code   RO         1741    .text               mc_p.l(llsshr.o)
    0x080005f4   0x000000be   Code   RO         1743    .text               mf_p.l(depilogue.o)
    0x080006b2   0x00000070   Code   RO          368    i.GPIO_Init         FT32f0xx_gpio.o
    0x08000722   0x00000020   Code   RO          370    i.GPIO_PinAFConfig  FT32f0xx_gpio.o
    0x08000742   0x00000002   Code   RO           53    i.HardFault_Handler  ft32f0xx_it.o
    0x08000744   0x00000002   Code   RO           54    i.NMI_Handler       ft32f0xx_it.o
    0x08000746   0x00000002   PAD
    0x08000748   0x00000050   Code   RO          503    i.NVIC_Init         FT32f0xx_misc.o
    0x08000798   0x00000002   Code   RO           55    i.PendSV_Handler    ft32f0xx_it.o
    0x0800079a   0x00000002   PAD
    0x0800079c   0x00000018   Code   RO          554    i.RCC_AHBPeriphClockCmd  FT32f0xx_rcc.o
    0x080007b4   0x00000018   Code   RO          556    i.RCC_APB1PeriphClockCmd  FT32f0xx_rcc.o
    0x080007cc   0x000000f0   Code   RO          567    i.RCC_GetClocksFreq  FT32f0xx_rcc.o
    0x080008bc   0x00000002   Code   RO           56    i.SVC_Handler       ft32f0xx_it.o
    0x080008be   0x00000002   PAD
    0x080008c0   0x00000090   Code   RO            3    i.SetSysClock       system_ft32f0xx.o
    0x08000950   0x00000002   Code   RO           57    i.SysTick_Handler   ft32f0xx_it.o
    0x08000952   0x00000002   PAD
    0x08000954   0x00000060   Code   RO            5    i.SystemInit        system_ft32f0xx.o
    0x080009b4   0x0000003c   Code   RO         1358    i.TIM3_IRQHandler   ft_timer.o
    0x080009f0   0x00000006   Code   RO          823    i.TIM_ClearITPendingBit  FT32f0xx_tim.o
    0x080009f6   0x00000014   Code   RO          828    i.TIM_Cmd           FT32f0xx_tim.o
    0x08000a0a   0x00000018   Code   RO          849    i.TIM_GetITStatus   FT32f0xx_tim.o
    0x08000a22   0x00000010   Code   RO          853    i.TIM_ITConfig      FT32f0xx_tim.o
    0x08000a32   0x00000002   PAD
    0x08000a34   0x00000074   Code   RO          901    i.TIM_TimeBaseInit  FT32f0xx_tim.o
    0x08000aa8   0x00000002   Code   RO         1372    i.USART1_IRQHandler  ft_usart.o
    0x08000aaa   0x00000002   Code   RO         1373    i.USART2_IRQHandler  ft_usart.o
    0x08000aac   0x00000014   Code   RO         1007    i.USART_Cmd         FT32f0xx_usart.o
    0x08000ac0   0x0000000e   Code   RO         1015    i.USART_GetFlagStatus  FT32f0xx_usart.o
    0x08000ace   0x00000002   PAD
    0x08000ad0   0x0000009c   Code   RO         1019    i.USART_Init        FT32f0xx_usart.o
    0x08000b6c   0x00000008   Code   RO         1031    i.USART_SendData    FT32f0xx_usart.o
    0x08000b74   0x00000020   Code   RO         1670    i.__0printf         mc_p.l(printfa.o)
    0x08000b94   0x0000002e   Code   RO         1745    i.__ARM_clz         mf_p.l(depilogue.o)
    0x08000bc2   0x0000000e   Code   RO         1749    i.__scatterload_copy  mc_p.l(handlers.o)
    0x08000bd0   0x00000002   Code   RO         1750    i.__scatterload_null  mc_p.l(handlers.o)
    0x08000bd2   0x0000000e   Code   RO         1751    i.__scatterload_zeroinit  mc_p.l(handlers.o)
    0x08000be0   0x00000174   Code   RO         1677    i._fp_digits        mc_p.l(printfa.o)
    0x08000d54   0x000006ec   Code   RO         1678    i._printf_core      mc_p.l(printfa.o)
    0x08001440   0x00000020   Code   RO         1679    i._printf_post_padding  mc_p.l(printfa.o)
    0x08001460   0x0000002c   Code   RO         1680    i._printf_pre_padding  mc_p.l(printfa.o)
    0x0800148c   0x00000028   Code   RO         1298    i.conf_gpio_output  ft_gpio.o
    0x080014b4   0x00000010   Code   RO         1386    i.fputc             retarget.o
    0x080014c4   0x00000038   Code   RO         1374    i.ft_uart_info_get  ft_usart.o
    0x080014fc   0x0000009a   Code   RO         1375    i.ft_uart_init      ft_usart.o
    0x08001596   0x00000002   PAD
    0x08001598   0x0000003c   Code   RO         1376    i.ft_uart_put       ft_usart.o
    0x080015d4   0x00000074   Code   RO           67    i.main              main.o
    0x08001648   0x0000000c   Code   RO         1305    i.set_gpio_value    ft_gpio.o
    0x08001654   0x0000003c   Code   RO           68    i.timer_handler     main.o
    0x08001690   0x0000000c   Code   RO         1360    i.timer_handler_register  ft_timer.o
    0x0800169c   0x0000006c   Code   RO         1361    i.timer_init        ft_timer.o
    0x08001708   0x00000040   Code   RO         1413    i.trace_init        trace.o
    0x08001748   0x0000004e   Data   RO           69    .conststring        main.o
    0x08001796   0x00000002   PAD
    0x08001798   0x00000020   Data   RO         1747    Region$$Table       anon$$obj.o


    Execution Region RW_IRAM1 (Base: 0x20000000, Size: 0x00000440, Max: 0x00002000, ABSOLUTE)

    Base Addr    Size         Type   Attr      Idx    E Section Name        Object

    0x20000000   0x00000014   Data   RW            6    .data               system_ft32f0xx.o
    0x20000014   0x00000002   Data   RW           70    .data               main.o
    0x20000016   0x00000010   Data   RW          593    .data               FT32f0xx_rcc.o
    0x20000026   0x00000002   PAD
    0x20000028   0x00000010   Data   RW         1363    .data               ft_timer.o
    0x20000038   0x00000004   Data   RW         1387    .data               retarget.o
    0x2000003c   0x00000004   PAD
    0x20000040   0x00000400   Zero   RW           12    STACK               startup_ft32f072xb.o


==============================================================================

Image component sizes


      Code (inc. data)   RO Data    RW Data    ZI Data      Debug   Object Name

       144          0          0          0          0        144   FT32f0xx_gpio.o
        80         10          0          0          0         72   FT32f0xx_misc.o
       288         36          0         16          0        196   FT32f0xx_rcc.o
       182         28          0          0          0        308   FT32f0xx_tim.o
       198         16          0          0          0        260   FT32f0xx_usart.o
        10          0          0          0          0        300   ft32f0xx_it.o
        52          0          0          0          0        132   ft_gpio.o
       180         32          0         16          0        200   ft_timer.o
       274         16          0          0          0        340   ft_usart.o
       176         68         78          2          0        132   main.o
        16          0          0          4          0         68   retarget.o
        88         38        192          0       1024        164   startup_ft32f072xb.o
       240         20          0         20          0        140   system_ft32f0xx.o
        64          0          0          0          0         72   trace.o

    ----------------------------------------------------------------------
      2006        264        304         60       1028       2528   Object Totals
         0          0         32          0          0          0   (incl. Generated)
        14          0          2          2          4          0   (incl. Padding)

    ----------------------------------------------------------------------

      Code (inc. data)   RO Data    RW Data    ZI Data      Debug   Library Member Name

         0          0          0          0          0          0   entry.o
         0          0          0          0          0          0   entry10a.o
         0          0          0          0          0          0   entry11a.o
         8          4          0          0          0          0   entry2.o
         4          0          0          0          0          0   entry5.o
         0          0          0          0          0          0   entry7b.o
         0          0          0          0          0          0   entry8b.o
         8          4          0          0          0          0   entry9a.o
        30          0          0          0          0          0   handlers.o
        36          8          0          0          0         68   init.o
         0          0          0          0          0          0   iusefp.o
        32          0          0          0          0         68   llshl.o
        38          0          0          0          0         68   llsshr.o
        34          0          0          0          0         68   llushr.o
        36          0          0          0          0         60   memcpya.o
      2252         98          0          0          0        412   printfa.o
        44          0          0          0          0         72   uidiv.o
        96          0          0          0          0         84   uldiv.o
        40          2          0          0          0         68   cdrcmple.o
       356          4          0          0          0        140   dadd.o
       240          6          0          0          0         84   ddiv.o
       236          0          0          0          0        216   depilogue.o
        64         10          0          0          0         68   dfixul.o
       208          6          0          0          0         88   dmul.o

    ----------------------------------------------------------------------
      3762        142          0          0          0       1564   Library Totals
         0          0          0          0          0          0   (incl. Padding)

    ----------------------------------------------------------------------

      Code (inc. data)   RO Data    RW Data    ZI Data      Debug   Library Name

      2618        114          0          0          0        900   mc_p.l
      1144         28          0          0          0        664   mf_p.l

    ----------------------------------------------------------------------
      3762        142          0          0          0       1564   Library Totals

    ----------------------------------------------------------------------

==============================================================================


      Code (inc. data)   RO Data    RW Data    ZI Data      Debug   

      5768        406        304         60       1028       2036   Grand Totals
      5768        406        304         60       1028       2036   ELF Image Totals
      5768        406        304         60          0          0   ROM Totals

==============================================================================

    Total RO  Size (Code + RO Data)                 6072 (   5.93kB)
    Total RW  Size (RW Data + ZI Data)              1088 (   1.06kB)
    Total ROM Size (Code + RO Data + RW Data)       6132 (   5.99kB)

==============================================================================

