Component: ARM Compiler 5.06 update 6 (build 750) Tool: armlink [4d35ed]

==============================================================================

Section Cross References

    system_ft32f0xx.o(i.SystemCoreClockUpdate) refers to uidiv.o(.text) for __aeabi_uidivmod
    system_ft32f0xx.o(i.SystemCoreClockUpdate) refers to system_ft32f0xx.o(.data) for SystemCoreClock
    system_ft32f0xx.o(i.SystemInit) refers to system_ft32f0xx.o(i.SetSysClock) for SetSysClock
    startup_ft32f072xb.o(RESET) refers to startup_ft32f072xb.o(STACK) for __initial_sp
    startup_ft32f072xb.o(RESET) refers to startup_ft32f072xb.o(.text) for Reset_Handler
    startup_ft32f072xb.o(RESET) refers to ft32f0xx_it.o(i.NMI_Handler) for NMI_Handler
    startup_ft32f072xb.o(RESET) refers to ft32f0xx_it.o(i.HardFault_Handler) for HardFault_Handler
    startup_ft32f072xb.o(RESET) refers to ft32f0xx_it.o(i.SVC_Handler) for SVC_Handler
    startup_ft32f072xb.o(RESET) refers to ft32f0xx_it.o(i.PendSV_Handler) for PendSV_Handler
    startup_ft32f072xb.o(RESET) refers to ft32f0xx_it.o(i.SysTick_Handler) for SysTick_Handler
    startup_ft32f072xb.o(RESET) refers to ft_exit.o(i.EXTI4_15_IRQHandler) for EXTI4_15_IRQHandler
    startup_ft32f072xb.o(RESET) refers to ft_timer.o(i.TIM3_IRQHandler) for TIM3_IRQHandler
    startup_ft32f072xb.o(.text) refers to startup_ft32f072xb.o(STACK) for __initial_sp
    startup_ft32f072xb.o(.text) refers to system_ft32f0xx.o(i.SystemInit) for SystemInit
    startup_ft32f072xb.o(.text) refers to entry.o(.ARM.Collect$$$$00000000) for __main
    main.o(i.main) refers to trace.o(i.trace_init) for trace_init
    main.o(i.main) refers to ft_timer.o(i.timer_init) for timer_init
    main.o(i.main) refers to bk953x_handler.o(i.bk9532_lr_init) for bk9532_lr_init
    main.o(i.main) refers to ft_exit.o(i.exit_init) for exit_init
    main.o(i.main) refers to ft_adc.o(i.adc_init) for adc_init
    main.o(i.main) refers to printf8.o(i.__0printf$8) for __2printf
    main.o(i.main) refers to ft_adc.o(i.adc_ch_value_get) for adc_ch_value_get
    main.o(i.main) refers to ft_delay.o(i.ft_delay_ms) for ft_delay_ms
    main.o(i.timer_handler) refers to ft_gpio.o(i.set_gpio_value) for set_gpio_value
    main.o(i.timer_handler) refers to main.o(.data) for cnt
    bk953x_handler.o(i.bk9532_lr_init) refers to bk953x.o(i.bk953x_res_init) for bk953x_res_init
    bk953x_handler.o(i.bk9532_lr_init) refers to bk953x.o(i.bk953x_chip_id_get) for bk953x_chip_id_get
    bk953x_handler.o(i.bk9532_lr_init) refers to ft_delay.o(i.ft_delay_ms) for ft_delay_ms
    bk953x_handler.o(i.bk9532_lr_init) refers to bk953x_handler.o(.data) for m_l_bk9532_obj
    ft32f0xx_adc.o(i.ADC_DeInit) refers to ft32f0xx_rcc.o(i.RCC_APB2PeriphResetCmd) for RCC_APB2PeriphResetCmd
    ft32f0xx_crs.o(i.CRS_DeInit) refers to ft32f0xx_rcc.o(i.RCC_APB1PeriphResetCmd) for RCC_APB1PeriphResetCmd
    ft32f0xx_flash.o(i.FLASH_EraseAllPages) refers to ft32f0xx_flash.o(i.FLASH_PrefetchBufferCmd) for FLASH_PrefetchBufferCmd
    ft32f0xx_flash.o(i.FLASH_EraseAllPages) refers to ft32f0xx_flash.o(i.FLASH_WaitForLastOperation) for FLASH_WaitForLastOperation
    ft32f0xx_flash.o(i.FLASH_ErasePage) refers to ft32f0xx_flash.o(i.FLASH_PrefetchBufferCmd) for FLASH_PrefetchBufferCmd
    ft32f0xx_flash.o(i.FLASH_ErasePage) refers to ft32f0xx_flash.o(i.FLASH_WaitForLastOperation) for FLASH_WaitForLastOperation
    ft32f0xx_flash.o(i.FLASH_OB_BOOTConfig) refers to ft32f0xx_flash.o(i.FLASH_WaitForLastOperation) for FLASH_WaitForLastOperation
    ft32f0xx_flash.o(i.FLASH_OB_EnableWRP) refers to ft32f0xx_flash.o(i.FLASH_WaitForLastOperation) for FLASH_WaitForLastOperation
    ft32f0xx_flash.o(i.FLASH_OB_Erase) refers to ft32f0xx_flash.o(i.FLASH_OB_GetRDP) for FLASH_OB_GetRDP
    ft32f0xx_flash.o(i.FLASH_OB_Erase) refers to ft32f0xx_flash.o(i.FLASH_WaitForLastOperation) for FLASH_WaitForLastOperation
    ft32f0xx_flash.o(i.FLASH_OB_ProgramData) refers to ft32f0xx_flash.o(i.FLASH_WaitForLastOperation) for FLASH_WaitForLastOperation
    ft32f0xx_flash.o(i.FLASH_OB_RDPConfig) refers to ft32f0xx_flash.o(i.FLASH_WaitForLastOperation) for FLASH_WaitForLastOperation
    ft32f0xx_flash.o(i.FLASH_OB_SRAMParityConfig) refers to ft32f0xx_flash.o(i.FLASH_WaitForLastOperation) for FLASH_WaitForLastOperation
    ft32f0xx_flash.o(i.FLASH_OB_UserConfig) refers to ft32f0xx_flash.o(i.FLASH_WaitForLastOperation) for FLASH_WaitForLastOperation
    ft32f0xx_flash.o(i.FLASH_OB_VDDAConfig) refers to ft32f0xx_flash.o(i.FLASH_WaitForLastOperation) for FLASH_WaitForLastOperation
    ft32f0xx_flash.o(i.FLASH_OB_WriteUser) refers to ft32f0xx_flash.o(i.FLASH_WaitForLastOperation) for FLASH_WaitForLastOperation
    ft32f0xx_flash.o(i.FLASH_ProgramWord) refers to ft32f0xx_flash.o(i.FLASH_PrefetchBufferCmd) for FLASH_PrefetchBufferCmd
    ft32f0xx_flash.o(i.FLASH_ProgramWord) refers to ft32f0xx_flash.o(i.FLASH_WaitForLastOperation) for FLASH_WaitForLastOperation
[...]
    printf8.o(i._printf_core) refers to printf8.o(i._printf_pre_padding) for _printf_pre_padding
    printf8.o(i._printf_core) refers to printf8.o(i._printf_post_padding) for _printf_post_padding
    printf8.o(i._printf_core) refers to uldiv.o(.text) for __aeabi_uldivmod
    printfa.o(i.__0fprintf) refers (Special) to iusefp.o(.text) for __I$use$fp
    printfa.o(i.__0fprintf) refers to printfa.o(i._printf_core) for _printf_core
    printfa.o(i.__0fprintf) refers to retarget.o(i.fputc) for fputc
    printfa.o(i.__0printf) refers (Special) to iusefp.o(.text) for __I$use$fp
    printfa.o(i.__0printf) refers to printfa.o(i._printf_core) for _printf_core
    printfa.o(i.__0printf) refers to retarget.o(i.fputc) for fputc
    printfa.o(i.__0printf) refers to retarget.o(.data) for __stdout
    printfa.o(i.__0snprintf) refers (Special) to iusefp.o(.text) for __I$use$fp
    printfa.o(i.__0snprintf) refers to printfa.o(i._printf_core) for _printf_core
    printfa.o(i.__0snprintf) refers to printfa.o(i._snputc) for _snputc
    printfa.o(i.__0sprintf) refers (Special) to iusefp.o(.text) for __I$use$fp
    printfa.o(i.__0sprintf) refers to printfa.o(i._printf_core) for _printf_core
    printfa.o(i.__0sprintf) refers to printfa.o(i._sputc) for _sputc
    printfa.o(i.__0vfprintf) refers (Special) to iusefp.o(.text) for __I$use$fp
    printfa.o(i.__0vfprintf) refers to printfa.o(i._printf_core) for _printf_core
    printfa.o(i.__0vfprintf) refers to retarget.o(i.fputc) for fputc
    printfa.o(i.__0vprintf) refers (Special) to iusefp.o(.text) for __I$use$fp
    printfa.o(i.__0vprintf) refers to printfa.o(i._printf_core) for _printf_core
    printfa.o(i.__0vprintf) refers to retarget.o(i.fputc) for fputc
    printfa.o(i.__0vprintf) refers to retarget.o(.data) for __stdout
    printfa.o(i.__0vsnprintf) refers (Special) to iusefp.o(.text) for __I$use$fp
    printfa.o(i.__0vsnprintf) refers to printfa.o(i._printf_core) for _printf_core
    printfa.o(i.__0vsnprintf) refers to printfa.o(i._snputc) for _snputc
    printfa.o(i.__0vsprintf) refers (Special) to iusefp.o(.text) for __I$use$fp
    printfa.o(i.__0vsprintf) refers to printfa.o(i._printf_core) for _printf_core
    printfa.o(i.__0vsprintf) refers to printfa.o(i._sputc) for _sputc
    printfa.o(i._fp_digits) refers (Special) to iusefp.o(.text) for __I$use$fp
    printfa.o(i._fp_digits) refers to dmul.o(.text) for __aeabi_dmul
    printfa.o(i._fp_digits) refers to ddiv.o(.text) for __aeabi_ddiv
    printfa.o(i._fp_digits) refers to cdrcmple.o(.text) for __aeabi_cdrcmple
    printfa.o(i._fp_digits) refers to dadd.o(.text) for __aeabi_dadd
    printfa.o(i._fp_digits) refers to dfixul.o(.text) for __aeabi_d2ulz
    printfa.o(i._fp_digits) refers to uldiv.o(.text) for __aeabi_uldivmod
    printfa.o(i._printf_core) refers (Special) to iusefp.o(.text) for __I$use$fp
    printfa.o(i._printf_core) refers to printfa.o(i._printf_pre_padding) for _printf_pre_padding
    printfa.o(i._printf_core) refers to uldiv.o(.text) for __aeabi_uldivmod
    printfa.o(i._printf_core) refers to printfa.o(i._printf_post_padding) for _printf_post_padding
    printfa.o(i._printf_core) refers to printfa.o(i._fp_digits) for _fp_digits
    printfa.o(i._printf_core) refers to uidiv.o(.text) for __aeabi_uidivmod
    printfa.o(i._printf_post_padding) refers (Special) to iusefp.o(.text) for __I$use$fp
    printfa.o(i._printf_pre_padding) refers (Special) to iusefp.o(.text) for __I$use$fp
    printfa.o(i._snputc) refers (Special) to iusefp.o(.text) for __I$use$fp
    printfa.o(i._sputc) refers (Special) to iusefp.o(.text) for __I$use$fp
    entry2.o(.ARM.Collect$$$$00000001) refers to entry2.o(.ARM.Collect$$$$00002712) for __lit__00000000
    entry2.o(.ARM.Collect$$$$00002712) refers to startup_ft32f072xb.o(STACK) for __initial_sp
    entry2.o(__vectab_stack_and_reset_area) refers to startup_ft32f072xb.o(STACK) for __initial_sp
    entry2.o(__vectab_stack_and_reset_area) refers to entry.o(.ARM.Collect$$$$00000000) for __main
    entry5.o(.ARM.Collect$$$$00000004) refers to init.o(.text) for __scatterload
    entry9a.o(.ARM.Collect$$$$0000000B) refers to main.o(i.main) for main
    entry9b.o(.ARM.Collect$$$$0000000C) refers to main.o(i.main) for main
    uldiv.o(.text) refers to llushr.o(.text) for __aeabi_llsr
    uldiv.o(.text) refers to llshl.o(.text) for __aeabi_llsl
    dadd.o(.text) refers to llshl.o(.text) for __aeabi_llsl
    dadd.o(.text) refers to llsshr.o(.text) for __aeabi_lasr
    dadd.o(.text) refers to depilogue.o(.text) for _double_epilogue
    dmul.o(.text) refers to depilogue.o(.text) for _double_epilogue
    ddiv.o(.text) refers to depilogue.o(.text) for _double_round
    dfixul.o(.text) refers to llushr.o(.text) for __aeabi_llsr
    dfixul.o(.text) refers to llshl.o(.text) for __aeabi_llsl
    init.o(.text) refers to entry5.o(.ARM.Collect$$$$00000004) for __main_after_scatterload
    depilogue.o(.text) refers to depilogue.o(i.__ARM_clz) for __ARM_clz
    depilogue.o(.text) refers to llshl.o(.text) for __aeabi_llsl
    depilogue.o(.text) refers to llushr.o(.text) for __aeabi_llsr


==============================================================================

Removing Unused input sections from the image.

    Removing system_ft32f0xx.o(.rev16_text), (4 bytes).
    Removing system_ft32f0xx.o(.revsh_text), (4 bytes).
    Removing system_ft32f0xx.o(i.SystemCoreClockUpdate), (176 bytes).
    Removing startup_ft32f072xb.o(HEAP), (512 bytes).
    Removing main.o(.rev16_text), (4 bytes).
    Removing main.o(.revsh_text), (4 bytes).
    Removing main.o(i.timer_handler), (76 bytes).
    Removing main.o(.data), (2 bytes).
    Removing ft32f0xx_it.o(.rev16_text), (4 bytes).
    Removing ft32f0xx_it.o(.revsh_text), (4 bytes).
    Removing bk953x_handler.o(.rev16_text), (4 bytes).
    Removing bk953x_handler.o(.revsh_text), (4 bytes).
    Removing ft32f0xx_adc.o(.rev16_text), (4 bytes).
    Removing ft32f0xx_adc.o(.revsh_text), (4 bytes).
    Removing ft32f0xx_adc.o(i.ADC_AnalogWatchdogCmd), (28 bytes).
    Removing ft32f0xx_adc.o(i.ADC_AnalogWatchdogSingleChannelCmd), (28 bytes).
    Removing ft32f0xx_adc.o(i.ADC_AnalogWatchdogSingleChannelConfig), (28 bytes).
    Removing ft32f0xx_adc.o(i.ADC_AnalogWatchdogThresholdsConfig), (8 bytes).
    Removing ft32f0xx_adc.o(i.ADC_AutoPowerOffCmd), (28 bytes).
    Removing ft32f0xx_adc.o(i.ADC_ClearFlag), (4 bytes).
    Removing ft32f0xx_adc.o(i.ADC_ClearITPendingBit), (4 bytes).
    Removing ft32f0xx_adc.o(i.ADC_ClockModeConfig), (4 bytes).
    Removing ft32f0xx_adc.o(i.ADC_ContinuousModeCmd), (28 bytes).
    Removing ft32f0xx_adc.o(i.ADC_DMACmd), (24 bytes).
    Removing ft32f0xx_adc.o(i.ADC_DMARequestModeConfig), (16 bytes).
    Removing ft32f0xx_adc.o(i.ADC_DiscModeCmd), (28 bytes).
    Removing ft32f0xx_adc.o(i.ADC_GetITStatus), (34 bytes).
    Removing ft32f0xx_adc.o(i.ADC_ITConfig), (20 bytes).
    Removing ft32f0xx_adc.o(i.ADC_JitterCmd), (20 bytes).
    Removing ft32f0xx_adc.o(i.ADC_OverrunModeCmd), (28 bytes).
    Removing ft32f0xx_adc.o(i.ADC_StopOfConversion), (10 bytes).
    Removing ft32f0xx_adc.o(i.ADC_TempSensorCmd), (40 bytes).
    Removing ft32f0xx_adc.o(i.ADC_VbatCmd), (40 bytes).
    Removing ft32f0xx_adc.o(i.ADC_VrefintCmd), (40 bytes).
    Removing ft32f0xx_adc.o(i.ADC_VrefselConfig), (36 bytes).
    Removing ft32f0xx_adc.o(i.ADC_WaitModeCmd), (28 bytes).
    Removing ft32f0xx_crc.o(.rev16_text), (4 bytes).
    Removing ft32f0xx_crc.o(.revsh_text), (4 bytes).
    Removing ft32f0xx_crc.o(i.CRC_CalcBlockCRC), (36 bytes).
    Removing ft32f0xx_crc.o(i.CRC_CalcCRC), (16 bytes).
    Removing ft32f0xx_crc.o(i.CRC_CalcCRC16bits), (16 bytes).
    Removing ft32f0xx_crc.o(i.CRC_CalcCRC8bits), (16 bytes).
    Removing ft32f0xx_crc.o(i.CRC_DeInit), (28 bytes).
    Removing ft32f0xx_crc.o(i.CRC_GetCRC), (12 bytes).
    Removing ft32f0xx_crc.o(i.CRC_GetIDRegister), (12 bytes).
    Removing ft32f0xx_crc.o(i.CRC_ResetDR), (20 bytes).
    Removing ft32f0xx_crc.o(i.CRC_ReverseInputDataSelect), (32 bytes).
    Removing ft32f0xx_crc.o(i.CRC_ReverseOutputDataCmd), (36 bytes).
    Removing ft32f0xx_crc.o(i.CRC_SetIDRegister), (12 bytes).
    Removing ft32f0xx_crc.o(i.CRC_SetInitRegister), (12 bytes).
    Removing ft32f0xx_crc.o(i.CRC_SetPolynomial), (2 bytes).
    Removing ft32f0xx_crs.o(.rev16_text), (4 bytes).
    Removing ft32f0xx_crs.o(.revsh_text), (4 bytes).
    Removing ft32f0xx_crs.o(i.CRS_AdjustHSI48CalibrationValue), (32 bytes).
    Removing ft32f0xx_crs.o(i.CRS_AutomaticCalibrationCmd), (36 bytes).
    Removing ft32f0xx_crs.o(i.CRS_ClearFlag), (40 bytes).
    Removing ft32f0xx_crs.o(i.CRS_ClearITPendingBit), (40 bytes).
    Removing ft32f0xx_crs.o(i.CRS_DeInit), (22 bytes).
    Removing ft32f0xx_crs.o(i.CRS_FrequencyErrorCounterCmd), (36 bytes).
    Removing ft32f0xx_crs.o(i.CRS_FrequencyErrorCounterReload), (28 bytes).
    Removing ft32f0xx_crs.o(i.CRS_FrequencyErrorLimitConfig), (32 bytes).
    Removing ft32f0xx_crs.o(i.CRS_GetFlagStatus), (16 bytes).
    Removing ft32f0xx_crs.o(i.CRS_GetFrequencyErrorDirection), (16 bytes).
    Removing ft32f0xx_crs.o(i.CRS_GetFrequencyErrorValue), (16 bytes).
    Removing ft32f0xx_crs.o(i.CRS_GetHSI48CalibrationValue), (20 bytes).
    Removing ft32f0xx_crs.o(i.CRS_GetITStatus), (16 bytes).
    Removing ft32f0xx_crs.o(i.CRS_GetReloadValue), (12 bytes).
    Removing ft32f0xx_crs.o(i.CRS_ITConfig), (32 bytes).
    Removing ft32f0xx_crs.o(i.CRS_SoftwareSynchronizationGenerate), (20 bytes).
    Removing ft32f0xx_crs.o(i.CRS_SynchronizationPolarityConfig), (28 bytes).
    Removing ft32f0xx_crs.o(i.CRS_SynchronizationPrescalerConfig), (28 bytes).
    Removing ft32f0xx_crs.o(i.CRS_SynchronizationSourceConfig), (28 bytes).
    Removing ft32f0xx_dbgmcu.o(.rev16_text), (4 bytes).
    Removing ft32f0xx_dbgmcu.o(.revsh_text), (4 bytes).
    Removing ft32f0xx_dbgmcu.o(i.DBGMCU_APB1PeriphConfig), (32 bytes).
    Removing ft32f0xx_dbgmcu.o(i.DBGMCU_APB2PeriphConfig), (32 bytes).
    Removing ft32f0xx_dbgmcu.o(i.DBGMCU_Config), (32 bytes).
    Removing ft32f0xx_dbgmcu.o(i.DBGMCU_GetDEVID), (16 bytes).
    Removing ft32f0xx_dbgmcu.o(i.DBGMCU_GetREVID), (12 bytes).
    Removing ft32f0xx_exti.o(.rev16_text), (4 bytes).
    Removing ft32f0xx_exti.o(.revsh_text), (4 bytes).
    Removing ft32f0xx_exti.o(i.EXTI_ClearFlag), (12 bytes).
    Removing ft32f0xx_exti.o(i.EXTI_DeInit), (32 bytes).
    Removing ft32f0xx_exti.o(i.EXTI_GenerateSWInterrupt), (16 bytes).
    Removing ft32f0xx_exti.o(i.EXTI_GetFlagStatus), (28 bytes).
    Removing ft32f0xx_exti.o(i.EXTI_StructInit), (16 bytes).
    Removing ft32f0xx_flash.o(.rev16_text), (4 bytes).
    Removing ft32f0xx_flash.o(.revsh_text), (4 bytes).
    Removing ft32f0xx_flash.o(i.FLASH_ClearFlag), (12 bytes).
    Removing ft32f0xx_flash.o(i.FLASH_EraseAllPages), (88 bytes).
    Removing ft32f0xx_flash.o(i.FLASH_ErasePage), (92 bytes).
    Removing ft32f0xx_flash.o(i.FLASH_GetFlagStatus), (28 bytes).
    Removing ft32f0xx_flash.o(i.FLASH_GetPrefetchBufferStatus), (28 bytes).
    Removing ft32f0xx_flash.o(i.FLASH_GetStatus), (60 bytes).
    Removing ft32f0xx_flash.o(i.FLASH_ITConfig), (32 bytes).
    Removing ft32f0xx_flash.o(i.FLASH_Lock), (20 bytes).
    Removing ft32f0xx_flash.o(i.FLASH_OB_BOOTConfig), (176 bytes).
    Removing ft32f0xx_flash.o(i.FLASH_OB_EnableWRP), (212 bytes).
    Removing ft32f0xx_flash.o(i.FLASH_OB_Erase), (172 bytes).
    Removing ft32f0xx_flash.o(i.FLASH_OB_GetRDP), (28 bytes).
    Removing ft32f0xx_flash.o(i.FLASH_OB_GetUser), (16 bytes).
    Removing ft32f0xx_flash.o(i.FLASH_OB_GetWRP), (12 bytes).
    Removing ft32f0xx_flash.o(i.FLASH_OB_Launch), (20 bytes).
    Removing ft32f0xx_flash.o(i.FLASH_OB_Lock), (20 bytes).
    Removing ft32f0xx_flash.o(i.FLASH_OB_ProgramData), (72 bytes).
    Removing ft32f0xx_flash.o(i.FLASH_OB_RDPConfig), (172 bytes).
    Removing ft32f0xx_flash.o(i.FLASH_OB_SRAMParityConfig), (176 bytes).
    Removing ft32f0xx_flash.o(i.FLASH_OB_Unlock), (40 bytes).
    Removing ft32f0xx_flash.o(i.FLASH_OB_UserConfig), (188 bytes).
    Removing ft32f0xx_flash.o(i.FLASH_OB_VDDAConfig), (176 bytes).
    Removing ft32f0xx_flash.o(i.FLASH_OB_WriteUser), (168 bytes).
    Removing ft32f0xx_flash.o(i.FLASH_PrefetchBufferCmd), (36 bytes).
    Removing ft32f0xx_flash.o(i.FLASH_ProgramWord), (84 bytes).
    Removing ft32f0xx_flash.o(i.FLASH_SetLatency), (28 bytes).
    Removing ft32f0xx_flash.o(i.FLASH_Unlock), (36 bytes).
    Removing ft32f0xx_flash.o(i.FLASH_WaitForLastOperation), (40 bytes).
    Removing ft32f0xx_gpio.o(.rev16_text), (4 bytes).
    Removing ft32f0xx_gpio.o(.revsh_text), (4 bytes).
    Removing ft32f0xx_gpio.o(i.GPIO_DeInit), (148 bytes).
    Removing ft32f0xx_gpio.o(i.GPIO_LedmConfig), (8 bytes).
    Removing ft32f0xx_gpio.o(i.GPIO_PinLockConfig), (34 bytes).
    Removing ft32f0xx_gpio.o(i.GPIO_ReadInputData), (6 bytes).
    Removing ft32f0xx_gpio.o(i.GPIO_ReadInputDataBit), (20 bytes).
    Removing ft32f0xx_gpio.o(i.GPIO_ReadOutputData), (6 bytes).
    Removing ft32f0xx_gpio.o(i.GPIO_ReadOutputDataBit), (20 bytes).
    Removing ft32f0xx_gpio.o(i.GPIO_ResetBits), (4 bytes).
    Removing ft32f0xx_gpio.o(i.GPIO_SetBits), (4 bytes).
    Removing ft32f0xx_gpio.o(i.GPIO_StructInit), (24 bytes).
    Removing ft32f0xx_gpio.o(i.GPIO_Write), (4 bytes).
    Removing ft32f0xx_gpio.o(i.GPIO_WriteBit), (12 bytes).
    Removing ft32f0xx_i2c.o(.rev16_text), (4 bytes).
    Removing ft32f0xx_i2c.o(.revsh_text), (4 bytes).
    Removing ft32f0xx_i2c.o(i.I2C_10BitAddressHeaderCmd), (28 bytes).
    Removing ft32f0xx_i2c.o(i.I2C_10BitAddressingModeCmd), (28 bytes).
    Removing ft32f0xx_i2c.o(i.I2C_AcknowledgeConfig), (28 bytes).
    Removing ft32f0xx_i2c.o(i.I2C_AutoEndCmd), (28 bytes).
    Removing ft32f0xx_i2c.o(i.I2C_CalculatePEC), (28 bytes).
    Removing ft32f0xx_i2c.o(i.I2C_ClearFlag), (4 bytes).
    Removing ft32f0xx_i2c.o(i.I2C_ClearITPendingBit), (4 bytes).
    Removing ft32f0xx_i2c.o(i.I2C_ClockTimeoutCmd), (28 bytes).
    Removing ft32f0xx_i2c.o(i.I2C_Cmd), (24 bytes).
    Removing ft32f0xx_i2c.o(i.I2C_DMACmd), (20 bytes).
    Removing ft32f0xx_i2c.o(i.I2C_DeInit), (56 bytes).
    Removing ft32f0xx_i2c.o(i.I2C_DualAddressCmd), (28 bytes).
    Removing ft32f0xx_i2c.o(i.I2C_ExtendedClockTimeoutCmd), (26 bytes).
    Removing ft32f0xx_i2c.o(i.I2C_GeneralCallCmd), (28 bytes).
    Removing ft32f0xx_i2c.o(i.I2C_GenerateSTART), (28 bytes).
    Removing ft32f0xx_i2c.o(i.I2C_GenerateSTOP), (28 bytes).
    Removing ft32f0xx_i2c.o(i.I2C_GetAddressMatched), (14 bytes).
    Removing ft32f0xx_i2c.o(i.I2C_GetFlagStatus), (28 bytes).
    Removing ft32f0xx_i2c.o(i.I2C_GetITStatus), (78 bytes).
    Removing ft32f0xx_i2c.o(i.I2C_GetPEC), (8 bytes).
    Removing ft32f0xx_i2c.o(i.I2C_GetTransferDirection), (30 bytes).
    Removing ft32f0xx_i2c.o(i.I2C_ITConfig), (20 bytes).
    Removing ft32f0xx_i2c.o(i.I2C_IdleClockTimeoutCmd), (28 bytes).
    Removing ft32f0xx_i2c.o(i.I2C_Init), (108 bytes).
    Removing ft32f0xx_i2c.o(i.I2C_MasterRequestConfig), (28 bytes).
    Removing ft32f0xx_i2c.o(i.I2C_NumberOfBytesConfig), (28 bytes).
    Removing ft32f0xx_i2c.o(i.I2C_OwnAddress2Config), (36 bytes).
    Removing ft32f0xx_i2c.o(i.I2C_PECRequestCmd), (28 bytes).
    Removing ft32f0xx_i2c.o(i.I2C_ReadRegister), (22 bytes).
    Removing ft32f0xx_i2c.o(i.I2C_ReceiveData), (8 bytes).
    Removing ft32f0xx_i2c.o(i.I2C_ReloadCmd), (28 bytes).
    Removing ft32f0xx_i2c.o(i.I2C_SMBusAlertCmd), (28 bytes).
    Removing ft32f0xx_i2c.o(i.I2C_SendData), (4 bytes).
    Removing ft32f0xx_i2c.o(i.I2C_SlaveAddressConfig), (20 bytes).
    Removing ft32f0xx_i2c.o(i.I2C_SlaveByteControlCmd), (28 bytes).
    Removing ft32f0xx_i2c.o(i.I2C_SoftwareResetCmd), (20 bytes).
    Removing ft32f0xx_i2c.o(i.I2C_StretchClockCmd), (28 bytes).
    Removing ft32f0xx_i2c.o(i.I2C_StructInit), (24 bytes).
    Removing ft32f0xx_i2c.o(i.I2C_TimeoutAConfig), (20 bytes).
    Removing ft32f0xx_i2c.o(i.I2C_TimeoutBConfig), (32 bytes).
    Removing ft32f0xx_i2c.o(i.I2C_TransferHandling), (44 bytes).
    Removing ft32f0xx_iwdg.o(.rev16_text), (4 bytes).
    Removing ft32f0xx_iwdg.o(.revsh_text), (4 bytes).
    Removing ft32f0xx_iwdg.o(i.IWDG_Enable), (16 bytes).
    Removing ft32f0xx_iwdg.o(i.IWDG_GetFlagStatus), (28 bytes).
    Removing ft32f0xx_iwdg.o(i.IWDG_ReloadCounter), (16 bytes).
    Removing ft32f0xx_iwdg.o(i.IWDG_SetPrescaler), (12 bytes).
    Removing ft32f0xx_iwdg.o(i.IWDG_SetReload), (12 bytes).
    Removing ft32f0xx_iwdg.o(i.IWDG_SetWindowValue), (12 bytes).
    Removing ft32f0xx_iwdg.o(i.IWDG_WriteAccessCmd), (12 bytes).
    Removing ft32f0xx_misc.o(.rev16_text), (4 bytes).
    Removing ft32f0xx_misc.o(.revsh_text), (4 bytes).
    Removing ft32f0xx_misc.o(i.NVIC_SystemLPConfig), (32 bytes).
    Removing ft32f0xx_misc.o(i.SysTick_CLKSourceConfig), (36 bytes).
    Removing ft32f0xx_pwr.o(.rev16_text), (4 bytes).
    Removing ft32f0xx_pwr.o(.revsh_text), (4 bytes).
    Removing ft32f0xx_pwr.o(i.PWR_BackupAccessCmd), (40 bytes).
    Removing ft32f0xx_pwr.o(i.PWR_ClearFlag), (20 bytes).
    Removing ft32f0xx_pwr.o(i.PWR_DeInit), (22 bytes).
    Removing ft32f0xx_pwr.o(i.PWR_EnterSTANDBYMode), (36 bytes).
    Removing ft32f0xx_pwr.o(i.PWR_EnterSTOPMode), (100 bytes).
    Removing ft32f0xx_pwr.o(i.PWR_EnterSleepMode), (32 bytes).
    Removing ft32f0xx_pwr.o(i.PWR_GetFlagStatus), (28 bytes).
    Removing ft32f0xx_pwr.o(i.PWR_PVDCmd), (36 bytes).
    Removing ft32f0xx_pwr.o(i.PWR_PVDLevelConfig), (36 bytes).
    Removing ft32f0xx_pwr.o(i.PWR_WakeUpPinCmd), (32 bytes).
    Removing ft32f0xx_rcc.o(.rev16_text), (4 bytes).
    Removing ft32f0xx_rcc.o(.revsh_text), (4 bytes).
    Removing ft32f0xx_rcc.o(i.RCC_ADCCLKConfig), (56 bytes).
    Removing ft32f0xx_rcc.o(i.RCC_AHBPeriphResetCmd), (32 bytes).
    Removing ft32f0xx_rcc.o(i.RCC_APB1PeriphResetCmd), (32 bytes).
    Removing ft32f0xx_rcc.o(i.RCC_AdjustHSI14CalibrationValue), (32 bytes).
    Removing ft32f0xx_rcc.o(i.RCC_AdjustHSICalibrationValue), (32 bytes).
    Removing ft32f0xx_rcc.o(i.RCC_BackupResetCmd), (40 bytes).
    Removing ft32f0xx_rcc.o(i.RCC_ClearFlag), (20 bytes).
    Removing ft32f0xx_rcc.o(i.RCC_ClearITPendingBit), (12 bytes).
    Removing ft32f0xx_rcc.o(i.RCC_ClockSecuritySystemCmd), (40 bytes).
    Removing ft32f0xx_rcc.o(i.RCC_DeInit), (120 bytes).
    Removing ft32f0xx_rcc.o(i.RCC_GetFlagStatus), (72 bytes).
    Removing ft32f0xx_rcc.o(i.RCC_GetITStatus), (28 bytes).
    Removing ft32f0xx_rcc.o(i.RCC_GetSYSCLKSource), (16 bytes).
    Removing ft32f0xx_rcc.o(i.RCC_HCLKConfig), (32 bytes).
    Removing ft32f0xx_rcc.o(i.RCC_HSEConfig), (16 bytes).
    Removing ft32f0xx_rcc.o(i.RCC_HSI14ADCRequestCmd), (36 bytes).
    Removing ft32f0xx_rcc.o(i.RCC_HSI14Cmd), (36 bytes).
    Removing ft32f0xx_rcc.o(i.RCC_HSI48Cmd), (40 bytes).
    Removing ft32f0xx_rcc.o(i.RCC_HSICmd), (36 bytes).
    Removing ft32f0xx_rcc.o(i.RCC_I2CCLKConfig), (28 bytes).
    Removing ft32f0xx_rcc.o(i.RCC_ITConfig), (32 bytes).
    Removing ft32f0xx_rcc.o(i.RCC_LSEConfig), (40 bytes).
    Removing ft32f0xx_rcc.o(i.RCC_LSEDriveConfig), (28 bytes).
    Removing ft32f0xx_rcc.o(i.RCC_LSICmd), (36 bytes).
    Removing ft32f0xx_rcc.o(i.RCC_MCOConfig), (28 bytes).
    Removing ft32f0xx_rcc.o(i.RCC_PCLKConfig), (36 bytes).
    Removing ft32f0xx_rcc.o(i.RCC_PLLCmd), (40 bytes).
    Removing ft32f0xx_rcc.o(i.RCC_PLLConfig), (36 bytes).
    Removing ft32f0xx_rcc.o(i.RCC_PREDIV1Config), (28 bytes).
    Removing ft32f0xx_rcc.o(i.RCC_RTCCLKCmd), (40 bytes).
    Removing ft32f0xx_rcc.o(i.RCC_RTCCLKConfig), (16 bytes).
    Removing ft32f0xx_rcc.o(i.RCC_SYSCLKConfig), (28 bytes).
    Removing ft32f0xx_rcc.o(i.RCC_USARTCLKConfig), (36 bytes).
    Removing ft32f0xx_rcc.o(i.RCC_USBCLKConfig), (28 bytes).
    Removing ft32f0xx_rcc.o(i.RCC_WaitForHSEStartUp), (60 bytes).
    Removing ft32f0xx_spi.o(.rev16_text), (4 bytes).
    Removing ft32f0xx_spi.o(.revsh_text), (4 bytes).
    Removing ft32f0xx_spi.o(i.SPI_BiDirectionalLineConfig), (32 bytes).
    Removing ft32f0xx_spi.o(i.SPI_CRCLengthConfig), (20 bytes).
    Removing ft32f0xx_spi.o(i.SPI_CalculateCRC), (32 bytes).
    Removing ft32f0xx_spi.o(i.SPI_Cmd), (28 bytes).
    Removing ft32f0xx_spi.o(i.SPI_DataSizeConfig), (24 bytes).
    Removing ft32f0xx_spi.o(i.SPI_GetCRC), (16 bytes).
    Removing ft32f0xx_spi.o(i.SPI_GetCRCPolynomial), (6 bytes).
    Removing ft32f0xx_spi.o(i.SPI_GetReceptionFIFOStatus), (12 bytes).
    Removing ft32f0xx_spi.o(i.SPI_GetTransmissionFIFOStatus), (12 bytes).
    Removing ft32f0xx_spi.o(i.SPI_I2S_ClearFlag), (6 bytes).
    Removing ft32f0xx_spi.o(i.SPI_I2S_DMACmd), (20 bytes).
    Removing ft32f0xx_spi.o(i.SPI_I2S_DeInit), (60 bytes).
    Removing ft32f0xx_spi.o(i.SPI_I2S_GetFlagStatus), (20 bytes).
    Removing ft32f0xx_spi.o(i.SPI_I2S_GetITStatus), (56 bytes).
    Removing ft32f0xx_spi.o(i.SPI_I2S_ITConfig), (34 bytes).
    Removing ft32f0xx_spi.o(i.SPI_I2S_ReceiveData16), (6 bytes).
    Removing ft32f0xx_spi.o(i.SPI_I2S_SendData16), (4 bytes).
    Removing ft32f0xx_spi.o(i.SPI_Init), (80 bytes).
    Removing ft32f0xx_spi.o(i.SPI_LastDMATransferCmd), (20 bytes).
    Removing ft32f0xx_spi.o(i.SPI_NSSInternalSoftwareConfig), (32 bytes).
    Removing ft32f0xx_spi.o(i.SPI_NSSPulseModeCmd), (28 bytes).
    Removing ft32f0xx_spi.o(i.SPI_ReceiveData8), (12 bytes).
    Removing ft32f0xx_spi.o(i.SPI_RxFIFOThresholdConfig), (20 bytes).
    Removing ft32f0xx_spi.o(i.SPI_SSOutputCmd), (28 bytes).
    Removing ft32f0xx_spi.o(i.SPI_SendData8), (10 bytes).
    Removing ft32f0xx_spi.o(i.SPI_StructInit), (30 bytes).
    Removing ft32f0xx_spi.o(i.SPI_TIModeCmd), (28 bytes).
    Removing ft32f0xx_spi.o(i.SPI_TransmitCRC), (12 bytes).
    Removing ft32f0xx_syscfg.o(.rev16_text), (4 bytes).
    Removing ft32f0xx_syscfg.o(.revsh_text), (4 bytes).
    Removing ft32f0xx_syscfg.o(i.SYSCFG_BreakConfig), (16 bytes).
    Removing ft32f0xx_syscfg.o(i.SYSCFG_DMAChannelRemapConfig), (32 bytes).
    Removing ft32f0xx_syscfg.o(i.SYSCFG_DeInit), (40 bytes).
    Removing ft32f0xx_syscfg.o(i.SYSCFG_I2CFastModePlusConfig), (32 bytes).
    Removing ft32f0xx_syscfg.o(i.SYSCFG_IRDAEnvSelection), (28 bytes).
    Removing ft32f0xx_syscfg.o(i.SYSCFG_MemoryRemapConfig), (28 bytes).
    Removing ft32f0xx_tim.o(.rev16_text), (4 bytes).
    Removing ft32f0xx_tim.o(.revsh_text), (4 bytes).
    Removing ft32f0xx_tim.o(i.TI1_Config), (56 bytes).
    Removing ft32f0xx_tim.o(i.TI2_Config), (76 bytes).
    Removing ft32f0xx_tim.o(i.TI3_Config), (72 bytes).
    Removing ft32f0xx_tim.o(i.TI4_Config), (80 bytes).
    Removing ft32f0xx_tim.o(i.TIM_ARRPreloadConfig), (28 bytes).
    Removing ft32f0xx_tim.o(i.TIM_BDTRConfig), (32 bytes).
    Removing ft32f0xx_tim.o(i.TIM_BDTRStructInit), (18 bytes).
    Removing ft32f0xx_tim.o(i.TIM_CCPreloadControl), (28 bytes).
    Removing ft32f0xx_tim.o(i.TIM_CCxCmd), (30 bytes).
    Removing ft32f0xx_tim.o(i.TIM_CCxNCmd), (30 bytes).
    Removing ft32f0xx_tim.o(i.TIM_ClearFlag), (6 bytes).
    Removing ft32f0xx_tim.o(i.TIM_ClearOC1Ref), (24 bytes).
    Removing ft32f0xx_tim.o(i.TIM_ClearOC2Ref), (20 bytes).
    Removing ft32f0xx_tim.o(i.TIM_ClearOC3Ref), (24 bytes).
    Removing ft32f0xx_tim.o(i.TIM_ClearOC4Ref), (20 bytes).
    Removing ft32f0xx_tim.o(i.TIM_CounterModeConfig), (24 bytes).
    Removing ft32f0xx_tim.o(i.TIM_CtrlPWMOutputs), (34 bytes).
    Removing ft32f0xx_tim.o(i.TIM_DMACmd), (20 bytes).
    Removing ft32f0xx_tim.o(i.TIM_DMAConfig), (12 bytes).
    Removing ft32f0xx_tim.o(i.TIM_DeInit), (208 bytes).
    Removing ft32f0xx_tim.o(i.TIM_ETRClockMode1Config), (52 bytes).
    Removing ft32f0xx_tim.o(i.TIM_ETRClockMode2Config), (34 bytes).
    Removing ft32f0xx_tim.o(i.TIM_ETRConfig), (24 bytes).
    Removing ft32f0xx_tim.o(i.TIM_EncoderInterfaceConfig), (68 bytes).
    Removing ft32f0xx_tim.o(i.TIM_ForcedOC1Config), (24 bytes).
    Removing ft32f0xx_tim.o(i.TIM_ForcedOC2Config), (24 bytes).
    Removing ft32f0xx_tim.o(i.TIM_ForcedOC3Config), (24 bytes).
    Removing ft32f0xx_tim.o(i.TIM_ForcedOC4Config), (24 bytes).
    Removing ft32f0xx_tim.o(i.TIM_GenerateEvent), (4 bytes).
    Removing ft32f0xx_tim.o(i.TIM_GetCapture1), (6 bytes).
    Removing ft32f0xx_tim.o(i.TIM_GetCapture2), (6 bytes).
    Removing ft32f0xx_tim.o(i.TIM_GetCapture3), (6 bytes).
    Removing ft32f0xx_tim.o(i.TIM_GetCapture4), (6 bytes).
    Removing ft32f0xx_tim.o(i.TIM_GetCounter), (6 bytes).
    Removing ft32f0xx_tim.o(i.TIM_GetFlagStatus), (20 bytes).
    Removing ft32f0xx_tim.o(i.TIM_GetPrescaler), (6 bytes).
    Removing ft32f0xx_tim.o(i.TIM_ICInit), (112 bytes).
    Removing ft32f0xx_tim.o(i.TIM_ICStructInit), (18 bytes).
    Removing ft32f0xx_tim.o(i.TIM_ITRxExternalClockConfig), (24 bytes).
    Removing ft32f0xx_tim.o(i.TIM_InternalClockConfig), (16 bytes).
    Removing ft32f0xx_tim.o(i.TIM_OC1FastConfig), (24 bytes).
    Removing ft32f0xx_tim.o(i.TIM_OC1Init), (148 bytes).
    Removing ft32f0xx_tim.o(i.TIM_OC1NPolarityConfig), (24 bytes).
    Removing ft32f0xx_tim.o(i.TIM_OC1PolarityConfig), (24 bytes).
    Removing ft32f0xx_tim.o(i.TIM_OC1PreloadConfig), (24 bytes).
    Removing ft32f0xx_tim.o(i.TIM_OC2FastConfig), (24 bytes).
    Removing ft32f0xx_tim.o(i.TIM_OC2Init), (172 bytes).
    Removing ft32f0xx_tim.o(i.TIM_OC2NPolarityConfig), (24 bytes).
    Removing ft32f0xx_tim.o(i.TIM_OC2PolarityConfig), (24 bytes).
    Removing ft32f0xx_tim.o(i.TIM_OC2PreloadConfig), (24 bytes).
    Removing ft32f0xx_tim.o(i.TIM_OC3FastConfig), (24 bytes).
    Removing ft32f0xx_tim.o(i.TIM_OC3Init), (152 bytes).
    Removing ft32f0xx_tim.o(i.TIM_OC3NPolarityConfig), (24 bytes).
    Removing ft32f0xx_tim.o(i.TIM_OC3PolarityConfig), (24 bytes).
    Removing ft32f0xx_tim.o(i.TIM_OC3PreloadConfig), (24 bytes).
    Removing ft32f0xx_tim.o(i.TIM_OC4FastConfig), (24 bytes).
    Removing ft32f0xx_tim.o(i.TIM_OC4Init), (112 bytes).
    Removing ft32f0xx_tim.o(i.TIM_OC4PolarityConfig), (24 bytes).
    Removing ft32f0xx_tim.o(i.TIM_OC4PreloadConfig), (24 bytes).
    Removing ft32f0xx_tim.o(i.TIM_OCStructInit), (20 bytes).
    Removing ft32f0xx_tim.o(i.TIM_PWMIConfig), (124 bytes).
    Removing ft32f0xx_tim.o(i.TIM_PrescalerConfig), (6 bytes).
    Removing ft32f0xx_tim.o(i.TIM_RemapConfig), (6 bytes).
    Removing ft32f0xx_tim.o(i.TIM_SelectCCDMA), (28 bytes).
    Removing ft32f0xx_tim.o(i.TIM_SelectCOM), (28 bytes).
    Removing ft32f0xx_tim.o(i.TIM_SelectHallSensor), (28 bytes).
    Removing ft32f0xx_tim.o(i.TIM_SelectInputTrigger), (24 bytes).
    Removing ft32f0xx_tim.o(i.TIM_SelectMasterSlaveMode), (20 bytes).
    Removing ft32f0xx_tim.o(i.TIM_SelectOCREFClear), (20 bytes).
    Removing ft32f0xx_tim.o(i.TIM_SelectOCxM), (82 bytes).
    Removing ft32f0xx_tim.o(i.TIM_SelectOnePulseMode), (20 bytes).
    Removing ft32f0xx_tim.o(i.TIM_SelectOutputTrigger), (20 bytes).
    Removing ft32f0xx_tim.o(i.TIM_SelectSlaveMode), (20 bytes).
    Removing ft32f0xx_tim.o(i.TIM_SetAutoreload), (4 bytes).
    Removing ft32f0xx_tim.o(i.TIM_SetClockDivision), (20 bytes).
    Removing ft32f0xx_tim.o(i.TIM_SetCompare1), (4 bytes).
    Removing ft32f0xx_tim.o(i.TIM_SetCompare2), (4 bytes).
    Removing ft32f0xx_tim.o(i.TIM_SetCompare3), (4 bytes).
    Removing ft32f0xx_tim.o(i.TIM_SetCompare4), (4 bytes).
    Removing ft32f0xx_tim.o(i.TIM_SetCounter), (4 bytes).
    Removing ft32f0xx_tim.o(i.TIM_SetIC1Prescaler), (20 bytes).
    Removing ft32f0xx_tim.o(i.TIM_SetIC2Prescaler), (24 bytes).
    Removing ft32f0xx_tim.o(i.TIM_SetIC3Prescaler), (20 bytes).
    Removing ft32f0xx_tim.o(i.TIM_SetIC4Prescaler), (24 bytes).
    Removing ft32f0xx_tim.o(i.TIM_TIxExternalClockConfig), (58 bytes).
    Removing ft32f0xx_tim.o(i.TIM_TimeBaseStructInit), (18 bytes).
    Removing ft32f0xx_tim.o(i.TIM_UpdateDisableConfig), (28 bytes).
    Removing ft32f0xx_tim.o(i.TIM_UpdateRequestConfig), (28 bytes).
    Removing ft32f0xx_usart.o(.rev16_text), (4 bytes).
    Removing ft32f0xx_usart.o(.revsh_text), (4 bytes).
    Removing ft32f0xx_usart.o(i.USART_AddressDetectionConfig), (16 bytes).
    Removing ft32f0xx_usart.o(i.USART_AutoBaudRateCmd), (28 bytes).
    Removing ft32f0xx_usart.o(i.USART_AutoBaudRateConfig), (18 bytes).
    Removing ft32f0xx_usart.o(i.USART_ClearFlag), (4 bytes).
    Removing ft32f0xx_usart.o(i.USART_ClearITPendingBit), (18 bytes).
    Removing ft32f0xx_usart.o(i.USART_ClockInit), (36 bytes).
    Removing ft32f0xx_usart.o(i.USART_ClockStructInit), (12 bytes).
    Removing ft32f0xx_usart.o(i.USART_DECmd), (28 bytes).
    Removing ft32f0xx_usart.o(i.USART_DEPolarityConfig), (18 bytes).
    Removing ft32f0xx_usart.o(i.USART_DMACmd), (20 bytes).
    Removing ft32f0xx_usart.o(i.USART_DMAReceptionErrorConfig), (18 bytes).
    Removing ft32f0xx_usart.o(i.USART_DataInvCmd), (28 bytes).
    Removing ft32f0xx_usart.o(i.USART_DeInit), (64 bytes).
    Removing ft32f0xx_usart.o(i.USART_DirectionModeCmd), (20 bytes).
    Removing ft32f0xx_usart.o(i.USART_GetITStatus), (78 bytes).
    Removing ft32f0xx_usart.o(i.USART_HalfDuplexCmd), (24 bytes).
    Removing ft32f0xx_usart.o(i.USART_ITConfig), (66 bytes).
    Removing ft32f0xx_usart.o(i.USART_InvPinCmd), (20 bytes).
    Removing ft32f0xx_usart.o(i.USART_MSBFirstCmd), (28 bytes).
    Removing ft32f0xx_usart.o(i.USART_MuteModeCmd), (28 bytes).
    Removing ft32f0xx_usart.o(i.USART_MuteModeWakeUpConfig), (18 bytes).
    Removing ft32f0xx_usart.o(i.USART_OneBitMethodCmd), (28 bytes).
    Removing ft32f0xx_usart.o(i.USART_OverSampling8Cmd), (28 bytes).
    Removing ft32f0xx_usart.o(i.USART_OverrunDetectionConfig), (18 bytes).
    Removing ft32f0xx_usart.o(i.USART_ReceiveData), (10 bytes).
    Removing ft32f0xx_usart.o(i.USART_ReceiverTimeOutCmd), (28 bytes).
    Removing ft32f0xx_usart.o(i.USART_RequestCmd), (20 bytes).
    Removing ft32f0xx_usart.o(i.USART_SWAPPinCmd), (28 bytes).
    Removing ft32f0xx_usart.o(i.USART_SetAddress), (18 bytes).
    Removing ft32f0xx_usart.o(i.USART_SetDEAssertionTime), (20 bytes).
    Removing ft32f0xx_usart.o(i.USART_SetDEDeassertionTime), (20 bytes).
    Removing ft32f0xx_usart.o(i.USART_SetReceiverTimeOut), (16 bytes).
    Removing ft32f0xx_usart.o(i.USART_StructInit), (24 bytes).
    Removing st7789.o(.rev16_text), (4 bytes).
    Removing st7789.o(.revsh_text), (4 bytes).
    Removing bk953x.o(.rev16_text), (4 bytes).
    Removing bk953x.o(.revsh_text), (4 bytes).
    Removing bk953x.o(i.bk953x_band_type_set), (4 bytes).
    Removing bk953x.o(i.bk953x_chan_set), (4 bytes).
    Removing bk953x.o(i.bk953x_freq_set), (4 bytes).
    Removing bk953x.o(i.bk953x_power_set), (4 bytes).
    Removing bk953x.o(i.bk953x_sample_rate_set), (4 bytes).
    Removing bk953x.o(i.bk953x_soft_reset), (76 bytes).
    Removing bk953x.o(.data), (432 bytes).
    Removing ft_gpio.o(.rev16_text), (4 bytes).
    Removing ft_gpio.o(.revsh_text), (4 bytes).
    Removing ft_gpio.o(i.conf_whole_gpios_input), (38 bytes).
    Removing ft_gpio.o(i.conf_whole_gpios_output), (46 bytes).
    Removing ft_gpio.o(i.get_halt_gpios_value), (16 bytes).
    Removing ft_gpio.o(i.input_shift_to_output), (36 bytes).
    Removing ft_gpio.o(i.output_shift_to_input), (28 bytes).
    Removing ft_gpio.o(i.set_halt_gpios_value), (38 bytes).
    Removing ft_i2c.o(.rev16_text), (4 bytes).
    Removing ft_i2c.o(.revsh_text), (4 bytes).
    Removing ft_i2c.o(i.i2c1_read_one_byte), (324 bytes).
    Removing ft_i2c.o(i.i2c1_res_deinit), (68 bytes).
    Removing ft_i2c.o(i.i2c1_res_init), (136 bytes).
    Removing ft_i2c.o(i.i2c1_write_one_byte), (208 bytes).
    Removing ft_i2c.o(i.i2c_transfer_timeout_handler_register), (12 bytes).
    Removing ft_i2c.o(i.virt1_i2c_read_one_byte), (70 bytes).
    Removing ft_i2c.o(i.virt1_i2c_write_one_byte), (52 bytes).
    Removing ft_i2c.o(.data), (4 bytes).
    Removing ft_timer.o(.rev16_text), (4 bytes).
    Removing ft_timer.o(.revsh_text), (4 bytes).
    Removing ft_timer.o(i.timer_handler_register), (12 bytes).
    Removing ft_usart.o(.rev16_text), (4 bytes).
    Removing ft_usart.o(.revsh_text), (4 bytes).
    Removing retarget.o(.rev16_text), (4 bytes).
    Removing retarget.o(.revsh_text), (4 bytes).
    Removing ft_timer_pwm.o(.rev16_text), (4 bytes).
    Removing ft_timer_pwm.o(.revsh_text), (4 bytes).
    Removing ft_timer_pwm.o(i.timer15_ch1_pwn_output_enable_set), (20 bytes).
    Removing ft_timer_pwm.o(i.timer15_pwm_ch1_init), (184 bytes).
    Removing ft_exit.o(.rev16_text), (4 bytes).
    Removing ft_exit.o(.revsh_text), (4 bytes).
    Removing ft_exit.o(i.exit_irq_handler), (12 bytes).
    Removing ft_delay.o(.rev16_text), (4 bytes).
    Removing ft_delay.o(.revsh_text), (4 bytes).
    Removing ft_adc.o(.rev16_text), (4 bytes).
    Removing ft_adc.o(.revsh_text), (4 bytes).
    Removing mid_bk953x.o(.rev16_text), (4 bytes).
    Removing mid_bk953x.o(.revsh_text), (4 bytes).
    Removing mid_bk953x.o(i.ft_i2c1_i2c_bk953x_read_one_reg), (8 bytes).
    Removing mid_bk953x.o(i.ft_i2c1_i2c_bk953x_write_one_reg), (8 bytes).
    Removing mid_bk953x.o(i.ft_virt1_i2c_bk953x_write_one_reg), (200 bytes).
    Removing mid_bk953x.o(i.mid_bk953x_write_one_reg), (46 bytes).
    Removing trace.o(.rev16_text), (4 bytes).
    Removing trace.o(.revsh_text), (4 bytes).
    Removing trace.o(i.trace_dump), (48 bytes).
    Removing dadd.o(.text), (356 bytes).
    Removing dmul.o(.text), (208 bytes).
    Removing ddiv.o(.text), (240 bytes).
    Removing dfixul.o(.text), (64 bytes).
    Removing cdrcmple.o(.text), (40 bytes).
    Removing depilogue.o(.text), (190 bytes).
    Removing depilogue.o(i.__ARM_clz), (46 bytes).

461 unused section(s) (total 16030 bytes) removed from the image.

==============================================================================

Image Symbol Table

    Local Symbols

    Symbol Name                              Value     Ov Type        Size  Object(Section)

    ../clib/microlib/division.c              0x00000000   Number         0  uidiv.o ABSOLUTE
    ../clib/microlib/division.c              0x00000000   Number         0  idiv.o ABSOLUTE
    ../clib/microlib/division.c              0x00000000   Number         0  uldiv.o ABSOLUTE
    ../clib/microlib/init/entry.s            0x00000000   Number         0  entry10a.o ABSOLUTE
    ../clib/microlib/init/entry.s            0x00000000   Number         0  entry9a.o ABSOLUTE
    ../clib/microlib/init/entry.s            0x00000000   Number         0  entry9b.o ABSOLUTE
    ../clib/microlib/init/entry.s            0x00000000   Number         0  entry10b.o ABSOLUTE
    ../clib/microlib/init/entry.s            0x00000000   Number         0  entry8b.o ABSOLUTE
    ../clib/microlib/init/entry.s            0x00000000   Number         0  entry11a.o ABSOLUTE
    ../clib/microlib/init/entry.s            0x00000000   Number         0  entry8a.o ABSOLUTE
    ../clib/microlib/init/entry.s            0x00000000   Number         0  entry11b.o ABSOLUTE
    ../clib/microlib/init/entry.s            0x00000000   Number         0  entry7a.o ABSOLUTE
    ../clib/microlib/init/entry.s            0x00000000   Number         0  entry7b.o ABSOLUTE
    ../clib/microlib/init/entry.s            0x00000000   Number         0  entry5.o ABSOLUTE
    ../clib/microlib/init/entry.s            0x00000000   Number         0  entry2.o ABSOLUTE
    ../clib/microlib/init/entry.s            0x00000000   Number         0  entry.o ABSOLUTE
    ../clib/microlib/longlong.c              0x00000000   Number         0  llshl.o ABSOLUTE
    ../clib/microlib/longlong.c              0x00000000   Number         0  llushr.o ABSOLUTE
    ../clib/microlib/longlong.c              0x00000000   Number         0  llsshr.o ABSOLUTE
    ../clib/microlib/printf/printf.c         0x00000000   Number         0  printf0.o ABSOLUTE
    ../clib/microlib/printf/printf.c         0x00000000   Number         0  printf1.o ABSOLUTE
    ../clib/microlib/printf/printf.c         0x00000000   Number         0  printfa.o ABSOLUTE
    ../clib/microlib/printf/printf.c         0x00000000   Number         0  printf7.o ABSOLUTE
    ../clib/microlib/printf/printf.c         0x00000000   Number         0  printf8.o ABSOLUTE
    ../clib/microlib/printf/printf.c         0x00000000   Number         0  printf6.o ABSOLUTE
    ../clib/microlib/printf/printf.c         0x00000000   Number         0  printf2.o ABSOLUTE
    ../clib/microlib/printf/printf.c         0x00000000   Number         0  printf5.o ABSOLUTE
    ../clib/microlib/printf/printf.c         0x00000000   Number         0  printf4.o ABSOLUTE
    ../clib/microlib/printf/printf.c         0x00000000   Number         0  printf3.o ABSOLUTE
    ../clib/microlib/printf/printf.c         0x00000000   Number         0  printfb.o ABSOLUTE
    ../clib/microlib/printf/stubs.s          0x00000000   Number         0  stubs.o ABSOLUTE
    ../clib/microlib/string/memcpy.c         0x00000000   Number         0  memcpyb.o ABSOLUTE
    ../clib/microlib/string/memcpy.c         0x00000000   Number         0  memcpya.o ABSOLUTE
    ../clib/microlib/stubs.s                 0x00000000   Number         0  iusefp.o ABSOLUTE
    ../fplib/microlib/fpadd.c                0x00000000   Number         0  dadd.o ABSOLUTE
    ../fplib/microlib/fpdiv.c                0x00000000   Number         0  ddiv.o ABSOLUTE
    ../fplib/microlib/fpepilogue.c           0x00000000   Number         0  depilogue.o ABSOLUTE
    ../fplib/microlib/fpfix.c                0x00000000   Number         0  dfixul.o ABSOLUTE
    ../fplib/microlib/fpmul.c                0x00000000   Number         0  dmul.o ABSOLUTE
    ..\..\..\Libraries\CMSIS\Device\FT\FT32F0xx\Source\Templates\arm\startup_ft32f072xb.s 0x00000000   Number         0  startup_ft32f072xb.o ABSOLUTE
    ..\..\..\Libraries\FT32F0xx_StdPeriph_Driver\src\FT32f0xx_adc.c 0x00000000   Number         0  ft32f0xx_adc.o ABSOLUTE
    ..\..\..\Libraries\FT32F0xx_StdPeriph_Driver\src\FT32f0xx_crc.c 0x00000000   Number         0  ft32f0xx_crc.o ABSOLUTE
    ..\..\..\Libraries\FT32F0xx_StdPeriph_Driver\src\FT32f0xx_crs.c 0x00000000   Number         0  ft32f0xx_crs.o ABSOLUTE
    ..\..\..\Libraries\FT32F0xx_StdPeriph_Driver\src\FT32f0xx_dbgmcu.c 0x00000000   Number         0  ft32f0xx_dbgmcu.o ABSOLUTE
    ..\..\..\Libraries\FT32F0xx_StdPeriph_Driver\src\FT32f0xx_exti.c 0x00000000   Number         0  ft32f0xx_exti.o ABSOLUTE
    ..\..\..\Libraries\FT32F0xx_StdPeriph_Driver\src\FT32f0xx_flash.c 0x00000000   Number         0  ft32f0xx_flash.o ABSOLUTE
    ..\..\..\Libraries\FT32F0xx_StdPeriph_Driver\src\FT32f0xx_gpio.c 0x00000000   Number         0  ft32f0xx_gpio.o ABSOLUTE
    ..\..\..\Libraries\FT32F0xx_StdPeriph_Driver\src\FT32f0xx_i2c.c 0x00000000   Number         0  ft32f0xx_i2c.o ABSOLUTE
    ..\..\..\Libraries\FT32F0xx_StdPeriph_Driver\src\FT32f0xx_iwdg.c 0x00000000   Number         0  ft32f0xx_iwdg.o ABSOLUTE
    ..\..\..\Libraries\FT32F0xx_StdPeriph_Driver\src\FT32f0xx_misc.c 0x00000000   Number         0  ft32f0xx_misc.o ABSOLUTE
    ..\..\..\Libraries\FT32F0xx_StdPeriph_Driver\src\FT32f0xx_pwr.c 0x00000000   Number         0  ft32f0xx_pwr.o ABSOLUTE
    ..\..\..\Libraries\FT32F0xx_StdPeriph_Driver\src\FT32f0xx_rcc.c 0x00000000   Number         0  ft32f0xx_rcc.o ABSOLUTE
    ..\..\..\Libraries\FT32F0xx_StdPeriph_Driver\src\FT32f0xx_spi.c 0x00000000   Number         0  ft32f0xx_spi.o ABSOLUTE
    ..\..\..\Libraries\FT32F0xx_StdPeriph_Driver\src\FT32f0xx_syscfg.c 0x00000000   Number         0  ft32f0xx_syscfg.o ABSOLUTE
    ..\..\..\Libraries\FT32F0xx_StdPeriph_Driver\src\FT32f0xx_tim.c 0x00000000   Number         0  ft32f0xx_tim.o ABSOLUTE
    ..\..\..\Libraries\FT32F0xx_StdPeriph_Driver\src\FT32f0xx_usart.c 0x00000000   Number         0  ft32f0xx_usart.o ABSOLUTE
    ..\..\..\develop_lib\ft_lib\adc\ft_adc.c 0x00000000   Number         0  ft_adc.o ABSOLUTE
    ..\..\..\develop_lib\ft_lib\common\ft_delay.c 0x00000000   Number         0  ft_delay.o ABSOLUTE
    ..\..\..\develop_lib\ft_lib\exit\ft_exit.c 0x00000000   Number         0  ft_exit.o ABSOLUTE
    ..\..\..\develop_lib\ft_lib\gpio\ft_gpio.c 0x00000000   Number         0  ft_gpio.o ABSOLUTE
    ..\..\..\develop_lib\ft_lib\i2c\ft_i2c.c 0x00000000   Number         0  ft_i2c.o ABSOLUTE
    ..\..\..\develop_lib\ft_lib\timer\ft_timer.c 0x00000000   Number         0  ft_timer.o ABSOLUTE
    ..\..\..\develop_lib\ft_lib\timer_pwm\ft_timer_pwm.c 0x00000000   Number         0  ft_timer_pwm.o ABSOLUTE
    ..\..\..\develop_lib\ft_lib\usart\ft_usart.c 0x00000000   Number         0  ft_usart.o ABSOLUTE
    ..\..\..\develop_lib\ft_lib\usart\retarget.c 0x00000000   Number         0  retarget.o ABSOLUTE
    ..\..\..\develop_lib\hardware\bk953x\bk953x.c 0x00000000   Number         0  bk953x.o ABSOLUTE
    ..\..\..\develop_lib\hardware\st7789\st7789.c 0x00000000   Number         0  st7789.o ABSOLUTE
    ..\..\..\develop_lib\middle_api\mid_bk953x\mid_bk953x.c 0x00000000   Number         0  mid_bk953x.o ABSOLUTE
    ..\..\..\develop_lib\middle_api\tft_8080\tft_8080.c 0x00000000   Number         0  tft_8080.o ABSOLUTE
    ..\..\..\develop_lib\middle_api\trace\trace.c 0x00000000   Number         0  trace.o ABSOLUTE
    ..\\..\\..\\Libraries\\FT32F0xx_StdPeriph_Driver\\src\\FT32f0xx_adc.c 0x00000000   Number         0  ft32f0xx_adc.o ABSOLUTE
    ..\\..\\..\\Libraries\\FT32F0xx_StdPeriph_Driver\\src\\FT32f0xx_crc.c 0x00000000   Number         0  ft32f0xx_crc.o ABSOLUTE
    ..\\..\\..\\Libraries\\FT32F0xx_StdPeriph_Driver\\src\\FT32f0xx_crs.c 0x00000000   Number         0  ft32f0xx_crs.o ABSOLUTE
    ..\\..\\..\\Libraries\\FT32F0xx_StdPeriph_Driver\\src\\FT32f0xx_dbgmcu.c 0x00000000   Number         0  ft32f0xx_dbgmcu.o ABSOLUTE
    ..\\..\\..\\Libraries\\FT32F0xx_StdPeriph_Driver\\src\\FT32f0xx_exti.c 0x00000000   Number         0  ft32f0xx_exti.o ABSOLUTE
    ..\\..\\..\\Libraries\\FT32F0xx_StdPeriph_Driver\\src\\FT32f0xx_flash.c 0x00000000   Number         0  ft32f0xx_flash.o ABSOLUTE
    ..\\..\\..\\Libraries\\FT32F0xx_StdPeriph_Driver\\src\\FT32f0xx_gpio.c 0x00000000   Number         0  ft32f0xx_gpio.o ABSOLUTE
    ..\\..\\..\\Libraries\\FT32F0xx_StdPeriph_Driver\\src\\FT32f0xx_i2c.c 0x00000000   Number         0  ft32f0xx_i2c.o ABSOLUTE
    ..\\..\\..\\Libraries\\FT32F0xx_StdPeriph_Driver\\src\\FT32f0xx_iwdg.c 0x00000000   Number         0  ft32f0xx_iwdg.o ABSOLUTE
    ..\\..\\..\\Libraries\\FT32F0xx_StdPeriph_Driver\\src\\FT32f0xx_misc.c 0x00000000   Number         0  ft32f0xx_misc.o ABSOLUTE
    ..\\..\\..\\Libraries\\FT32F0xx_StdPeriph_Driver\\src\\FT32f0xx_pwr.c 0x00000000   Number         0  ft32f0xx_pwr.o ABSOLUTE
    ..\\..\\..\\Libraries\\FT32F0xx_StdPeriph_Driver\\src\\FT32f0xx_rcc.c 0x00000000   Number         0  ft32f0xx_rcc.o ABSOLUTE
    ..\\..\\..\\Libraries\\FT32F0xx_StdPeriph_Driver\\src\\FT32f0xx_spi.c 0x00000000   Number         0  ft32f0xx_spi.o ABSOLUTE
    ..\\..\\..\\Libraries\\FT32F0xx_StdPeriph_Driver\\src\\FT32f0xx_syscfg.c 0x00000000   Number         0  ft32f0xx_syscfg.o ABSOLUTE
    ..\\..\\..\\Libraries\\FT32F0xx_StdPeriph_Driver\\src\\FT32f0xx_tim.c 0x00000000   Number         0  ft32f0xx_tim.o ABSOLUTE
    ..\\..\\..\\Libraries\\FT32F0xx_StdPeriph_Driver\\src\\FT32f0xx_usart.c 0x00000000   Number         0  ft32f0xx_usart.o ABSOLUTE
    ..\\..\\..\\develop_lib\\ft_lib\\adc\\ft_adc.c 0x00000000   Number         0  ft_adc.o ABSOLUTE
    ..\\..\\..\\develop_lib\\ft_lib\\common\\ft_delay.c 0x00000000   Number         0  ft_delay.o ABSOLUTE
    ..\\..\\..\\develop_lib\\ft_lib\\exit\\ft_exit.c 0x00000000   Number         0  ft_exit.o ABSOLUTE
    ..\\..\\..\\develop_lib\\ft_lib\\gpio\\ft_gpio.c 0x00000000   Number         0  ft_gpio.o ABSOLUTE
    ..\\..\\..\\develop_lib\\ft_lib\\i2c\\ft_i2c.c 0x00000000   Number         0  ft_i2c.o ABSOLUTE
    ..\\..\\..\\develop_lib\\ft_lib\\timer\\ft_timer.c 0x00000000   Number         0  ft_timer.o ABSOLUTE
    ..\\..\\..\\develop_lib\\ft_lib\\timer_pwm\\ft_timer_pwm.c 0x00000000   Number         0  ft_timer_pwm.o ABSOLUTE
    ..\\..\\..\\develop_lib\\ft_lib\\usart\\ft_usart.c 0x00000000   Number         0  ft_usart.o ABSOLUTE
    ..\\..\\..\\develop_lib\\ft_lib\\usart\\retarget.c 0x00000000   Number         0  retarget.o ABSOLUTE
    ..\\..\\..\\develop_lib\\hardware\\bk953x\\bk953x.c 0x00000000   Number         0  bk953x.o ABSOLUTE
    ..\\..\\..\\develop_lib\\hardware\\st7789\\st7789.c 0x00000000   Number         0  st7789.o ABSOLUTE
    ..\\..\\..\\develop_lib\\middle_api\\mid_bk953x\\mid_bk953x.c 0x00000000   Number         0  mid_bk953x.o ABSOLUTE
    ..\\..\\..\\develop_lib\\middle_api\\trace\\trace.c 0x00000000   Number         0  trace.o ABSOLUTE
    ..\\app\\bk953x_handler.c                0x00000000   Number         0  bk953x_handler.o ABSOLUTE
    ..\\ft32f0xx_it.c                        0x00000000   Number         0  ft32f0xx_it.o ABSOLUTE
    ..\\main.c                               0x00000000   Number         0  main.o ABSOLUTE
    ..\\system_ft32f0xx.c                    0x00000000   Number         0  system_ft32f0xx.o ABSOLUTE
    ..\app\bk953x_handler.c                  0x00000000   Number         0  bk953x_handler.o ABSOLUTE
    ..\ft32f0xx_it.c                         0x00000000   Number         0  ft32f0xx_it.o ABSOLUTE
    ..\main.c                                0x00000000   Number         0  main.o ABSOLUTE
    ..\system_ft32f0xx.c                     0x00000000   Number         0  system_ft32f0xx.o ABSOLUTE
    cdrcmple.s                               0x00000000   Number         0  cdrcmple.o ABSOLUTE
    dc.s                                     0x00000000   Number         0  dc.o ABSOLUTE
    handlers.s                               0x00000000   Number         0  handlers.o ABSOLUTE
    init.s                                   0x00000000   Number         0  init.o ABSOLUTE
    RESET                                    0x08000000   Section      192  startup_ft32f072xb.o(RESET)
    .ARM.Collect$$$$00000000                 0x080000c0   Section        0  entry.o(.ARM.Collect$$$$00000000)
    .ARM.Collect$$$$00000001                 0x080000c0   Section        4  entry2.o(.ARM.Collect$$$$00000001)
    .ARM.Collect$$$$00000004                 0x080000c4   Section        4  entry5.o(.ARM.Collect$$$$00000004)
    .ARM.Collect$$$$00000008                 0x080000c8   Section        0  entry7b.o(.ARM.Collect$$$$00000008)
    .ARM.Collect$$$$0000000A                 0x080000c8   Section        0  entry8b.o(.ARM.Collect$$$$0000000A)
    .ARM.Collect$$$$0000000B                 0x080000c8   Section        8  entry9a.o(.ARM.Collect$$$$0000000B)
    .ARM.Collect$$$$0000000D                 0x080000d0   Section        0  entry10a.o(.ARM.Collect$$$$0000000D)
    .ARM.Collect$$$$0000000F                 0x080000d0   Section        0  entry11a.o(.ARM.Collect$$$$0000000F)
    .ARM.Collect$$$$00002712                 0x080000d0   Section        4  entry2.o(.ARM.Collect$$$$00002712)
    __lit__00000000                          0x080000d0   Data           4  entry2.o(.ARM.Collect$$$$00002712)
    .text                                    0x080000d4   Section       88  startup_ft32f072xb.o(.text)
    .text                                    0x0800012c   Section        0  uidiv.o(.text)
    .text                                    0x08000158   Section        0  idiv.o(.text)
    .text                                    0x08000180   Section        0  memcpya.o(.text)
    .text                                    0x080001a4   Section        0  uldiv.o(.text)
    .text                                    0x08000204   Section       36  init.o(.text)
    .text                                    0x08000228   Section        0  llshl.o(.text)
    .text                                    0x08000248   Section        0  llushr.o(.text)
    i.ADC_ChannelConfig                      0x0800026a   Section        0  ft32f0xx_adc.o(i.ADC_ChannelConfig)
    i.ADC_Cmd                                0x08000282   Section        0  ft32f0xx_adc.o(i.ADC_Cmd)
    i.ADC_DeInit                             0x0800029c   Section        0  ft32f0xx_adc.o(i.ADC_DeInit)
    i.ADC_GetCalibrationFactor               0x080002bc   Section        0  ft32f0xx_adc.o(i.ADC_GetCalibrationFactor)
    i.ADC_GetConversionValue                 0x080002f8   Section        0  ft32f0xx_adc.o(i.ADC_GetConversionValue)
    i.ADC_GetFlagStatus                      0x08000300   Section        0  ft32f0xx_adc.o(i.ADC_GetFlagStatus)
    i.ADC_Init                               0x08000330   Section        0  ft32f0xx_adc.o(i.ADC_Init)
    i.ADC_StartOfConversion                  0x0800035c   Section        0  ft32f0xx_adc.o(i.ADC_StartOfConversion)
    i.ADC_StructInit                         0x08000366   Section        0  ft32f0xx_adc.o(i.ADC_StructInit)
    i.EXTI4_15_IRQHandler                    0x08000378   Section        0  ft_exit.o(i.EXTI4_15_IRQHandler)
    i.EXTI_ClearITPendingBit                 0x080003e8   Section        0  ft32f0xx_exti.o(i.EXTI_ClearITPendingBit)
    i.EXTI_GetITStatus                       0x080003f4   Section        0  ft32f0xx_exti.o(i.EXTI_GetITStatus)
    i.EXTI_Init                              0x08000410   Section        0  ft32f0xx_exti.o(i.EXTI_Init)
    i.GPIO_Init                              0x08000498   Section        0  ft32f0xx_gpio.o(i.GPIO_Init)
    i.GPIO_PinAFConfig                       0x08000528   Section        0  ft32f0xx_gpio.o(i.GPIO_PinAFConfig)
    i.HardFault_Handler                      0x0800056c   Section        0  ft32f0xx_it.o(i.HardFault_Handler)
    i.NMI_Handler                            0x0800056e   Section        0  ft32f0xx_it.o(i.NMI_Handler)
    i.NVIC_Init                              0x08000570   Section        0  ft32f0xx_misc.o(i.NVIC_Init)
    i.PendSV_Handler                         0x080005e0   Section        0  ft32f0xx_it.o(i.PendSV_Handler)
    i.RCC_AHBPeriphClockCmd                  0x080005e4   Section        0  ft32f0xx_rcc.o(i.RCC_AHBPeriphClockCmd)
    i.RCC_APB1PeriphClockCmd                 0x08000604   Section        0  ft32f0xx_rcc.o(i.RCC_APB1PeriphClockCmd)
    i.RCC_APB2PeriphClockCmd                 0x08000624   Section        0  ft32f0xx_rcc.o(i.RCC_APB2PeriphClockCmd)
    i.RCC_APB2PeriphResetCmd                 0x08000644   Section        0  ft32f0xx_rcc.o(i.RCC_APB2PeriphResetCmd)
    i.RCC_GetClocksFreq                      0x08000664   Section        0  ft32f0xx_rcc.o(i.RCC_GetClocksFreq)
    i.SVC_Handler                            0x080007e8   Section        0  ft32f0xx_it.o(i.SVC_Handler)
    i.SYSCFG_EXTILineConfig                  0x080007ec   Section        0  ft32f0xx_syscfg.o(i.SYSCFG_EXTILineConfig)
    i.SetSysClock                            0x0800082c   Section        0  system_ft32f0xx.o(i.SetSysClock)
    SetSysClock                              0x0800082d   Thumb Code   198  system_ft32f0xx.o(i.SetSysClock)
    i.SysTick_Handler                        0x080008fc   Section        0  ft32f0xx_it.o(i.SysTick_Handler)
    i.SystemInit                             0x08000900   Section        0  system_ft32f0xx.o(i.SystemInit)
    i.TIM3_IRQHandler                        0x0800097c   Section        0  ft_timer.o(i.TIM3_IRQHandler)
    i.TIM_ClearITPendingBit                  0x080009c0   Section        0  ft32f0xx_tim.o(i.TIM_ClearITPendingBit)
    i.TIM_Cmd                                0x080009c8   Section        0  ft32f0xx_tim.o(i.TIM_Cmd)
    i.TIM_GetITStatus                        0x080009e4   Section        0  ft32f0xx_tim.o(i.TIM_GetITStatus)
    i.TIM_ITConfig                           0x08000a0a   Section        0  ft32f0xx_tim.o(i.TIM_ITConfig)
    i.TIM_TimeBaseInit                       0x08000a20   Section        0  ft32f0xx_tim.o(i.TIM_TimeBaseInit)
    i.USART_Cmd                              0x08000a9c   Section        0  ft32f0xx_usart.o(i.USART_Cmd)
    i.USART_GetFlagStatus                    0x08000ab4   Section        0  ft32f0xx_usart.o(i.USART_GetFlagStatus)
    i.USART_Init                             0x08000ac8   Section        0  ft32f0xx_usart.o(i.USART_Init)
    i.USART_SendData                         0x08000ba8   Section        0  ft32f0xx_usart.o(i.USART_SendData)
    i.__0printf$8                            0x08000bb0   Section        0  printf8.o(i.__0printf$8)
    i.__scatterload_copy                     0x08000bd0   Section       14  handlers.o(i.__scatterload_copy)
    i.__scatterload_null                     0x08000bde   Section        2  handlers.o(i.__scatterload_null)
    i.__scatterload_zeroinit                 0x08000be0   Section       14  handlers.o(i.__scatterload_zeroinit)
    i._printf_core                           0x08000bf0   Section        0  printf8.o(i._printf_core)
    _printf_core                             0x08000bf1   Thumb Code  1020  printf8.o(i._printf_core)
    i._printf_post_padding                   0x08001018   Section        0  printf8.o(i._printf_post_padding)
    _printf_post_padding                     0x08001019   Thumb Code    32  printf8.o(i._printf_post_padding)
    i._printf_pre_padding                    0x08001038   Section        0  printf8.o(i._printf_pre_padding)
    _printf_pre_padding                      0x08001039   Thumb Code    44  printf8.o(i._printf_pre_padding)
    i.adc_ch_value_get                       0x08001064   Section        0  ft_adc.o(i.adc_ch_value_get)
    i.adc_init                               0x08001084   Section        0  ft_adc.o(i.adc_init)
    i.bk9532_lr_init                         0x0800110c   Section        0  bk953x_handler.o(i.bk9532_lr_init)
    i.bk953x_chip_id_get                     0x08001144   Section        0  bk953x.o(i.bk953x_chip_id_get)
    i.bk953x_res_init                        0x080011d0   Section        0  bk953x.o(i.bk953x_res_init)
    i.conf_gpio_input                        0x080011d8   Section        0  ft_gpio.o(i.conf_gpio_input)
    i.conf_gpio_output                       0x080011fe   Section        0  ft_gpio.o(i.conf_gpio_output)
    i.exit_init                              0x0800122c   Section        0  ft_exit.o(i.exit_init)
    i.fputc                                  0x08001292   Section        0  retarget.o(i.fputc)
    i.ft_delay_ms                            0x080012a4   Section        0  ft_delay.o(i.ft_delay_ms)
    i.ft_delay_us                            0x080012c0   Section        0  ft_delay.o(i.ft_delay_us)
    i.ft_i2c_delay                           0x08001370   Section        0  ft_i2c.o(i.ft_i2c_delay)
    ft_i2c_delay                             0x08001371   Thumb Code    14  ft_i2c.o(i.ft_i2c_delay)
    i.ft_timer_tick_get                      0x08001380   Section        0  ft_timer.o(i.ft_timer_tick_get)
    i.ft_uart_init                           0x0800138c   Section        0  ft_usart.o(i.ft_uart_init)
    i.ft_uart_put                            0x0800142c   Section        0  ft_usart.o(i.ft_uart_put)
    i.ft_virt1_i2c_bk953x_read_one_reg       0x08001470   Section        0  mid_bk953x.o(i.ft_virt1_i2c_bk953x_read_one_reg)
    ft_virt1_i2c_bk953x_read_one_reg         0x08001471   Thumb Code   142  mid_bk953x.o(i.ft_virt1_i2c_bk953x_read_one_reg)
    i.get_gpio_value                         0x08001534   Section        0  ft_gpio.o(i.get_gpio_value)
    i.main                                   0x08001548   Section        0  main.o(i.main)
    i.mid_bk953x_read_one_reg                0x080015e0   Section        0  mid_bk953x.o(i.mid_bk953x_read_one_reg)
    i.mid_bk953x_res_init                    0x0800160e   Section        0  mid_bk953x.o(i.mid_bk953x_res_init)
    i.set_gpio_value                         0x08001616   Section        0  ft_gpio.o(i.set_gpio_value)
    i.timer_init                             0x08001624   Section        0  ft_timer.o(i.timer_init)
    i.trace_init                             0x08001690   Section        0  trace.o(i.trace_init)
    i.virt1_i2c_read_byte                    0x08001700   Section        0  ft_i2c.o(i.virt1_i2c_read_byte)
    i.virt1_i2c_send_byte                    0x08001778   Section        0  ft_i2c.o(i.virt1_i2c_send_byte)
    i.virt1_i2c_set_ack                      0x080017f4   Section        0  ft_i2c.o(i.virt1_i2c_set_ack)
    i.virt1_i2c_set_nack                     0x08001844   Section        0  ft_i2c.o(i.virt1_i2c_set_nack)
    i.virt1_i2c_start                        0x08001892   Section        0  ft_i2c.o(i.virt1_i2c_start)
    i.virt1_i2c_stop                         0x080018d2   Section        0  ft_i2c.o(i.virt1_i2c_stop)
    i.virt1_i2c_wait_ack                     0x08001912   Section        0  ft_i2c.o(i.virt1_i2c_wait_ack)
    i.virt_i2c_init                          0x08001986   Section        0  ft_i2c.o(i.virt_i2c_init)
    .data                                    0x20000000   Section       20  system_ft32f0xx.o(.data)
    .data                                    0x20000014   Section       12  bk953x_handler.o(.data)
    m_l_bk9532_obj                           0x20000014   Data           6  bk953x_handler.o(.data)
    m_r_bk9532_obj                           0x2000001a   Data           6  bk953x_handler.o(.data)
    .data                                    0x20000020   Section       16  ft32f0xx_rcc.o(.data)
    APBAHBPrescTable                         0x20000020   Data          16  ft32f0xx_rcc.o(.data)
    .data                                    0x20000030   Section       18  ft_timer.o(.data)
    m_timer_handler                          0x20000030   Data           4  ft_timer.o(.data)
    m_timer_tick_ms                          0x20000038   Data           8  ft_timer.o(.data)
    prescaler_value                          0x20000040   Data           2  ft_timer.o(.data)
    .data                                    0x20000044   Section        8  retarget.o(.data)
    .data                                    0x2000004c   Section        4  ft_exit.o(.data)
    m_exit_irq_handler                       0x2000004c   Data           4  ft_exit.o(.data)
    STACK                                    0x20000050   Section     1024  startup_ft32f072xb.o(STACK)

    Global Symbols

    Symbol Name                              Value     Ov Type        Size  Object(Section)

    BuildAttributes$$THM_ISAv3M$S$PE$A:L22$X:L11$S22$IEEE1$IW$USESV6$~STKCKD$USESV7$~SHL$OSPACE$ROPI$EBA8$MICROLIB$REQ8$PRES8$EABIv2 0x00000000   Number         0  anon$$obj.o ABSOLUTE
    __ARM_use_no_argv                        0x00000000   Number         0  main.o ABSOLUTE
    _printf_a                                0x00000000   Number         0  stubs.o ABSOLUTE
    _printf_c                                0x00000000   Number         0  stubs.o ABSOLUTE
    _printf_charcount                        0x00000000   Number         0  stubs.o ABSOLUTE
    _printf_d                                0x00000000   Number         0  stubs.o ABSOLUTE
    _printf_e                                0x00000000   Number         0  stubs.o ABSOLUTE
    _printf_f                                0x00000000   Number         0  stubs.o ABSOLUTE
    _printf_flags                            0x00000000   Number         0  stubs.o ABSOLUTE
    _printf_fp_dec                           0x00000000   Number         0  stubs.o ABSOLUTE
    _printf_fp_hex                           0x00000000   Number         0  stubs.o ABSOLUTE
    _printf_g                                0x00000000   Number         0  stubs.o ABSOLUTE
    _printf_i                                0x00000000   Number         0  stubs.o ABSOLUTE
    _printf_int_dec                          0x00000000   Number         0  stubs.o ABSOLUTE
    _printf_l                                0x00000000   Number         0  stubs.o ABSOLUTE
    _printf_lc                               0x00000000   Number         0  stubs.o ABSOLUTE
    _printf_ll                               0x00000000   Number         0  stubs.o ABSOLUTE
    _printf_lld                              0x00000000   Number         0  stubs.o ABSOLUTE
    _printf_lli                              0x00000000   Number         0  stubs.o ABSOLUTE
    _printf_llo                              0x00000000   Number         0  stubs.o ABSOLUTE
    _printf_llu                              0x00000000   Number         0  stubs.o ABSOLUTE
    _printf_llx                              0x00000000   Number         0  stubs.o ABSOLUTE
    _printf_longlong_dec                     0x00000000   Number         0  stubs.o ABSOLUTE
    _printf_longlong_hex                     0x00000000   Number         0  stubs.o ABSOLUTE
    _printf_longlong_oct                     0x00000000   Number         0  stubs.o ABSOLUTE
    _printf_ls                               0x00000000   Number         0  stubs.o ABSOLUTE
    _printf_mbtowc                           0x00000000   Number         0  stubs.o ABSOLUTE
    _printf_n                                0x00000000   Number         0  stubs.o ABSOLUTE
    _printf_o                                0x00000000   Number         0  stubs.o ABSOLUTE
    _printf_p                                0x00000000   Number         0  stubs.o ABSOLUTE
    _printf_percent                          0x00000000   Number         0  stubs.o ABSOLUTE
    _printf_pre_padding                      0x00000000   Number         0  stubs.o ABSOLUTE
    _printf_return_value                     0x00000000   Number         0  stubs.o ABSOLUTE
    _printf_s                                0x00000000   Number         0  stubs.o ABSOLUTE
    _printf_sizespec                         0x00000000   Number         0  stubs.o ABSOLUTE
    _printf_str                              0x00000000   Number         0  stubs.o ABSOLUTE
    _printf_truncate_signed                  0x00000000   Number         0  stubs.o ABSOLUTE
    _printf_truncate_unsigned                0x00000000   Number         0  stubs.o ABSOLUTE
    _printf_u                                0x00000000   Number         0  stubs.o ABSOLUTE
    _printf_wc                               0x00000000   Number         0  stubs.o ABSOLUTE
    _printf_wctomb                           0x00000000   Number         0  stubs.o ABSOLUTE
    _printf_widthprec                        0x00000000   Number         0  stubs.o ABSOLUTE
    _printf_x                                0x00000000   Number         0  stubs.o ABSOLUTE
    __cpp_initialize__aeabi_                  - Undefined Weak Reference
    __cxa_finalize                            - Undefined Weak Reference
    __decompress                              - Undefined Weak Reference
    _clock_init                               - Undefined Weak Reference
    _microlib_exit                            - Undefined Weak Reference
    __Vectors_Size                           0x000000c0   Number         0  startup_ft32f072xb.o ABSOLUTE
    __Vectors                                0x08000000   Data           4  startup_ft32f072xb.o(RESET)
    __Vectors_End                            0x080000c0   Data           0  startup_ft32f072xb.o(RESET)
    __main                                   0x080000c1   Thumb Code     0  entry.o(.ARM.Collect$$$$00000000)
    _main_stk                                0x080000c1   Thumb Code     0  entry2.o(.ARM.Collect$$$$00000001)
    _main_scatterload                        0x080000c5   Thumb Code     0  entry5.o(.ARM.Collect$$$$00000004)
    __main_after_scatterload                 0x080000c9   Thumb Code     0  entry5.o(.ARM.Collect$$$$00000004)
    _main_clock                              0x080000c9   Thumb Code     0  entry7b.o(.ARM.Collect$$$$00000008)
    _main_cpp_init                           0x080000c9   Thumb Code     0  entry8b.o(.ARM.Collect$$$$0000000A)
    _main_init                               0x080000c9   Thumb Code     0  entry9a.o(.ARM.Collect$$$$0000000B)
    __rt_final_cpp                           0x080000d1   Thumb Code     0  entry10a.o(.ARM.Collect$$$$0000000D)
    __rt_final_exit                          0x080000d1   Thumb Code     0  entry11a.o(.ARM.Collect$$$$0000000F)
    Reset_Handler                            0x080000d5   Thumb Code    38  startup_ft32f072xb.o(.text)
    ADC1_IRQHandler                          0x08000105   Thumb Code     0  startup_ft32f072xb.o(.text)
    DMA1_Channel1_IRQHandler                 0x08000105   Thumb Code     0  startup_ft32f072xb.o(.text)
    DMA1_Channel2_3_IRQHandler               0x08000105   Thumb Code     0  startup_ft32f072xb.o(.text)
    DMA1_Channel4_5_IRQHandler               0x08000105   Thumb Code     0  startup_ft32f072xb.o(.text)
    EXTI0_1_IRQHandler                       0x08000105   Thumb Code     0  startup_ft32f072xb.o(.text)
    EXTI2_3_IRQHandler                       0x08000105   Thumb Code     0  startup_ft32f072xb.o(.text)
    FLASH_IRQHandler                         0x08000105   Thumb Code     0  startup_ft32f072xb.o(.text)
    I2C1_IRQHandler                          0x08000105   Thumb Code     0  startup_ft32f072xb.o(.text)
    I2C2_IRQHandler                          0x08000105   Thumb Code     0  startup_ft32f072xb.o(.text)
    PVD_VDDIO_IRQHandler                     0x08000105   Thumb Code     0  startup_ft32f072xb.o(.text)
    RCC_IRQHandler                           0x08000105   Thumb Code     0  startup_ft32f072xb.o(.text)
    RTC_IRQHandler                           0x08000105   Thumb Code     0  startup_ft32f072xb.o(.text)
    SPI1_IRQHandler                          0x08000105   Thumb Code     0  startup_ft32f072xb.o(.text)
    SPI2_IRQHandler                          0x08000105   Thumb Code     0  startup_ft32f072xb.o(.text)
    TIM14_IRQHandler                         0x08000105   Thumb Code     0  startup_ft32f072xb.o(.text)
    TIM15_IRQHandler                         0x08000105   Thumb Code     0  startup_ft32f072xb.o(.text)
    TIM16_IRQHandler                         0x08000105   Thumb Code     0  startup_ft32f072xb.o(.text)
    TIM17_IRQHandler                         0x08000105   Thumb Code     0  startup_ft32f072xb.o(.text)
    TIM1_BRK_UP_TRG_COM_IRQHandler           0x08000105   Thumb Code     0  startup_ft32f072xb.o(.text)
    TIM1_CC_IRQHandler                       0x08000105   Thumb Code     0  startup_ft32f072xb.o(.text)
    TIM6_IRQHandler                          0x08000105   Thumb Code     0  startup_ft32f072xb.o(.text)
    USART1_IRQHandler                        0x08000105   Thumb Code     0  startup_ft32f072xb.o(.text)
    USART2_IRQHandler                        0x08000105   Thumb Code     0  startup_ft32f072xb.o(.text)
    USB_IRQHandler                           0x08000105   Thumb Code     0  startup_ft32f072xb.o(.text)
    WWDG_IRQHandler                          0x08000105   Thumb Code     0  startup_ft32f072xb.o(.text)
    __aeabi_uidiv                            0x0800012d   Thumb Code     0  uidiv.o(.text)
    __aeabi_uidivmod                         0x0800012d   Thumb Code    44  uidiv.o(.text)
    __aeabi_idiv                             0x08000159   Thumb Code     0  idiv.o(.text)
    __aeabi_idivmod                          0x08000159   Thumb Code    40  idiv.o(.text)
    __aeabi_memcpy                           0x08000181   Thumb Code    36  memcpya.o(.text)
    __aeabi_memcpy4                          0x08000181   Thumb Code     0  memcpya.o(.text)
    __aeabi_memcpy8                          0x08000181   Thumb Code     0  memcpya.o(.text)
    __aeabi_uldivmod                         0x080001a5   Thumb Code    96  uldiv.o(.text)
    __scatterload                            0x08000205   Thumb Code    28  init.o(.text)
    __scatterload_rt2                        0x08000205   Thumb Code     0  init.o(.text)
    __aeabi_llsl                             0x08000229   Thumb Code    32  llshl.o(.text)
    _ll_shift_l                              0x08000229   Thumb Code     0  llshl.o(.text)
    __aeabi_llsr                             0x08000249   Thumb Code    34  llushr.o(.text)
    _ll_ushift_r                             0x08000249   Thumb Code     0  llushr.o(.text)
    ADC_ChannelConfig                        0x0800026b   Thumb Code    24  ft32f0xx_adc.o(i.ADC_ChannelConfig)
    ADC_Cmd                                  0x08000283   Thumb Code    24  ft32f0xx_adc.o(i.ADC_Cmd)
    ADC_DeInit                               0x0800029d   Thumb Code    28  ft32f0xx_adc.o(i.ADC_DeInit)
    ADC_GetCalibrationFactor                 0x080002bd   Thumb Code    60  ft32f0xx_adc.o(i.ADC_GetCalibrationFactor)
    ADC_GetConversionValue                   0x080002f9   Thumb Code     8  ft32f0xx_adc.o(i.ADC_GetConversionValue)
    ADC_GetFlagStatus                        0x08000301   Thumb Code    48  ft32f0xx_adc.o(i.ADC_GetFlagStatus)
    ADC_Init                                 0x08000331   Thumb Code    40  ft32f0xx_adc.o(i.ADC_Init)
    ADC_StartOfConversion                    0x0800035d   Thumb Code    10  ft32f0xx_adc.o(i.ADC_StartOfConversion)
    ADC_StructInit                           0x08000367   Thumb Code    16  ft32f0xx_adc.o(i.ADC_StructInit)
    EXTI4_15_IRQHandler                      0x08000379   Thumb Code    54  ft_exit.o(i.EXTI4_15_IRQHandler)
    EXTI_ClearITPendingBit                   0x080003e9   Thumb Code     6  ft32f0xx_exti.o(i.EXTI_ClearITPendingBit)
    EXTI_GetITStatus                         0x080003f5   Thumb Code    22  ft32f0xx_exti.o(i.EXTI_GetITStatus)
    EXTI_Init                                0x08000411   Thumb Code   132  ft32f0xx_exti.o(i.EXTI_Init)
    GPIO_Init                                0x08000499   Thumb Code   144  ft32f0xx_gpio.o(i.GPIO_Init)
    GPIO_PinAFConfig                         0x08000529   Thumb Code    68  ft32f0xx_gpio.o(i.GPIO_PinAFConfig)
    HardFault_Handler                        0x0800056d   Thumb Code     2  ft32f0xx_it.o(i.HardFault_Handler)
    NMI_Handler                              0x0800056f   Thumb Code     2  ft32f0xx_it.o(i.NMI_Handler)
    NVIC_Init                                0x08000571   Thumb Code   106  ft32f0xx_misc.o(i.NVIC_Init)
    PendSV_Handler                           0x080005e1   Thumb Code     2  ft32f0xx_it.o(i.PendSV_Handler)
    RCC_AHBPeriphClockCmd                    0x080005e5   Thumb Code    28  ft32f0xx_rcc.o(i.RCC_AHBPeriphClockCmd)
    RCC_APB1PeriphClockCmd                   0x08000605   Thumb Code    28  ft32f0xx_rcc.o(i.RCC_APB1PeriphClockCmd)
    RCC_APB2PeriphClockCmd                   0x08000625   Thumb Code    28  ft32f0xx_rcc.o(i.RCC_APB2PeriphClockCmd)
    RCC_APB2PeriphResetCmd                   0x08000645   Thumb Code    28  ft32f0xx_rcc.o(i.RCC_APB2PeriphResetCmd)
    RCC_GetClocksFreq                        0x08000665   Thumb Code   362  ft32f0xx_rcc.o(i.RCC_GetClocksFreq)
    SVC_Handler                              0x080007e9   Thumb Code     2  ft32f0xx_it.o(i.SVC_Handler)
    SYSCFG_EXTILineConfig                    0x080007ed   Thumb Code    60  ft32f0xx_syscfg.o(i.SYSCFG_EXTILineConfig)
    SysTick_Handler                          0x080008fd   Thumb Code     2  ft32f0xx_it.o(i.SysTick_Handler)
    SystemInit                               0x08000901   Thumb Code   110  system_ft32f0xx.o(i.SystemInit)
    TIM3_IRQHandler                          0x0800097d   Thumb Code    56  ft_timer.o(i.TIM3_IRQHandler)
    TIM_ClearITPendingBit                    0x080009c1   Thumb Code     6  ft32f0xx_tim.o(i.TIM_ClearITPendingBit)
    TIM_Cmd                                  0x080009c9   Thumb Code    24  ft32f0xx_tim.o(i.TIM_Cmd)
    TIM_GetITStatus                          0x080009e5   Thumb Code    38  ft32f0xx_tim.o(i.TIM_GetITStatus)
    TIM_ITConfig                             0x08000a0b   Thumb Code    20  ft32f0xx_tim.o(i.TIM_ITConfig)
    TIM_TimeBaseInit                         0x08000a21   Thumb Code    90  ft32f0xx_tim.o(i.TIM_TimeBaseInit)
    USART_Cmd                                0x08000a9d   Thumb Code    24  ft32f0xx_usart.o(i.USART_Cmd)
    USART_GetFlagStatus                      0x08000ab5   Thumb Code    20  ft32f0xx_usart.o(i.USART_GetFlagStatus)
    USART_Init                               0x08000ac9   Thumb Code   208  ft32f0xx_usart.o(i.USART_Init)
    USART_SendData                           0x08000ba9   Thumb Code     8  ft32f0xx_usart.o(i.USART_SendData)
    __0printf$8                              0x08000bb1   Thumb Code    24  printf8.o(i.__0printf$8)
    __1printf$8                              0x08000bb1   Thumb Code     0  printf8.o(i.__0printf$8)
    __2printf                                0x08000bb1   Thumb Code     0  printf8.o(i.__0printf$8)
    __scatterload_copy                       0x08000bd1   Thumb Code    14  handlers.o(i.__scatterload_copy)
    __scatterload_null                       0x08000bdf   Thumb Code     2  handlers.o(i.__scatterload_null)
    __scatterload_zeroinit                   0x08000be1   Thumb Code    14  handlers.o(i.__scatterload_zeroinit)
    adc_ch_value_get                         0x08001065   Thumb Code    26  ft_adc.o(i.adc_ch_value_get)
    adc_init                                 0x08001085   Thumb Code   130  ft_adc.o(i.adc_init)
    bk9532_lr_init                           0x0800110d   Thumb Code    52  bk953x_handler.o(i.bk9532_lr_init)
    bk953x_chip_id_get                       0x08001145   Thumb Code    56  bk953x.o(i.bk953x_chip_id_get)
    bk953x_res_init                          0x080011d1   Thumb Code     8  bk953x.o(i.bk953x_res_init)
    conf_gpio_input                          0x080011d9   Thumb Code    38  ft_gpio.o(i.conf_gpio_input)
    conf_gpio_output                         0x080011ff   Thumb Code    46  ft_gpio.o(i.conf_gpio_output)
    exit_init                                0x0800122d   Thumb Code   102  ft_exit.o(i.exit_init)
    fputc                                    0x08001293   Thumb Code    18  retarget.o(i.fputc)
    ft_delay_ms                              0x080012a5   Thumb Code    28  ft_delay.o(i.ft_delay_ms)
    ft_delay_us                              0x080012c1   Thumb Code   172  ft_delay.o(i.ft_delay_us)
    ft_timer_tick_get                        0x08001381   Thumb Code     6  ft_timer.o(i.ft_timer_tick_get)
    ft_uart_init                             0x0800138d   Thumb Code   160  ft_usart.o(i.ft_uart_init)
    ft_uart_put                              0x0800142d   Thumb Code    60  ft_usart.o(i.ft_uart_put)
    get_gpio_value                           0x08001535   Thumb Code    18  ft_gpio.o(i.get_gpio_value)
    main                                     0x08001549   Thumb Code    76  main.o(i.main)
    mid_bk953x_read_one_reg                  0x080015e1   Thumb Code    46  mid_bk953x.o(i.mid_bk953x_read_one_reg)
    mid_bk953x_res_init                      0x0800160f   Thumb Code     8  mid_bk953x.o(i.mid_bk953x_res_init)
    set_gpio_value                           0x08001617   Thumb Code    12  ft_gpio.o(i.set_gpio_value)
    timer_init                               0x08001625   Thumb Code    92  ft_timer.o(i.timer_init)
    trace_init                               0x08001691   Thumb Code   106  trace.o(i.trace_init)
    virt1_i2c_read_byte                      0x08001701   Thumb Code   120  ft_i2c.o(i.virt1_i2c_read_byte)
    virt1_i2c_send_byte                      0x08001779   Thumb Code   124  ft_i2c.o(i.virt1_i2c_send_byte)
    virt1_i2c_set_ack                        0x080017f5   Thumb Code    80  ft_i2c.o(i.virt1_i2c_set_ack)
    virt1_i2c_set_nack                       0x08001845   Thumb Code    78  ft_i2c.o(i.virt1_i2c_set_nack)
    virt1_i2c_start                          0x08001893   Thumb Code    64  ft_i2c.o(i.virt1_i2c_start)
    virt1_i2c_stop                           0x080018d3   Thumb Code    64  ft_i2c.o(i.virt1_i2c_stop)
    virt1_i2c_wait_ack                       0x08001913   Thumb Code   116  ft_i2c.o(i.virt1_i2c_wait_ack)
    virt_i2c_init                            0x08001987   Thumb Code    56  ft_i2c.o(i.virt_i2c_init)
    Region$$Table$$Base                      0x080019c0   Number         0  anon$$obj.o(Region$$Table)
    Region$$Table$$Limit                     0x080019e0   Number         0  anon$$obj.o(Region$$Table)
    SystemCoreClock                          0x20000000   Data           4  system_ft32f0xx.o(.data)
    AHBPrescTable                            0x20000004   Data          16  system_ft32f0xx.o(.data)
    __stdout                                 0x20000044   Data           4  retarget.o(.data)
    __stdin                                  0x20000048   Data           4  retarget.o(.data)
    __initial_sp                             0x20000450   Data           0  startup_ft32f072xb.o(STACK)



==============================================================================

Memory Map of the image

  Image Entry point : 0x080000c1

  Load Region LR_IROM1 (Base: 0x08000000, Size: 0x00001a30, Max: 0x00010000, ABSOLUTE)

    Execution Region ER_IROM1 (Exec base: 0x08000000, Load base: 0x08000000, Size: 0x000019e0, Max: 0x00010000, ABSOLUTE)

    Exec Addr    Load Addr    Size         Type   Attr      Idx    E Section Name        Object

    0x08000000   0x08000000   0x000000c0   Data   RO          127    RESET               startup_ft32f072xb.o
    0x080000c0   0x080000c0   0x00000000   Code   RO         3523  * .ARM.Collect$$$$00000000  mc_p.l(entry.o)
    0x080000c0   0x080000c0   0x00000004   Code   RO         3795    .ARM.Collect$$$$00000001  mc_p.l(entry2.o)
    0x080000c4   0x080000c4   0x00000004   Code   RO         3798    .ARM.Collect$$$$00000004  mc_p.l(entry5.o)
    0x080000c8   0x080000c8   0x00000000   Code   RO         3800    .ARM.Collect$$$$00000008  mc_p.l(entry7b.o)
    0x080000c8   0x080000c8   0x00000000   Code   RO         3802    .ARM.Collect$$$$0000000A  mc_p.l(entry8b.o)
    0x080000c8   0x080000c8   0x00000008   Code   RO         3803    .ARM.Collect$$$$0000000B  mc_p.l(entry9a.o)
    0x080000d0   0x080000d0   0x00000000   Code   RO         3805    .ARM.Collect$$$$0000000D  mc_p.l(entry10a.o)
    0x080000d0   0x080000d0   0x00000000   Code   RO         3807    .ARM.Collect$$$$0000000F  mc_p.l(entry11a.o)
    0x080000d0   0x080000d0   0x00000004   Code   RO         3796    .ARM.Collect$$$$00002712  mc_p.l(entry2.o)
    0x080000d4   0x080000d4   0x00000058   Code   RO          128    .text               startup_ft32f072xb.o
    0x0800012c   0x0800012c   0x0000002c   Code   RO         3526    .text               mc_p.l(uidiv.o)
    0x08000158   0x08000158   0x00000028   Code   RO         3528    .text               mc_p.l(idiv.o)
    0x08000180   0x08000180   0x00000024   Code   RO         3530    .text               mc_p.l(memcpya.o)
    0x080001a4   0x080001a4   0x00000060   Code   RO         3809    .text               mc_p.l(uldiv.o)
    0x08000204   0x08000204   0x00000024   Code   RO         3822    .text               mc_p.l(init.o)
    0x08000228   0x08000228   0x00000020   Code   RO         3824    .text               mc_p.l(llshl.o)
    0x08000248   0x08000248   0x00000022   Code   RO         3826    .text               mc_p.l(llushr.o)
    0x0800026a   0x0800026a   0x00000018   Code   RO          339    i.ADC_ChannelConfig  ft32f0xx_adc.o
    0x08000282   0x08000282   0x00000018   Code   RO          343    i.ADC_Cmd           ft32f0xx_adc.o
    0x0800029a   0x0800029a   0x00000002   PAD
    0x0800029c   0x0800029c   0x00000020   Code   RO          347    i.ADC_DeInit        ft32f0xx_adc.o
    0x080002bc   0x080002bc   0x0000003c   Code   RO          349    i.ADC_GetCalibrationFactor  ft32f0xx_adc.o
    0x080002f8   0x080002f8   0x00000008   Code   RO          350    i.ADC_GetConversionValue  ft32f0xx_adc.o
    0x08000300   0x08000300   0x00000030   Code   RO          351    i.ADC_GetFlagStatus  ft32f0xx_adc.o
    0x08000330   0x08000330   0x0000002c   Code   RO          354    i.ADC_Init          ft32f0xx_adc.o
    0x0800035c   0x0800035c   0x0000000a   Code   RO          357    i.ADC_StartOfConversion  ft32f0xx_adc.o
    0x08000366   0x08000366   0x00000010   Code   RO          359    i.ADC_StructInit    ft32f0xx_adc.o
    0x08000376   0x08000376   0x00000002   PAD
    0x08000378   0x08000378   0x00000070   Code   RO         3352    i.EXTI4_15_IRQHandler  ft_exit.o
    0x080003e8   0x080003e8   0x0000000c   Code   RO          865    i.EXTI_ClearITPendingBit  ft32f0xx_exti.o
    0x080003f4   0x080003f4   0x0000001c   Code   RO          869    i.EXTI_GetITStatus  ft32f0xx_exti.o
    0x08000410   0x08000410   0x00000088   Code   RO          870    i.EXTI_Init         ft32f0xx_exti.o
    0x08000498   0x08000498   0x00000090   Code   RO         1115    i.GPIO_Init         ft32f0xx_gpio.o
    0x08000528   0x08000528   0x00000044   Code   RO         1117    i.GPIO_PinAFConfig  ft32f0xx_gpio.o
    0x0800056c   0x0800056c   0x00000002   Code   RO          256    i.HardFault_Handler  ft32f0xx_it.o
    0x0800056e   0x0800056e   0x00000002   Code   RO          257    i.NMI_Handler       ft32f0xx_it.o
    0x08000570   0x08000570   0x00000070   Code   RO         1534    i.NVIC_Init         ft32f0xx_misc.o
    0x080005e0   0x080005e0   0x00000002   Code   RO          258    i.PendSV_Handler    ft32f0xx_it.o
    0x080005e2   0x080005e2   0x00000002   PAD
    0x080005e4   0x080005e4   0x00000020   Code   RO         1644    i.RCC_AHBPeriphClockCmd  ft32f0xx_rcc.o
    0x08000604   0x08000604   0x00000020   Code   RO         1646    i.RCC_APB1PeriphClockCmd  ft32f0xx_rcc.o
    0x08000624   0x08000624   0x00000020   Code   RO         1648    i.RCC_APB2PeriphClockCmd  ft32f0xx_rcc.o
    0x08000644   0x08000644   0x00000020   Code   RO         1649    i.RCC_APB2PeriphResetCmd  ft32f0xx_rcc.o
    0x08000664   0x08000664   0x00000184   Code   RO         1657    i.RCC_GetClocksFreq  ft32f0xx_rcc.o
    0x080007e8   0x080007e8   0x00000002   Code   RO          259    i.SVC_Handler       ft32f0xx_it.o
    0x080007ea   0x080007ea   0x00000002   PAD
    0x080007ec   0x080007ec   0x00000040   Code   RO         2090    i.SYSCFG_EXTILineConfig  ft32f0xx_syscfg.o
    0x0800082c   0x0800082c   0x000000d0   Code   RO            3    i.SetSysClock       system_ft32f0xx.o
    0x080008fc   0x080008fc   0x00000002   Code   RO          260    i.SysTick_Handler   ft32f0xx_it.o
    0x080008fe   0x080008fe   0x00000002   PAD
    0x08000900   0x08000900   0x0000007c   Code   RO            5    i.SystemInit        system_ft32f0xx.o
    0x0800097c   0x0800097c   0x00000044   Code   RO         3227    i.TIM3_IRQHandler   ft_timer.o
    0x080009c0   0x080009c0   0x00000006   Code   RO         2154    i.TIM_ClearITPendingBit  ft32f0xx_tim.o
    0x080009c6   0x080009c6   0x00000002   PAD
    0x080009c8   0x080009c8   0x0000001c   Code   RO         2159    i.TIM_Cmd           ft32f0xx_tim.o
    0x080009e4   0x080009e4   0x00000026   Code   RO         2180    i.TIM_GetITStatus   ft32f0xx_tim.o
    0x08000a0a   0x08000a0a   0x00000014   Code   RO         2184    i.TIM_ITConfig      ft32f0xx_tim.o
    0x08000a1e   0x08000a1e   0x00000002   PAD
    0x08000a20   0x08000a20   0x0000007c   Code   RO         2232    i.TIM_TimeBaseInit  ft32f0xx_tim.o
    0x08000a9c   0x08000a9c   0x00000018   Code   RO         2721    i.USART_Cmd         ft32f0xx_usart.o
    0x08000ab4   0x08000ab4   0x00000014   Code   RO         2729    i.USART_GetFlagStatus  ft32f0xx_usart.o
    0x08000ac8   0x08000ac8   0x000000e0   Code   RO         2733    i.USART_Init        ft32f0xx_usart.o
    0x08000ba8   0x08000ba8   0x00000008   Code   RO         2745    i.USART_SendData    ft32f0xx_usart.o
    0x08000bb0   0x08000bb0   0x00000020   Code   RO         3741    i.__0printf$8       mc_p.l(printf8.o)
    0x08000bd0   0x08000bd0   0x0000000e   Code   RO         3836    i.__scatterload_copy  mc_p.l(handlers.o)
    0x08000bde   0x08000bde   0x00000002   Code   RO         3837    i.__scatterload_null  mc_p.l(handlers.o)
    0x08000be0   0x08000be0   0x0000000e   Code   RO         3838    i.__scatterload_zeroinit  mc_p.l(handlers.o)
    0x08000bee   0x08000bee   0x00000002   PAD
    0x08000bf0   0x08000bf0   0x00000428   Code   RO         3748    i._printf_core      mc_p.l(printf8.o)
    0x08001018   0x08001018   0x00000020   Code   RO         3749    i._printf_post_padding  mc_p.l(printf8.o)
    0x08001038   0x08001038   0x0000002c   Code   RO         3750    i._printf_pre_padding  mc_p.l(printf8.o)
    0x08001064   0x08001064   0x00000020   Code   RO         3412    i.adc_ch_value_get  ft_adc.o
    0x08001084   0x08001084   0x00000088   Code   RO         3413    i.adc_init          ft_adc.o
    0x0800110c   0x0800110c   0x00000038   Code   RO          303    i.bk9532_lr_init    bk953x_handler.o
    0x08001144   0x08001144   0x0000008c   Code   RO         2969    i.bk953x_chip_id_get  bk953x.o
    0x080011d0   0x080011d0   0x00000008   Code   RO         2972    i.bk953x_res_init   bk953x.o
    0x080011d8   0x080011d8   0x00000026   Code   RO         3032    i.conf_gpio_input   ft_gpio.o
    0x080011fe   0x080011fe   0x0000002e   Code   RO         3033    i.conf_gpio_output  ft_gpio.o
    0x0800122c   0x0800122c   0x00000066   Code   RO         3353    i.exit_init         ft_exit.o
    0x08001292   0x08001292   0x00000012   Code   RO         3296    i.fputc             retarget.o
    0x080012a4   0x080012a4   0x0000001c   Code   RO         3386    i.ft_delay_ms       ft_delay.o
    0x080012c0   0x080012c0   0x000000b0   Code   RO         3387    i.ft_delay_us       ft_delay.o
    0x08001370   0x08001370   0x0000000e   Code   RO         3106    i.ft_i2c_delay      ft_i2c.o
    0x0800137e   0x0800137e   0x00000002   PAD
    0x08001380   0x08001380   0x0000000c   Code   RO         3228    i.ft_timer_tick_get  ft_timer.o
    0x0800138c   0x0800138c   0x000000a0   Code   RO         3267    i.ft_uart_init      ft_usart.o
    0x0800142c   0x0800142c   0x00000044   Code   RO         3268    i.ft_uart_put       ft_usart.o
    0x08001470   0x08001470   0x000000c4   Code   RO         3446    i.ft_virt1_i2c_bk953x_read_one_reg  mid_bk953x.o
    0x08001534   0x08001534   0x00000012   Code   RO         3036    i.get_gpio_value    ft_gpio.o
    0x08001546   0x08001546   0x00000002   PAD
    0x08001548   0x08001548   0x00000098   Code   RO          134    i.main              main.o
    0x080015e0   0x080015e0   0x0000002e   Code   RO         3448    i.mid_bk953x_read_one_reg  mid_bk953x.o
    0x0800160e   0x0800160e   0x00000008   Code   RO         3449    i.mid_bk953x_res_init  mid_bk953x.o
    0x08001616   0x08001616   0x0000000c   Code   RO         3040    i.set_gpio_value    ft_gpio.o
    0x08001622   0x08001622   0x00000002   PAD
    0x08001624   0x08001624   0x0000006c   Code   RO         3230    i.timer_init        ft_timer.o
    0x08001690   0x08001690   0x00000070   Code   RO         3500    i.trace_init        trace.o
    0x08001700   0x08001700   0x00000078   Code   RO         3112    i.virt1_i2c_read_byte  ft_i2c.o
    0x08001778   0x08001778   0x0000007c   Code   RO         3114    i.virt1_i2c_send_byte  ft_i2c.o
    0x080017f4   0x080017f4   0x00000050   Code   RO         3115    i.virt1_i2c_set_ack  ft_i2c.o
    0x08001844   0x08001844   0x0000004e   Code   RO         3116    i.virt1_i2c_set_nack  ft_i2c.o
    0x08001892   0x08001892   0x00000040   Code   RO         3117    i.virt1_i2c_start   ft_i2c.o
    0x080018d2   0x080018d2   0x00000040   Code   RO         3118    i.virt1_i2c_stop    ft_i2c.o
    0x08001912   0x08001912   0x00000074   Code   RO         3119    i.virt1_i2c_wait_ack  ft_i2c.o
    0x08001986   0x08001986   0x00000038   Code   RO         3121    i.virt_i2c_init     ft_i2c.o
    0x080019be   0x080019be   0x00000002   PAD
    0x080019c0   0x080019c0   0x00000020   Data   RO         3834    Region$$Table       anon$$obj.o


    Execution Region RW_IRAM1 (Exec base: 0x20000000, Load base: 0x080019e0, Size: 0x00000450, Max: 0x00002000, ABSOLUTE)

    Exec Addr    Load Addr    Size         Type   Attr      Idx    E Section Name        Object

    0x20000000   0x080019e0   0x00000014   Data   RW            6    .data               system_ft32f0xx.o
    0x20000014   0x080019f4   0x0000000c   Data   RW          304    .data               bk953x_handler.o
    0x20000020   0x08001a00   0x00000010   Data   RW         1683    .data               ft32f0xx_rcc.o
    0x20000030   0x08001a10   0x00000012   Data   RW         3231    .data               ft_timer.o
    0x20000042   0x08001a22   0x00000002   PAD
    0x20000044   0x08001a24   0x00000008   Data   RW         3297    .data               retarget.o
    0x2000004c   0x08001a2c   0x00000004   Data   RW         3355    .data               ft_exit.o
    0x20000050        -       0x00000400   Zero   RW          125    STACK               startup_ft32f072xb.o


==============================================================================

Image component sizes


      Code (inc. data)   RO Data    RW Data    ZI Data      Debug   Object Name

       148         84          0          0          0       1847   bk953x.o
        56          4          0         12          0        813   bk953x_handler.o
       266          8          0          0          0      27983   ft32f0xx_adc.o
       176         16          0          0          0       5356   ft32f0xx_exti.o
       212          0          0          0          0       7499   ft32f0xx_gpio.o
        10          0          0          0          0       2183   ft32f0xx_it.o
       112          6          0          0          0       2232   ft32f0xx_misc.o
       516         42          0         16          0      17615   ft32f0xx_rcc.o
        64          4          0          0          0        712   ft32f0xx_syscfg.o
       216         38          0          0          0      24194   ft32f0xx_tim.o
       276         16          0          0          0      12696   ft32f0xx_usart.o
       168         12          0          0          0       1266   ft_adc.o
       204          4          0          0          0       1600   ft_delay.o
       214         58          0          4          0       1494   ft_exit.o
       114          0          0          0          0       3307   ft_gpio.o
       716          0          0          0          0       5317   ft_i2c.o
       188         34          0         18          0       2015   ft_timer.o
       228          8          0          0          0       3053   ft_usart.o
       152         76          0          0          0       3039   main.o
       250         54          0          0          0       3016   mid_bk953x.o
        18          0          0          8          0       2750   retarget.o
        88         38        192          0       1024        776   startup_ft32f072xb.o
       332         24          0         20          0     193289   system_ft32f0xx.o
       112          6          0          0          0        649   trace.o

    ----------------------------------------------------------------------
      4858        532        224         80       1024     324701   Object Totals
         0          0         32          0          0          0   (incl. Generated)
        22          0          0          2          0          0   (incl. Padding)

    ----------------------------------------------------------------------

      Code (inc. data)   RO Data    RW Data    ZI Data      Debug   Library Member Name

         0          0          0          0          0          0   entry.o
         0          0          0          0          0          0   entry10a.o
         0          0          0          0          0          0   entry11a.o
         8          4          0          0          0          0   entry2.o
         4          0          0          0          0          0   entry5.o
         0          0          0          0          0          0   entry7b.o
         0          0          0          0          0          0   entry8b.o
         8          4          0          0          0          0   entry9a.o
        30          0          0          0          0          0   handlers.o
        40          0          0          0          0         72   idiv.o
        36          8          0          0          0         68   init.o
        32          0          0          0          0         68   llshl.o
        34          0          0          0          0         68   llushr.o
        36          0          0          0          0         60   memcpya.o
      1172         52          0          0          0        324   printf8.o
        44          0          0          0          0         72   uidiv.o
        96          0          0          0          0         84   uldiv.o

    ----------------------------------------------------------------------
      1542         68          0          0          0        816   Library Totals
         2          0          0          0          0          0   (incl. Padding)

    ----------------------------------------------------------------------

      Code (inc. data)   RO Data    RW Data    ZI Data      Debug   Library Name

      1540         68          0          0          0        816   mc_p.l

    ----------------------------------------------------------------------
      1542         68          0          0          0        816   Library Totals

    ----------------------------------------------------------------------

==============================================================================


      Code (inc. data)   RO Data    RW Data    ZI Data      Debug   

      6400        600        224         80       1024     322369   Grand Totals
      6400        600        224         80       1024     322369   ELF Image Totals
      6400        600        224         80          0          0   ROM Totals

==============================================================================

    Total RO  Size (Code + RO Data)                 6624 (   6.47kB)
    Total RW  Size (RW Data + ZI Data)              1104 (   1.08kB)
    Total ROM Size (Code + RO Data + RW Data)       6704 (   6.55kB)

==============================================================================

