<html>
<body>
<pre>
<h1>µVision Build Log</h1>
<h2>Tool Versions:</h2>
IDE-Version: ¦ÌVision V5.31.0.0
Copyright (C) 2020 ARM Ltd and ARM Germany GmbH. All rights reserved.
License Information: cxn cxn, cxn, LIC=FYKYW-QXSDB-PC1J8-38IDD-VUYXX-CR4UT
 
Tool Versions:
Toolchain:       MDK-ARM Plus  Version: 5.31.0.0
Toolchain Path:  C:\software_install\keil\ARM\ARMCC\Bin
C Compiler:      Armcc.exe V5.06 update 6 (build 750)
Assembler:       Armasm.exe V5.06 update 6 (build 750)
Linker/Locator:  ArmLink.exe V5.06 update 6 (build 750)
Library Manager: ArmAr.exe V5.06 update 6 (build 750)
Hex Converter:   FromElf.exe V5.06 update 6 (build 750)
CPU DLL:         SARMCM3.DLL V5.31.0.0
Dialog DLL:      DARMCM1.DLL V1.19.3.0
Target DLL:      STLink\ST-LINKIII-KEIL_SWO.dll V3.0.7.0
Dialog DLL:      TARMCM1.DLL V1.14.2.0
 
<h2>Project:</h2>
Y:\github\ft32\meeting-machine\FT32F0xx_StdPeriph_Lib_V1.4.0\Projects\meeting_machine_pro\MDK-ARM\Project.uvprojx
Project File Date:  10/10/2021

<h2>Output:</h2>
*** Using Compiler 'V5.06 update 6 (build 750)', folder: 'C:\software_install\keil\ARM\ARMCC\Bin'
Build target 'FT32F030X'
compiling ft32f0xx_it.c...
compiling system_ft32f0xx.c...
compiling main.c...
compiling FT32f0xx_comp.c...
compiling FT32f0xx_crc.c...
compiling FT32f0xx_adc.c...
compiling FT32f0xx_dbgmcu.c...
compiling FT32f0xx_dac.c...
compiling FT32f0xx_crs.c...
compiling FT32f0xx_exti.c...
compiling FT32f0xx_dma.c...
compiling FT32f0xx_flash.c...
compiling FT32f0xx_iwdg.c...
compiling FT32f0xx_gpio.c...
compiling FT32f0xx_i2c.c...
compiling FT32f0xx_misc.c...
compiling FT32f0xx_pwr.c...
compiling FT32f0xx_rcc.c...
compiling FT32f0xx_spi.c...
compiling FT32f0xx_rtc.c...
compiling FT32f0xx_syscfg.c...
compiling FT32f0xx_usart.c...
compiling FT32f0xx_tim.c...
compiling FT32f0xx_wwdg.c...
compiling FT32F030XX_eval.c...
compiling FT32F030XX_eval_i2c_ee.c...
compiling FT32F030XX_eval_lcd.c...
compiling st7789.c...
compiling ft_gpio.c...
compiling tft_8080.c...
compiling ft_i2c.c...
linking...
Program Size: Code=876 RO-data=208 RW-data=0 ZI-data=1024  
FromELF: creating hex file...
".\Objects\FT32F0XX.axf" - 0 Error(s), 0 Warning(s).

<h2>Software Packages used:</h2>

Package Vendor: FMD
                https://www.fremontmicro.com/upload/tools/pack/FMD.FT32F0xx_DFP.1.0.1.pack
                FMD.FT32F0xx_DFP.1.0.1
                FremontMicro FT32F0 Series Device Support and Examples

<h2>Collection of Component include folders:</h2>
  C:\software_install\keil\FMD\FT32F0xx_DFP\1.0.1\Drivers\CMSIS\FT32F0xx\Include

<h2>Collection of Component Files used:</h2>
Build Time Elapsed:  00:00:06
</pre>
</body>
</html>
