<!doctype html public "-//w3c//dtd html 4.0 transitional//en">
<html><head>
<title>Static Call Graph - [.\Objects\FT32F0XX.axf]</title></head>
<body><HR>
<H1>Static Call Graph for image .\Objects\FT32F0XX.axf</H1><HR>
<BR><P>#&#060CALLGRAPH&#062# ARM Linker, 5060750: Last Updated: Sun Oct 17 14:51:38 2021
<BR><P>
<H3>Maximum Stack Usage =         44 bytes + Unknown(Cycles, Untraceable Function Pointers)</H3><H3>
Call chain for Maximum Stack Depth:</H3>
main &rArr; conf_gpio_output &rArr; GPIO_Init
<P>
<H3>
Mutually Recursive functions
</H3> <LI><a href="#[11]">ADC1_IRQHandler</a>&nbsp;&nbsp;&nbsp;&rArr;&nbsp;&nbsp;&nbsp;<a href="#[11]">ADC1_IRQHandler</a><BR>
</UL>
<P>
<H3>
Function Pointers
</H3><UL>
 <LI><a href="#[11]">ADC1_IRQHandler</a> from startup_ft32f072xb.o(.text) referenced from startup_ft32f072xb.o(RESET)
 <LI><a href="#[e]">DMA1_Channel1_IRQHandler</a> from startup_ft32f072xb.o(.text) referenced from startup_ft32f072xb.o(RESET)
 <LI><a href="#[f]">DMA1_Channel2_3_IRQHandler</a> from startup_ft32f072xb.o(.text) referenced from startup_ft32f072xb.o(RESET)
 <LI><a href="#[10]">DMA1_Channel4_5_IRQHandler</a> from startup_ft32f072xb.o(.text) referenced from startup_ft32f072xb.o(RESET)
 <LI><a href="#[b]">EXTI0_1_IRQHandler</a> from startup_ft32f072xb.o(.text) referenced from startup_ft32f072xb.o(RESET)
 <LI><a href="#[c]">EXTI2_3_IRQHandler</a> from startup_ft32f072xb.o(.text) referenced from startup_ft32f072xb.o(RESET)
 <LI><a href="#[d]">EXTI4_15_IRQHandler</a> from startup_ft32f072xb.o(.text) referenced from startup_ft32f072xb.o(RESET)
 <LI><a href="#[9]">FLASH_IRQHandler</a> from startup_ft32f072xb.o(.text) referenced from startup_ft32f072xb.o(RESET)
 <LI><a href="#[2]">HardFault_Handler</a> from ft32f0xx_it.o(i.HardFault_Handler) referenced from startup_ft32f072xb.o(RESET)
 <LI><a href="#[1a]">I2C1_IRQHandler</a> from startup_ft32f072xb.o(.text) referenced from startup_ft32f072xb.o(RESET)
 <LI><a href="#[1b]">I2C2_IRQHandler</a> from startup_ft32f072xb.o(.text) referenced from startup_ft32f072xb.o(RESET)
 <LI><a href="#[1]">NMI_Handler</a> from ft32f0xx_it.o(i.NMI_Handler) referenced from startup_ft32f072xb.o(RESET)
 <LI><a href="#[7]">PVD_VDDIO_IRQHandler</a> from startup_ft32f072xb.o(.text) referenced from startup_ft32f072xb.o(RESET)
 <LI><a href="#[4]">PendSV_Handler</a> from ft32f0xx_it.o(i.PendSV_Handler) referenced from startup_ft32f072xb.o(RESET)
 <LI><a href="#[a]">RCC_IRQHandler</a> from startup_ft32f072xb.o(.text) referenced from startup_ft32f072xb.o(RESET)
 <LI><a href="#[8]">RTC_IRQHandler</a> from startup_ft32f072xb.o(.text) referenced from startup_ft32f072xb.o(RESET)
 <LI><a href="#[0]">Reset_Handler</a> from startup_ft32f072xb.o(.text) referenced from startup_ft32f072xb.o(RESET)
 <LI><a href="#[1c]">SPI1_IRQHandler</a> from startup_ft32f072xb.o(.text) referenced from startup_ft32f072xb.o(RESET)
 <LI><a href="#[1d]">SPI2_IRQHandler</a> from startup_ft32f072xb.o(.text) referenced from startup_ft32f072xb.o(RESET)
 <LI><a href="#[3]">SVC_Handler</a> from ft32f0xx_it.o(i.SVC_Handler) referenced from startup_ft32f072xb.o(RESET)
 <LI><a href="#[5]">SysTick_Handler</a> from ft32f0xx_it.o(i.SysTick_Handler) referenced from startup_ft32f072xb.o(RESET)
 <LI><a href="#[22]">SystemInit</a> from system_ft32f0xx.o(i.SystemInit) referenced from startup_ft32f072xb.o(.text)
 <LI><a href="#[16]">TIM14_IRQHandler</a> from startup_ft32f072xb.o(.text) referenced from startup_ft32f072xb.o(RESET)
 <LI><a href="#[17]">TIM15_IRQHandler</a> from startup_ft32f072xb.o(.text) referenced from startup_ft32f072xb.o(RESET)
 <LI><a href="#[18]">TIM16_IRQHandler</a> from startup_ft32f072xb.o(.text) referenced from startup_ft32f072xb.o(RESET)
 <LI><a href="#[19]">TIM17_IRQHandler</a> from startup_ft32f072xb.o(.text) referenced from startup_ft32f072xb.o(RESET)
 <LI><a href="#[12]">TIM1_BRK_UP_TRG_COM_IRQHandler</a> from startup_ft32f072xb.o(.text) referenced from startup_ft32f072xb.o(RESET)
 <LI><a href="#[13]">TIM1_CC_IRQHandler</a> from startup_ft32f072xb.o(.text) referenced from startup_ft32f072xb.o(RESET)
 <LI><a href="#[14]">TIM3_IRQHandler</a> from ft_timer.o(i.TIM3_IRQHandler) referenced from startup_ft32f072xb.o(RESET)
 <LI><a href="#[15]">TIM6_IRQHandler</a> from startup_ft32f072xb.o(.text) referenced from startup_ft32f072xb.o(RESET)
 <LI><a href="#[1e]">USART1_IRQHandler</a> from startup_ft32f072xb.o(.text) referenced from startup_ft32f072xb.o(RESET)
 <LI><a href="#[1f]">USART2_IRQHandler</a> from startup_ft32f072xb.o(.text) referenced from startup_ft32f072xb.o(RESET)
 <LI><a href="#[20]">USB_IRQHandler</a> from startup_ft32f072xb.o(.text) referenced from startup_ft32f072xb.o(RESET)
 <LI><a href="#[6]">WWDG_IRQHandler</a> from startup_ft32f072xb.o(.text) referenced from startup_ft32f072xb.o(RESET)
 <LI><a href="#[23]">__main</a> from entry.o(.ARM.Collect$$$$00000000) referenced from startup_ft32f072xb.o(.text)
 <LI><a href="#[21]">main</a> from main.o(i.main) referenced from entry9a.o(.ARM.Collect$$$$0000000B)
 <LI><a href="#[24]">timer_handler</a> from main.o(i.timer_handler) referenced from main.o(i.main)
</UL>
<P>
<H3>
Global Symbols
</H3>
<P><STRONG><a name="[23]"></a>__main</STRONG> (Thumb, 0 bytes, Stack size unknown bytes, entry.o(.ARM.Collect$$$$00000000))
<BR>[Address Reference Count : 1]<UL><LI> startup_ft32f072xb.o(.text)
</UL>
<P><STRONG><a name="[37]"></a>_main_stk</STRONG> (Thumb, 0 bytes, Stack size unknown bytes, entry2.o(.ARM.Collect$$$$00000001))

<P><STRONG><a name="[25]"></a>_main_scatterload</STRONG> (Thumb, 0 bytes, Stack size unknown bytes, entry5.o(.ARM.Collect$$$$00000004))
<BR><BR>[Calls]<UL><LI><a href="#[26]">&gt;&gt;</a>&nbsp;&nbsp;&nbsp;__scatterload
</UL>

<P><STRONG><a name="[27]"></a>__main_after_scatterload</STRONG> (Thumb, 0 bytes, Stack size unknown bytes, entry5.o(.ARM.Collect$$$$00000004))
<BR><BR>[Called By]<UL><LI><a href="#[26]">&gt;&gt;</a>&nbsp;&nbsp;&nbsp;__scatterload
</UL>

<P><STRONG><a name="[38]"></a>_main_clock</STRONG> (Thumb, 0 bytes, Stack size unknown bytes, entry7b.o(.ARM.Collect$$$$00000008))

<P><STRONG><a name="[39]"></a>_main_cpp_init</STRONG> (Thumb, 0 bytes, Stack size unknown bytes, entry8b.o(.ARM.Collect$$$$0000000A))

<P><STRONG><a name="[3a]"></a>_main_init</STRONG> (Thumb, 0 bytes, Stack size unknown bytes, entry9a.o(.ARM.Collect$$$$0000000B))

<P><STRONG><a name="[3b]"></a>__rt_final_cpp</STRONG> (Thumb, 0 bytes, Stack size unknown bytes, entry10a.o(.ARM.Collect$$$$0000000D))

<P><STRONG><a name="[3c]"></a>__rt_final_exit</STRONG> (Thumb, 0 bytes, Stack size unknown bytes, entry11a.o(.ARM.Collect$$$$0000000F))

<P><STRONG><a name="[0]"></a>Reset_Handler</STRONG> (Thumb, 38 bytes, Stack size 0 bytes, startup_ft32f072xb.o(.text))
<BR>[Address Reference Count : 1]<UL><LI> startup_ft32f072xb.o(RESET)
</UL>
<P><STRONG><a name="[11]"></a>ADC1_IRQHandler</STRONG> (Thumb, 0 bytes, Stack size 0 bytes, startup_ft32f072xb.o(.text))
<BR><BR>[Calls]<UL><LI><a href="#[11]">&gt;&gt;</a>&nbsp;&nbsp;&nbsp;ADC1_IRQHandler
</UL>
<BR>[Called By]<UL><LI><a href="#[11]">&gt;&gt;</a>&nbsp;&nbsp;&nbsp;ADC1_IRQHandler
</UL>
<BR>[Address Reference Count : 1]<UL><LI> startup_ft32f072xb.o(RESET)
</UL>
<P><STRONG><a name="[e]"></a>DMA1_Channel1_IRQHandler</STRONG> (Thumb, 0 bytes, Stack size 0 bytes, startup_ft32f072xb.o(.text))
<BR>[Address Reference Count : 1]<UL><LI> startup_ft32f072xb.o(RESET)
</UL>
<P><STRONG><a name="[f]"></a>DMA1_Channel2_3_IRQHandler</STRONG> (Thumb, 0 bytes, Stack size 0 bytes, startup_ft32f072xb.o(.text))
<BR>[Address Reference Count : 1]<UL><LI> startup_ft32f072xb.o(RESET)
</UL>
<P><STRONG><a name="[10]"></a>DMA1_Channel4_5_IRQHandler</STRONG> (Thumb, 0 bytes, Stack size 0 bytes, startup_ft32f072xb.o(.text))
<BR>[Address Reference Count : 1]<UL><LI> startup_ft32f072xb.o(RESET)
</UL>
<P><STRONG><a name="[b]"></a>EXTI0_1_IRQHandler</STRONG> (Thumb, 0 bytes, Stack size 0 bytes, startup_ft32f072xb.o(.text))
<BR>[Address Reference Count : 1]<UL><LI> startup_ft32f072xb.o(RESET)
</UL>
<P><STRONG><a name="[c]"></a>EXTI2_3_IRQHandler</STRONG> (Thumb, 0 bytes, Stack size 0 bytes, startup_ft32f072xb.o(.text))
<BR>[Address Reference Count : 1]<UL><LI> startup_ft32f072xb.o(RESET)
</UL>
<P><STRONG><a name="[d]"></a>EXTI4_15_IRQHandler</STRONG> (Thumb, 0 bytes, Stack size 0 bytes, startup_ft32f072xb.o(.text))
<BR>[Address Reference Count : 1]<UL><LI> startup_ft32f072xb.o(RESET)
</UL>
<P><STRONG><a name="[9]"></a>FLASH_IRQHandler</STRONG> (Thumb, 0 bytes, Stack size 0 bytes, startup_ft32f072xb.o(.text))
<BR>[Address Reference Count : 1]<UL><LI> startup_ft32f072xb.o(RESET)
</UL>
<P><STRONG><a name="[1a]"></a>I2C1_IRQHandler</STRONG> (Thumb, 0 bytes, Stack size 0 bytes, startup_ft32f072xb.o(.text))
<BR>[Address Reference Count : 1]<UL><LI> startup_ft32f072xb.o(RESET)
</UL>
<P><STRONG><a name="[1b]"></a>I2C2_IRQHandler</STRONG> (Thumb, 0 bytes, Stack size 0 bytes, startup_ft32f072xb.o(.text))
<BR>[Address Reference Count : 1]<UL><LI> startup_ft32f072xb.o(RESET)
</UL>
<P><STRONG><a name="[7]"></a>PVD_VDDIO_IRQHandler</STRONG> (Thumb, 0 bytes, Stack size 0 bytes, startup_ft32f072xb.o(.text))
<BR>[Address Reference Count : 1]<UL><LI> startup_ft32f072xb.o(RESET)
</UL>
<P><STRONG><a name="[a]"></a>RCC_IRQHandler</STRONG> (Thumb, 0 bytes, Stack size 0 bytes, startup_ft32f072xb.o(.text))
<BR>[Address Reference Count : 1]<UL><LI> startup_ft32f072xb.o(RESET)
</UL>
<P><STRONG><a name="[8]"></a>RTC_IRQHandler</STRONG> (Thumb, 0 bytes, Stack size 0 bytes, startup_ft32f072xb.o(.text))
<BR>[Address Reference Count : 1]<UL><LI> startup_ft32f072xb.o(RESET)
</UL>
<P><STRONG><a name="[1c]"></a>SPI1_IRQHandler</STRONG> (Thumb, 0 bytes, Stack size 0 bytes, startup_ft32f072xb.o(.text))
<BR>[Address Reference Count : 1]<UL><LI> startup_ft32f072xb.o(RESET)
</UL>
<P><STRONG><a name="[1d]"></a>SPI2_IRQHandler</STRONG> (Thumb, 0 bytes, Stack size 0 bytes, startup_ft32f072xb.o(.text))
<BR>[Address Reference Count : 1]<UL><LI> startup_ft32f072xb.o(RESET)
</UL>
<P><STRONG><a name="[16]"></a>TIM14_IRQHandler</STRONG> (Thumb, 0 bytes, Stack size 0 bytes, startup_ft32f072xb.o(.text))
<BR>[Address Reference Count : 1]<UL><LI> startup_ft32f072xb.o(RESET)
</UL>
<P><STRONG><a name="[17]"></a>TIM15_IRQHandler</STRONG> (Thumb, 0 bytes, Stack size 0 bytes, startup_ft32f072xb.o(.text))
<BR>[Address Reference Count : 1]<UL><LI> startup_ft32f072xb.o(RESET)
</UL>
<P><STRONG><a name="[18]"></a>TIM16_IRQHandler</STRONG> (Thumb, 0 bytes, Stack size 0 bytes, startup_ft32f072xb.o(.text))
<BR>[Address Reference Count : 1]<UL><LI> startup_ft32f072xb.o(RESET)
</UL>
<P><STRONG><a name="[19]"></a>TIM17_IRQHandler</STRONG> (Thumb, 0 bytes, Stack size 0 bytes, startup_ft32f072xb.o(.text))
<BR>[Address Reference Count : 1]<UL><LI> startup_ft32f072xb.o(RESET)
</UL>
<P><STRONG><a name="[12]"></a>TIM1_BRK_UP_TRG_COM_IRQHandler</STRONG> (Thumb, 0 bytes, Stack size 0 bytes, startup_ft32f072xb.o(.text))
<BR>[Address Reference Count : 1]<UL><LI> startup_ft32f072xb.o(RESET)
</UL>
<P><STRONG><a name="[13]"></a>TIM1_CC_IRQHandler</STRONG> (Thumb, 0 bytes, Stack size 0 bytes, startup_ft32f072xb.o(.text))
<BR>[Address Reference Count : 1]<UL><LI> startup_ft32f072xb.o(RESET)
</UL>
<P><STRONG><a name="[15]"></a>TIM6_IRQHandler</STRONG> (Thumb, 0 bytes, Stack size 0 bytes, startup_ft32f072xb.o(.text))
<BR>[Address Reference Count : 1]<UL><LI> startup_ft32f072xb.o(RESET)
</UL>
<P><STRONG><a name="[1e]"></a>USART1_IRQHandler</STRONG> (Thumb, 0 bytes, Stack size 0 bytes, startup_ft32f072xb.o(.text))
<BR>[Address Reference Count : 1]<UL><LI> startup_ft32f072xb.o(RESET)
</UL>
<P><STRONG><a name="[1f]"></a>USART2_IRQHandler</STRONG> (Thumb, 0 bytes, Stack size 0 bytes, startup_ft32f072xb.o(.text))
<BR>[Address Reference Count : 1]<UL><LI> startup_ft32f072xb.o(RESET)
</UL>
<P><STRONG><a name="[20]"></a>USB_IRQHandler</STRONG> (Thumb, 0 bytes, Stack size 0 bytes, startup_ft32f072xb.o(.text))
<BR>[Address Reference Count : 1]<UL><LI> startup_ft32f072xb.o(RESET)
</UL>
<P><STRONG><a name="[6]"></a>WWDG_IRQHandler</STRONG> (Thumb, 0 bytes, Stack size 0 bytes, startup_ft32f072xb.o(.text))
<BR>[Address Reference Count : 1]<UL><LI> startup_ft32f072xb.o(RESET)
</UL>
<P><STRONG><a name="[3d]"></a>__aeabi_uidiv</STRONG> (Thumb, 0 bytes, Stack size 12 bytes, uidiv.o(.text), UNUSED)

<P><STRONG><a name="[31]"></a>__aeabi_uidivmod</STRONG> (Thumb, 44 bytes, Stack size 12 bytes, uidiv.o(.text))
<BR><BR>[Stack]<UL><LI>Max Depth = 12<LI>Call Chain = __aeabi_uidivmod
</UL>
<BR>[Called By]<UL><LI><a href="#[2e]">&gt;&gt;</a>&nbsp;&nbsp;&nbsp;timer_init
</UL>

<P><STRONG><a name="[26]"></a>__scatterload</STRONG> (Thumb, 28 bytes, Stack size 0 bytes, init.o(.text))
<BR><BR>[Calls]<UL><LI><a href="#[27]">&gt;&gt;</a>&nbsp;&nbsp;&nbsp;__main_after_scatterload
</UL>
<BR>[Called By]<UL><LI><a href="#[25]">&gt;&gt;</a>&nbsp;&nbsp;&nbsp;_main_scatterload
</UL>

<P><STRONG><a name="[3e]"></a>__scatterload_rt2</STRONG> (Thumb, 0 bytes, Stack size 0 bytes, init.o(.text), UNUSED)

<P><STRONG><a name="[2d]"></a>GPIO_Init</STRONG> (Thumb, 144 bytes, Stack size 20 bytes, ft32f0xx_gpio.o(i.GPIO_Init))
<BR><BR>[Stack]<UL><LI>Max Depth = 20<LI>Call Chain = GPIO_Init
</UL>
<BR>[Called By]<UL><LI><a href="#[2b]">&gt;&gt;</a>&nbsp;&nbsp;&nbsp;conf_gpio_output
</UL>

<P><STRONG><a name="[2]"></a>HardFault_Handler</STRONG> (Thumb, 2 bytes, Stack size 0 bytes, ft32f0xx_it.o(i.HardFault_Handler))
<BR>[Address Reference Count : 1]<UL><LI> startup_ft32f072xb.o(RESET)
</UL>
<P><STRONG><a name="[1]"></a>NMI_Handler</STRONG> (Thumb, 2 bytes, Stack size 0 bytes, ft32f0xx_it.o(i.NMI_Handler))
<BR>[Address Reference Count : 1]<UL><LI> startup_ft32f072xb.o(RESET)
</UL>
<P><STRONG><a name="[33]"></a>NVIC_Init</STRONG> (Thumb, 106 bytes, Stack size 0 bytes, ft32f0xx_misc.o(i.NVIC_Init))
<BR><BR>[Called By]<UL><LI><a href="#[2e]">&gt;&gt;</a>&nbsp;&nbsp;&nbsp;timer_init
</UL>

<P><STRONG><a name="[4]"></a>PendSV_Handler</STRONG> (Thumb, 2 bytes, Stack size 0 bytes, ft32f0xx_it.o(i.PendSV_Handler))
<BR>[Address Reference Count : 1]<UL><LI> startup_ft32f072xb.o(RESET)
</UL>
<P><STRONG><a name="[2c]"></a>RCC_AHBPeriphClockCmd</STRONG> (Thumb, 28 bytes, Stack size 0 bytes, ft32f0xx_rcc.o(i.RCC_AHBPeriphClockCmd))
<BR><BR>[Called By]<UL><LI><a href="#[2b]">&gt;&gt;</a>&nbsp;&nbsp;&nbsp;conf_gpio_output
</UL>

<P><STRONG><a name="[32]"></a>RCC_APB1PeriphClockCmd</STRONG> (Thumb, 28 bytes, Stack size 0 bytes, ft32f0xx_rcc.o(i.RCC_APB1PeriphClockCmd))
<BR><BR>[Called By]<UL><LI><a href="#[2e]">&gt;&gt;</a>&nbsp;&nbsp;&nbsp;timer_init
</UL>

<P><STRONG><a name="[3]"></a>SVC_Handler</STRONG> (Thumb, 2 bytes, Stack size 0 bytes, ft32f0xx_it.o(i.SVC_Handler))
<BR>[Address Reference Count : 1]<UL><LI> startup_ft32f072xb.o(RESET)
</UL>
<P><STRONG><a name="[5]"></a>SysTick_Handler</STRONG> (Thumb, 2 bytes, Stack size 0 bytes, ft32f0xx_it.o(i.SysTick_Handler))
<BR>[Address Reference Count : 1]<UL><LI> startup_ft32f072xb.o(RESET)
</UL>
<P><STRONG><a name="[22]"></a>SystemInit</STRONG> (Thumb, 110 bytes, Stack size 8 bytes, system_ft32f0xx.o(i.SystemInit))
<BR><BR>[Stack]<UL><LI>Max Depth = 20<LI>Call Chain = SystemInit &rArr; SetSysClock
</UL>
<BR>[Calls]<UL><LI><a href="#[28]">&gt;&gt;</a>&nbsp;&nbsp;&nbsp;SetSysClock
</UL>
<BR>[Address Reference Count : 1]<UL><LI> startup_ft32f072xb.o(.text)
</UL>
<P><STRONG><a name="[14]"></a>TIM3_IRQHandler</STRONG> (Thumb, 38 bytes, Stack size 8 bytes, ft_timer.o(i.TIM3_IRQHandler))
<BR><BR>[Stack]<UL><LI>Max Depth = 20<LI>Call Chain = TIM3_IRQHandler &rArr; TIM_GetITStatus
</UL>
<BR>[Calls]<UL><LI><a href="#[29]">&gt;&gt;</a>&nbsp;&nbsp;&nbsp;TIM_GetITStatus
<LI><a href="#[2a]">&gt;&gt;</a>&nbsp;&nbsp;&nbsp;TIM_ClearITPendingBit
</UL>
<BR>[Address Reference Count : 1]<UL><LI> startup_ft32f072xb.o(RESET)
</UL>
<P><STRONG><a name="[2a]"></a>TIM_ClearITPendingBit</STRONG> (Thumb, 6 bytes, Stack size 0 bytes, ft32f0xx_tim.o(i.TIM_ClearITPendingBit))
<BR><BR>[Called By]<UL><LI><a href="#[14]">&gt;&gt;</a>&nbsp;&nbsp;&nbsp;TIM3_IRQHandler
</UL>

<P><STRONG><a name="[36]"></a>TIM_Cmd</STRONG> (Thumb, 24 bytes, Stack size 0 bytes, ft32f0xx_tim.o(i.TIM_Cmd))
<BR><BR>[Called By]<UL><LI><a href="#[2e]">&gt;&gt;</a>&nbsp;&nbsp;&nbsp;timer_init
</UL>

<P><STRONG><a name="[29]"></a>TIM_GetITStatus</STRONG> (Thumb, 38 bytes, Stack size 12 bytes, ft32f0xx_tim.o(i.TIM_GetITStatus))
<BR><BR>[Stack]<UL><LI>Max Depth = 12<LI>Call Chain = TIM_GetITStatus
</UL>
<BR>[Called By]<UL><LI><a href="#[14]">&gt;&gt;</a>&nbsp;&nbsp;&nbsp;TIM3_IRQHandler
</UL>

<P><STRONG><a name="[35]"></a>TIM_ITConfig</STRONG> (Thumb, 20 bytes, Stack size 0 bytes, ft32f0xx_tim.o(i.TIM_ITConfig))
<BR><BR>[Called By]<UL><LI><a href="#[2e]">&gt;&gt;</a>&nbsp;&nbsp;&nbsp;timer_init
</UL>

<P><STRONG><a name="[34]"></a>TIM_TimeBaseInit</STRONG> (Thumb, 90 bytes, Stack size 0 bytes, ft32f0xx_tim.o(i.TIM_TimeBaseInit))
<BR><BR>[Called By]<UL><LI><a href="#[2e]">&gt;&gt;</a>&nbsp;&nbsp;&nbsp;timer_init
</UL>

<P><STRONG><a name="[3f]"></a>__scatterload_copy</STRONG> (Thumb, 14 bytes, Stack size unknown bytes, handlers.o(i.__scatterload_copy), UNUSED)

<P><STRONG><a name="[40]"></a>__scatterload_null</STRONG> (Thumb, 2 bytes, Stack size unknown bytes, handlers.o(i.__scatterload_null), UNUSED)

<P><STRONG><a name="[41]"></a>__scatterload_zeroinit</STRONG> (Thumb, 14 bytes, Stack size unknown bytes, handlers.o(i.__scatterload_zeroinit), UNUSED)

<P><STRONG><a name="[2b]"></a>conf_gpio_output</STRONG> (Thumb, 46 bytes, Stack size 24 bytes, ft_gpio.o(i.conf_gpio_output))
<BR><BR>[Stack]<UL><LI>Max Depth = 44<LI>Call Chain = conf_gpio_output &rArr; GPIO_Init
</UL>
<BR>[Calls]<UL><LI><a href="#[2d]">&gt;&gt;</a>&nbsp;&nbsp;&nbsp;GPIO_Init
<LI><a href="#[2c]">&gt;&gt;</a>&nbsp;&nbsp;&nbsp;RCC_AHBPeriphClockCmd
</UL>
<BR>[Called By]<UL><LI><a href="#[21]">&gt;&gt;</a>&nbsp;&nbsp;&nbsp;main
</UL>

<P><STRONG><a name="[21]"></a>main</STRONG> (Thumb, 24 bytes, Stack size 0 bytes, main.o(i.main))
<BR><BR>[Stack]<UL><LI>Max Depth = 44<LI>Call Chain = main &rArr; conf_gpio_output &rArr; GPIO_Init
</UL>
<BR>[Calls]<UL><LI><a href="#[2e]">&gt;&gt;</a>&nbsp;&nbsp;&nbsp;timer_init
<LI><a href="#[2f]">&gt;&gt;</a>&nbsp;&nbsp;&nbsp;timer_handler_register
<LI><a href="#[2b]">&gt;&gt;</a>&nbsp;&nbsp;&nbsp;conf_gpio_output
</UL>
<BR>[Address Reference Count : 1]<UL><LI> entry9a.o(.ARM.Collect$$$$0000000B)
</UL>
<P><STRONG><a name="[30]"></a>set_gpio_value</STRONG> (Thumb, 12 bytes, Stack size 0 bytes, ft_gpio.o(i.set_gpio_value))
<BR><BR>[Called By]<UL><LI><a href="#[24]">&gt;&gt;</a>&nbsp;&nbsp;&nbsp;timer_handler
</UL>

<P><STRONG><a name="[24]"></a>timer_handler</STRONG> (Thumb, 66 bytes, Stack size 8 bytes, main.o(i.timer_handler))
<BR><BR>[Stack]<UL><LI>Max Depth = 8<LI>Call Chain = timer_handler
</UL>
<BR>[Calls]<UL><LI><a href="#[30]">&gt;&gt;</a>&nbsp;&nbsp;&nbsp;set_gpio_value
</UL>
<BR>[Address Reference Count : 1]<UL><LI> main.o(i.main)
</UL>
<P><STRONG><a name="[2f]"></a>timer_handler_register</STRONG> (Thumb, 6 bytes, Stack size 0 bytes, ft_timer.o(i.timer_handler_register))
<BR><BR>[Called By]<UL><LI><a href="#[21]">&gt;&gt;</a>&nbsp;&nbsp;&nbsp;main
</UL>

<P><STRONG><a name="[2e]"></a>timer_init</STRONG> (Thumb, 92 bytes, Stack size 24 bytes, ft_timer.o(i.timer_init))
<BR><BR>[Stack]<UL><LI>Max Depth = 36<LI>Call Chain = timer_init &rArr; __aeabi_uidivmod
</UL>
<BR>[Calls]<UL><LI><a href="#[32]">&gt;&gt;</a>&nbsp;&nbsp;&nbsp;RCC_APB1PeriphClockCmd
<LI><a href="#[33]">&gt;&gt;</a>&nbsp;&nbsp;&nbsp;NVIC_Init
<LI><a href="#[34]">&gt;&gt;</a>&nbsp;&nbsp;&nbsp;TIM_TimeBaseInit
<LI><a href="#[35]">&gt;&gt;</a>&nbsp;&nbsp;&nbsp;TIM_ITConfig
<LI><a href="#[36]">&gt;&gt;</a>&nbsp;&nbsp;&nbsp;TIM_Cmd
<LI><a href="#[31]">&gt;&gt;</a>&nbsp;&nbsp;&nbsp;__aeabi_uidivmod
</UL>
<BR>[Called By]<UL><LI><a href="#[21]">&gt;&gt;</a>&nbsp;&nbsp;&nbsp;main
</UL>
<P>
<H3>
Local Symbols
</H3>
<P><STRONG><a name="[28]"></a>SetSysClock</STRONG> (Thumb, 198 bytes, Stack size 12 bytes, system_ft32f0xx.o(i.SetSysClock))
<BR><BR>[Stack]<UL><LI>Max Depth = 12<LI>Call Chain = SetSysClock
</UL>
<BR>[Called By]<UL><LI><a href="#[22]">&gt;&gt;</a>&nbsp;&nbsp;&nbsp;SystemInit
</UL>
<P>
<H3>
Undefined Global Symbols
</H3><HR></body></html>
