<!doctype html public "-//w3c//dtd html 4.0 transitional//en">
<html><head>
<title>Static Call Graph - [.\Objects\FT32F0XX.axf]</title></head>
<body><HR>
<H1>Static Call Graph for image .\Objects\FT32F0XX.axf</H1><HR>
<BR><P>#&#060CALLGRAPH&#062# ARM Linker, 5060750: Last Updated: Mon Nov 08 00:16:50 2021
<BR><P>
<H3>Maximum Stack Usage =        268 bytes + Unknown(Cycles, Untraceable Function Pointers)</H3><H3>
Call chain for Maximum Stack Depth:</H3>
main &rArr; trace_init &rArr; ft_uart_init &rArr; USART_Init &rArr; RCC_GetClocksFreq &rArr; __aeabi_uidivmod
<P>
<H3>
Mutually Recursive functions
</H3> <LI><a href="#[11]">ADC1_IRQHandler</a>&nbsp;&nbsp;&nbsp;&rArr;&nbsp;&nbsp;&nbsp;<a href="#[11]">ADC1_IRQHandler</a><BR>
</UL>
<P>
<H3>
Function Pointers
</H3><UL>
 <LI><a href="#[11]">ADC1_IRQHandler</a> from startup_ft32f072xb.o(.text) referenced from startup_ft32f072xb.o(RESET)
 <LI><a href="#[e]">DMA1_Channel1_IRQHandler</a> from startup_ft32f072xb.o(.text) referenced from startup_ft32f072xb.o(RESET)
 <LI><a href="#[f]">DMA1_Channel2_3_IRQHandler</a> from startup_ft32f072xb.o(.text) referenced from startup_ft32f072xb.o(RESET)
 <LI><a href="#[10]">DMA1_Channel4_5_IRQHandler</a> from startup_ft32f072xb.o(.text) referenced from startup_ft32f072xb.o(RESET)
 <LI><a href="#[b]">EXTI0_1_IRQHandler</a> from startup_ft32f072xb.o(.text) referenced from startup_ft32f072xb.o(RESET)
 <LI><a href="#[c]">EXTI2_3_IRQHandler</a> from startup_ft32f072xb.o(.text) referenced from startup_ft32f072xb.o(RESET)
 <LI><a href="#[d]">EXTI4_15_IRQHandler</a> from ft_exit.o(i.EXTI4_15_IRQHandler) referenced from startup_ft32f072xb.o(RESET)
 <LI><a href="#[9]">FLASH_IRQHandler</a> from startup_ft32f072xb.o(.text) referenced from startup_ft32f072xb.o(RESET)
 <LI><a href="#[2]">HardFault_Handler</a> from ft32f0xx_it.o(i.HardFault_Handler) referenced from startup_ft32f072xb.o(RESET)
 <LI><a href="#[1a]">I2C1_IRQHandler</a> from startup_ft32f072xb.o(.text) referenced from startup_ft32f072xb.o(RESET)
 <LI><a href="#[1b]">I2C2_IRQHandler</a> from startup_ft32f072xb.o(.text) referenced from startup_ft32f072xb.o(RESET)
 <LI><a href="#[1]">NMI_Handler</a> from ft32f0xx_it.o(i.NMI_Handler) referenced from startup_ft32f072xb.o(RESET)
 <LI><a href="#[7]">PVD_VDDIO_IRQHandler</a> from startup_ft32f072xb.o(.text) referenced from startup_ft32f072xb.o(RESET)
 <LI><a href="#[4]">PendSV_Handler</a> from ft32f0xx_it.o(i.PendSV_Handler) referenced from startup_ft32f072xb.o(RESET)
 <LI><a href="#[a]">RCC_IRQHandler</a> from startup_ft32f072xb.o(.text) referenced from startup_ft32f072xb.o(RESET)
 <LI><a href="#[8]">RTC_IRQHandler</a> from startup_ft32f072xb.o(.text) referenced from startup_ft32f072xb.o(RESET)
 <LI><a href="#[0]">Reset_Handler</a> from startup_ft32f072xb.o(.text) referenced from startup_ft32f072xb.o(RESET)
 <LI><a href="#[1c]">SPI1_IRQHandler</a> from startup_ft32f072xb.o(.text) referenced from startup_ft32f072xb.o(RESET)
 <LI><a href="#[1d]">SPI2_IRQHandler</a> from startup_ft32f072xb.o(.text) referenced from startup_ft32f072xb.o(RESET)
 <LI><a href="#[3]">SVC_Handler</a> from ft32f0xx_it.o(i.SVC_Handler) referenced from startup_ft32f072xb.o(RESET)
 <LI><a href="#[5]">SysTick_Handler</a> from ft32f0xx_it.o(i.SysTick_Handler) referenced from startup_ft32f072xb.o(RESET)
 <LI><a href="#[22]">SystemInit</a> from system_ft32f0xx.o(i.SystemInit) referenced from startup_ft32f072xb.o(.text)
 <LI><a href="#[16]">TIM14_IRQHandler</a> from startup_ft32f072xb.o(.text) referenced from startup_ft32f072xb.o(RESET)
 <LI><a href="#[17]">TIM15_IRQHandler</a> from startup_ft32f072xb.o(.text) referenced from startup_ft32f072xb.o(RESET)
 <LI><a href="#[18]">TIM16_IRQHandler</a> from startup_ft32f072xb.o(.text) referenced from startup_ft32f072xb.o(RESET)
 <LI><a href="#[19]">TIM17_IRQHandler</a> from startup_ft32f072xb.o(.text) referenced from startup_ft32f072xb.o(RESET)
 <LI><a href="#[12]">TIM1_BRK_UP_TRG_COM_IRQHandler</a> from startup_ft32f072xb.o(.text) referenced from startup_ft32f072xb.o(RESET)
 <LI><a href="#[13]">TIM1_CC_IRQHandler</a> from startup_ft32f072xb.o(.text) referenced from startup_ft32f072xb.o(RESET)
 <LI><a href="#[14]">TIM3_IRQHandler</a> from ft_timer.o(i.TIM3_IRQHandler) referenced from startup_ft32f072xb.o(RESET)
 <LI><a href="#[15]">TIM6_IRQHandler</a> from startup_ft32f072xb.o(.text) referenced from startup_ft32f072xb.o(RESET)
 <LI><a href="#[1e]">USART1_IRQHandler</a> from startup_ft32f072xb.o(.text) referenced from startup_ft32f072xb.o(RESET)
 <LI><a href="#[1f]">USART2_IRQHandler</a> from startup_ft32f072xb.o(.text) referenced from startup_ft32f072xb.o(RESET)
 <LI><a href="#[20]">USB_IRQHandler</a> from startup_ft32f072xb.o(.text) referenced from startup_ft32f072xb.o(RESET)
 <LI><a href="#[6]">WWDG_IRQHandler</a> from startup_ft32f072xb.o(.text) referenced from startup_ft32f072xb.o(RESET)
 <LI><a href="#[23]">__main</a> from entry.o(.ARM.Collect$$$$00000000) referenced from startup_ft32f072xb.o(.text)
 <LI><a href="#[24]">fputc</a> from retarget.o(i.fputc) referenced from printf8.o(i.__0printf$8)
 <LI><a href="#[21]">main</a> from main.o(i.main) referenced from entry9a.o(.ARM.Collect$$$$0000000B)
</UL>
<P>
<H3>
Global Symbols
</H3>
<P><STRONG><a name="[23]"></a>__main</STRONG> (Thumb, 0 bytes, Stack size unknown bytes, entry.o(.ARM.Collect$$$$00000000))
<BR>[Address Reference Count : 1]<UL><LI> startup_ft32f072xb.o(.text)
</UL>
<P><STRONG><a name="[6f]"></a>_main_stk</STRONG> (Thumb, 0 bytes, Stack size unknown bytes, entry2.o(.ARM.Collect$$$$00000001))

<P><STRONG><a name="[25]"></a>_main_scatterload</STRONG> (Thumb, 0 bytes, Stack size unknown bytes, entry5.o(.ARM.Collect$$$$00000004))
<BR><BR>[Calls]<UL><LI><a href="#[26]">&gt;&gt;</a>&nbsp;&nbsp;&nbsp;__scatterload
</UL>

<P><STRONG><a name="[2c]"></a>__main_after_scatterload</STRONG> (Thumb, 0 bytes, Stack size unknown bytes, entry5.o(.ARM.Collect$$$$00000004))
<BR><BR>[Called By]<UL><LI><a href="#[26]">&gt;&gt;</a>&nbsp;&nbsp;&nbsp;__scatterload
</UL>

<P><STRONG><a name="[70]"></a>_main_clock</STRONG> (Thumb, 0 bytes, Stack size unknown bytes, entry7b.o(.ARM.Collect$$$$00000008))

<P><STRONG><a name="[71]"></a>_main_cpp_init</STRONG> (Thumb, 0 bytes, Stack size unknown bytes, entry8b.o(.ARM.Collect$$$$0000000A))

<P><STRONG><a name="[72]"></a>_main_init</STRONG> (Thumb, 0 bytes, Stack size unknown bytes, entry9a.o(.ARM.Collect$$$$0000000B))

<P><STRONG><a name="[73]"></a>__rt_final_cpp</STRONG> (Thumb, 0 bytes, Stack size unknown bytes, entry10a.o(.ARM.Collect$$$$0000000D))

<P><STRONG><a name="[74]"></a>__rt_final_exit</STRONG> (Thumb, 0 bytes, Stack size unknown bytes, entry11a.o(.ARM.Collect$$$$0000000F))

<P><STRONG><a name="[0]"></a>Reset_Handler</STRONG> (Thumb, 38 bytes, Stack size 0 bytes, startup_ft32f072xb.o(.text))
<BR>[Address Reference Count : 1]<UL><LI> startup_ft32f072xb.o(RESET)
</UL>
<P><STRONG><a name="[11]"></a>ADC1_IRQHandler</STRONG> (Thumb, 0 bytes, Stack size 0 bytes, startup_ft32f072xb.o(.text))
<BR><BR>[Calls]<UL><LI><a href="#[11]">&gt;&gt;</a>&nbsp;&nbsp;&nbsp;ADC1_IRQHandler
</UL>
<BR>[Called By]<UL><LI><a href="#[11]">&gt;&gt;</a>&nbsp;&nbsp;&nbsp;ADC1_IRQHandler
</UL>
<BR>[Address Reference Count : 1]<UL><LI> startup_ft32f072xb.o(RESET)
</UL>
<P><STRONG><a name="[e]"></a>DMA1_Channel1_IRQHandler</STRONG> (Thumb, 0 bytes, Stack size 0 bytes, startup_ft32f072xb.o(.text))
<BR>[Address Reference Count : 1]<UL><LI> startup_ft32f072xb.o(RESET)
</UL>
<P><STRONG><a name="[f]"></a>DMA1_Channel2_3_IRQHandler</STRONG> (Thumb, 0 bytes, Stack size 0 bytes, startup_ft32f072xb.o(.text))
<BR>[Address Reference Count : 1]<UL><LI> startup_ft32f072xb.o(RESET)
</UL>
<P><STRONG><a name="[10]"></a>DMA1_Channel4_5_IRQHandler</STRONG> (Thumb, 0 bytes, Stack size 0 bytes, startup_ft32f072xb.o(.text))
<BR>[Address Reference Count : 1]<UL><LI> startup_ft32f072xb.o(RESET)
</UL>
<P><STRONG><a name="[b]"></a>EXTI0_1_IRQHandler</STRONG> (Thumb, 0 bytes, Stack size 0 bytes, startup_ft32f072xb.o(.text))
<BR>[Address Reference Count : 1]<UL><LI> startup_ft32f072xb.o(RESET)
</UL>
<P><STRONG><a name="[c]"></a>EXTI2_3_IRQHandler</STRONG> (Thumb, 0 bytes, Stack size 0 bytes, startup_ft32f072xb.o(.text))
<BR>[Address Reference Count : 1]<UL><LI> startup_ft32f072xb.o(RESET)
</UL>
<P><STRONG><a name="[9]"></a>FLASH_IRQHandler</STRONG> (Thumb, 0 bytes, Stack size 0 bytes, startup_ft32f072xb.o(.text))
<BR>[Address Reference Count : 1]<UL><LI> startup_ft32f072xb.o(RESET)
</UL>
<P><STRONG><a name="[1a]"></a>I2C1_IRQHandler</STRONG> (Thumb, 0 bytes, Stack size 0 bytes, startup_ft32f072xb.o(.text))
<BR>[Address Reference Count : 1]<UL><LI> startup_ft32f072xb.o(RESET)
</UL>
<P><STRONG><a name="[1b]"></a>I2C2_IRQHandler</STRONG> (Thumb, 0 bytes, Stack size 0 bytes, startup_ft32f072xb.o(.text))
<BR>[Address Reference Count : 1]<UL><LI> startup_ft32f072xb.o(RESET)
</UL>
<P><STRONG><a name="[7]"></a>PVD_VDDIO_IRQHandler</STRONG> (Thumb, 0 bytes, Stack size 0 bytes, startup_ft32f072xb.o(.text))
<BR>[Address Reference Count : 1]<UL><LI> startup_ft32f072xb.o(RESET)
</UL>
<P><STRONG><a name="[a]"></a>RCC_IRQHandler</STRONG> (Thumb, 0 bytes, Stack size 0 bytes, startup_ft32f072xb.o(.text))
<BR>[Address Reference Count : 1]<UL><LI> startup_ft32f072xb.o(RESET)
</UL>
<P><STRONG><a name="[8]"></a>RTC_IRQHandler</STRONG> (Thumb, 0 bytes, Stack size 0 bytes, startup_ft32f072xb.o(.text))
<BR>[Address Reference Count : 1]<UL><LI> startup_ft32f072xb.o(RESET)
</UL>
<P><STRONG><a name="[1c]"></a>SPI1_IRQHandler</STRONG> (Thumb, 0 bytes, Stack size 0 bytes, startup_ft32f072xb.o(.text))
<BR>[Address Reference Count : 1]<UL><LI> startup_ft32f072xb.o(RESET)
</UL>
<P><STRONG><a name="[1d]"></a>SPI2_IRQHandler</STRONG> (Thumb, 0 bytes, Stack size 0 bytes, startup_ft32f072xb.o(.text))
<BR>[Address Reference Count : 1]<UL><LI> startup_ft32f072xb.o(RESET)
</UL>
<P><STRONG><a name="[16]"></a>TIM14_IRQHandler</STRONG> (Thumb, 0 bytes, Stack size 0 bytes, startup_ft32f072xb.o(.text))
<BR>[Address Reference Count : 1]<UL><LI> startup_ft32f072xb.o(RESET)
</UL>
<P><STRONG><a name="[17]"></a>TIM15_IRQHandler</STRONG> (Thumb, 0 bytes, Stack size 0 bytes, startup_ft32f072xb.o(.text))
<BR>[Address Reference Count : 1]<UL><LI> startup_ft32f072xb.o(RESET)
</UL>
<P><STRONG><a name="[18]"></a>TIM16_IRQHandler</STRONG> (Thumb, 0 bytes, Stack size 0 bytes, startup_ft32f072xb.o(.text))
<BR>[Address Reference Count : 1]<UL><LI> startup_ft32f072xb.o(RESET)
</UL>
<P><STRONG><a name="[19]"></a>TIM17_IRQHandler</STRONG> (Thumb, 0 bytes, Stack size 0 bytes, startup_ft32f072xb.o(.text))
<BR>[Address Reference Count : 1]<UL><LI> startup_ft32f072xb.o(RESET)
</UL>
<P><STRONG><a name="[12]"></a>TIM1_BRK_UP_TRG_COM_IRQHandler</STRONG> (Thumb, 0 bytes, Stack size 0 bytes, startup_ft32f072xb.o(.text))
<BR>[Address Reference Count : 1]<UL><LI> startup_ft32f072xb.o(RESET)
</UL>
<P><STRONG><a name="[13]"></a>TIM1_CC_IRQHandler</STRONG> (Thumb, 0 bytes, Stack size 0 bytes, startup_ft32f072xb.o(.text))
<BR>[Address Reference Count : 1]<UL><LI> startup_ft32f072xb.o(RESET)
</UL>
<P><STRONG><a name="[15]"></a>TIM6_IRQHandler</STRONG> (Thumb, 0 bytes, Stack size 0 bytes, startup_ft32f072xb.o(.text))
<BR>[Address Reference Count : 1]<UL><LI> startup_ft32f072xb.o(RESET)
</UL>
<P><STRONG><a name="[1e]"></a>USART1_IRQHandler</STRONG> (Thumb, 0 bytes, Stack size 0 bytes, startup_ft32f072xb.o(.text))
<BR>[Address Reference Count : 1]<UL><LI> startup_ft32f072xb.o(RESET)
</UL>
<P><STRONG><a name="[1f]"></a>USART2_IRQHandler</STRONG> (Thumb, 0 bytes, Stack size 0 bytes, startup_ft32f072xb.o(.text))
<BR>[Address Reference Count : 1]<UL><LI> startup_ft32f072xb.o(RESET)
</UL>
<P><STRONG><a name="[20]"></a>USB_IRQHandler</STRONG> (Thumb, 0 bytes, Stack size 0 bytes, startup_ft32f072xb.o(.text))
<BR>[Address Reference Count : 1]<UL><LI> startup_ft32f072xb.o(RESET)
</UL>
<P><STRONG><a name="[6]"></a>WWDG_IRQHandler</STRONG> (Thumb, 0 bytes, Stack size 0 bytes, startup_ft32f072xb.o(.text))
<BR>[Address Reference Count : 1]<UL><LI> startup_ft32f072xb.o(RESET)
</UL>
<P><STRONG><a name="[75]"></a>__aeabi_uidiv</STRONG> (Thumb, 0 bytes, Stack size 12 bytes, uidiv.o(.text), UNUSED)

<P><STRONG><a name="[28]"></a>__aeabi_uidivmod</STRONG> (Thumb, 44 bytes, Stack size 12 bytes, uidiv.o(.text))
<BR><BR>[Stack]<UL><LI>Max Depth = 12<LI>Call Chain = __aeabi_uidivmod
</UL>
<BR>[Called By]<UL><LI><a href="#[63]">&gt;&gt;</a>&nbsp;&nbsp;&nbsp;timer_init
<LI><a href="#[32]">&gt;&gt;</a>&nbsp;&nbsp;&nbsp;RCC_GetClocksFreq
<LI><a href="#[27]">&gt;&gt;</a>&nbsp;&nbsp;&nbsp;__aeabi_idivmod
<LI><a href="#[36]">&gt;&gt;</a>&nbsp;&nbsp;&nbsp;USART_Init
</UL>

<P><STRONG><a name="[76]"></a>__aeabi_idiv</STRONG> (Thumb, 0 bytes, Stack size 16 bytes, idiv.o(.text), UNUSED)

<P><STRONG><a name="[27]"></a>__aeabi_idivmod</STRONG> (Thumb, 40 bytes, Stack size 16 bytes, idiv.o(.text))
<BR><BR>[Stack]<UL><LI>Max Depth = 28<LI>Call Chain = __aeabi_idivmod &rArr; __aeabi_uidivmod
</UL>
<BR>[Calls]<UL><LI><a href="#[28]">&gt;&gt;</a>&nbsp;&nbsp;&nbsp;__aeabi_uidivmod
</UL>
<BR>[Called By]<UL><LI><a href="#[55]">&gt;&gt;</a>&nbsp;&nbsp;&nbsp;ft_delay_us
</UL>

<P><STRONG><a name="[77]"></a>__aeabi_memcpy</STRONG> (Thumb, 36 bytes, Stack size 0 bytes, memcpya.o(.text), UNUSED)

<P><STRONG><a name="[69]"></a>__aeabi_memcpy4</STRONG> (Thumb, 0 bytes, Stack size 0 bytes, memcpya.o(.text))
<BR><BR>[Called By]<UL><LI><a href="#[62]">&gt;&gt;</a>&nbsp;&nbsp;&nbsp;trace_init
</UL>

<P><STRONG><a name="[78]"></a>__aeabi_memcpy8</STRONG> (Thumb, 0 bytes, Stack size 0 bytes, memcpya.o(.text), UNUSED)

<P><STRONG><a name="[29]"></a>__aeabi_uldivmod</STRONG> (Thumb, 96 bytes, Stack size 48 bytes, uldiv.o(.text), UNUSED)
<BR><BR>[Calls]<UL><LI><a href="#[2a]">&gt;&gt;</a>&nbsp;&nbsp;&nbsp;__aeabi_llsr
<LI><a href="#[2b]">&gt;&gt;</a>&nbsp;&nbsp;&nbsp;__aeabi_llsl
</UL>
<BR>[Called By]<UL><LI><a href="#[38]">&gt;&gt;</a>&nbsp;&nbsp;&nbsp;_printf_core
</UL>

<P><STRONG><a name="[26]"></a>__scatterload</STRONG> (Thumb, 28 bytes, Stack size 0 bytes, init.o(.text))
<BR><BR>[Calls]<UL><LI><a href="#[2c]">&gt;&gt;</a>&nbsp;&nbsp;&nbsp;__main_after_scatterload
</UL>
<BR>[Called By]<UL><LI><a href="#[25]">&gt;&gt;</a>&nbsp;&nbsp;&nbsp;_main_scatterload
</UL>

<P><STRONG><a name="[79]"></a>__scatterload_rt2</STRONG> (Thumb, 0 bytes, Stack size 0 bytes, init.o(.text), UNUSED)

<P><STRONG><a name="[2b]"></a>__aeabi_llsl</STRONG> (Thumb, 32 bytes, Stack size 8 bytes, llshl.o(.text), UNUSED)
<BR><BR>[Called By]<UL><LI><a href="#[29]">&gt;&gt;</a>&nbsp;&nbsp;&nbsp;__aeabi_uldivmod
</UL>

<P><STRONG><a name="[7a]"></a>_ll_shift_l</STRONG> (Thumb, 0 bytes, Stack size 8 bytes, llshl.o(.text), UNUSED)

<P><STRONG><a name="[2a]"></a>__aeabi_llsr</STRONG> (Thumb, 34 bytes, Stack size 8 bytes, llushr.o(.text), UNUSED)
<BR><BR>[Called By]<UL><LI><a href="#[29]">&gt;&gt;</a>&nbsp;&nbsp;&nbsp;__aeabi_uldivmod
</UL>

<P><STRONG><a name="[7b]"></a>_ll_ushift_r</STRONG> (Thumb, 0 bytes, Stack size 8 bytes, llushr.o(.text), UNUSED)

<P><STRONG><a name="[44]"></a>ADC_ChannelConfig</STRONG> (Thumb, 24 bytes, Stack size 8 bytes, ft32f0xx_adc.o(i.ADC_ChannelConfig))
<BR><BR>[Stack]<UL><LI>Max Depth = 8<LI>Call Chain = ADC_ChannelConfig
</UL>
<BR>[Called By]<UL><LI><a href="#[3e]">&gt;&gt;</a>&nbsp;&nbsp;&nbsp;adc_init
</UL>

<P><STRONG><a name="[46]"></a>ADC_Cmd</STRONG> (Thumb, 24 bytes, Stack size 0 bytes, ft32f0xx_adc.o(i.ADC_Cmd))
<BR><BR>[Called By]<UL><LI><a href="#[3e]">&gt;&gt;</a>&nbsp;&nbsp;&nbsp;adc_init
</UL>

<P><STRONG><a name="[2d]"></a>ADC_DeInit</STRONG> (Thumb, 28 bytes, Stack size 8 bytes, ft32f0xx_adc.o(i.ADC_DeInit))
<BR><BR>[Stack]<UL><LI>Max Depth = 8<LI>Call Chain = ADC_DeInit
</UL>
<BR>[Calls]<UL><LI><a href="#[2e]">&gt;&gt;</a>&nbsp;&nbsp;&nbsp;RCC_APB2PeriphResetCmd
</UL>
<BR>[Called By]<UL><LI><a href="#[3e]">&gt;&gt;</a>&nbsp;&nbsp;&nbsp;adc_init
</UL>

<P><STRONG><a name="[45]"></a>ADC_GetCalibrationFactor</STRONG> (Thumb, 60 bytes, Stack size 12 bytes, ft32f0xx_adc.o(i.ADC_GetCalibrationFactor))
<BR><BR>[Stack]<UL><LI>Max Depth = 12<LI>Call Chain = ADC_GetCalibrationFactor
</UL>
<BR>[Called By]<UL><LI><a href="#[3e]">&gt;&gt;</a>&nbsp;&nbsp;&nbsp;adc_init
</UL>

<P><STRONG><a name="[3d]"></a>ADC_GetConversionValue</STRONG> (Thumb, 8 bytes, Stack size 0 bytes, ft32f0xx_adc.o(i.ADC_GetConversionValue))
<BR><BR>[Called By]<UL><LI><a href="#[3b]">&gt;&gt;</a>&nbsp;&nbsp;&nbsp;adc_ch_value_get
</UL>

<P><STRONG><a name="[3c]"></a>ADC_GetFlagStatus</STRONG> (Thumb, 48 bytes, Stack size 12 bytes, ft32f0xx_adc.o(i.ADC_GetFlagStatus))
<BR><BR>[Stack]<UL><LI>Max Depth = 12<LI>Call Chain = ADC_GetFlagStatus
</UL>
<BR>[Called By]<UL><LI><a href="#[3e]">&gt;&gt;</a>&nbsp;&nbsp;&nbsp;adc_init
<LI><a href="#[3b]">&gt;&gt;</a>&nbsp;&nbsp;&nbsp;adc_ch_value_get
</UL>

<P><STRONG><a name="[43]"></a>ADC_Init</STRONG> (Thumb, 40 bytes, Stack size 8 bytes, ft32f0xx_adc.o(i.ADC_Init))
<BR><BR>[Stack]<UL><LI>Max Depth = 8<LI>Call Chain = ADC_Init
</UL>
<BR>[Called By]<UL><LI><a href="#[3e]">&gt;&gt;</a>&nbsp;&nbsp;&nbsp;adc_init
</UL>

<P><STRONG><a name="[47]"></a>ADC_StartOfConversion</STRONG> (Thumb, 10 bytes, Stack size 0 bytes, ft32f0xx_adc.o(i.ADC_StartOfConversion))
<BR><BR>[Called By]<UL><LI><a href="#[3e]">&gt;&gt;</a>&nbsp;&nbsp;&nbsp;adc_init
</UL>

<P><STRONG><a name="[42]"></a>ADC_StructInit</STRONG> (Thumb, 16 bytes, Stack size 0 bytes, ft32f0xx_adc.o(i.ADC_StructInit))
<BR><BR>[Called By]<UL><LI><a href="#[3e]">&gt;&gt;</a>&nbsp;&nbsp;&nbsp;adc_init
</UL>

<P><STRONG><a name="[d]"></a>EXTI4_15_IRQHandler</STRONG> (Thumb, 54 bytes, Stack size 8 bytes, ft_exit.o(i.EXTI4_15_IRQHandler))
<BR><BR>[Stack]<UL><LI>Max Depth = 32<LI>Call Chain = EXTI4_15_IRQHandler &rArr; __2printf
</UL>
<BR>[Calls]<UL><LI><a href="#[2f]">&gt;&gt;</a>&nbsp;&nbsp;&nbsp;EXTI_GetITStatus
<LI><a href="#[30]">&gt;&gt;</a>&nbsp;&nbsp;&nbsp;EXTI_ClearITPendingBit
<LI><a href="#[31]">&gt;&gt;</a>&nbsp;&nbsp;&nbsp;__2printf
</UL>
<BR>[Address Reference Count : 1]<UL><LI> startup_ft32f072xb.o(RESET)
</UL>
<P><STRONG><a name="[30]"></a>EXTI_ClearITPendingBit</STRONG> (Thumb, 6 bytes, Stack size 0 bytes, ft32f0xx_exti.o(i.EXTI_ClearITPendingBit))
<BR><BR>[Called By]<UL><LI><a href="#[d]">&gt;&gt;</a>&nbsp;&nbsp;&nbsp;EXTI4_15_IRQHandler
</UL>

<P><STRONG><a name="[2f]"></a>EXTI_GetITStatus</STRONG> (Thumb, 22 bytes, Stack size 0 bytes, ft32f0xx_exti.o(i.EXTI_GetITStatus))
<BR><BR>[Called By]<UL><LI><a href="#[d]">&gt;&gt;</a>&nbsp;&nbsp;&nbsp;EXTI4_15_IRQHandler
</UL>

<P><STRONG><a name="[52]"></a>EXTI_Init</STRONG> (Thumb, 132 bytes, Stack size 0 bytes, ft32f0xx_exti.o(i.EXTI_Init))
<BR><BR>[Called By]<UL><LI><a href="#[50]">&gt;&gt;</a>&nbsp;&nbsp;&nbsp;exit_init
</UL>

<P><STRONG><a name="[41]"></a>GPIO_Init</STRONG> (Thumb, 144 bytes, Stack size 20 bytes, ft32f0xx_gpio.o(i.GPIO_Init))
<BR><BR>[Stack]<UL><LI>Max Depth = 20<LI>Call Chain = GPIO_Init
</UL>
<BR>[Called By]<UL><LI><a href="#[50]">&gt;&gt;</a>&nbsp;&nbsp;&nbsp;exit_init
<LI><a href="#[3e]">&gt;&gt;</a>&nbsp;&nbsp;&nbsp;adc_init
<LI><a href="#[57]">&gt;&gt;</a>&nbsp;&nbsp;&nbsp;ft_uart_init
<LI><a href="#[4f]">&gt;&gt;</a>&nbsp;&nbsp;&nbsp;conf_gpio_output
<LI><a href="#[4e]">&gt;&gt;</a>&nbsp;&nbsp;&nbsp;conf_gpio_input
</UL>

<P><STRONG><a name="[58]"></a>GPIO_PinAFConfig</STRONG> (Thumb, 68 bytes, Stack size 20 bytes, ft32f0xx_gpio.o(i.GPIO_PinAFConfig))
<BR><BR>[Stack]<UL><LI>Max Depth = 20<LI>Call Chain = GPIO_PinAFConfig
</UL>
<BR>[Called By]<UL><LI><a href="#[57]">&gt;&gt;</a>&nbsp;&nbsp;&nbsp;ft_uart_init
</UL>

<P><STRONG><a name="[2]"></a>HardFault_Handler</STRONG> (Thumb, 2 bytes, Stack size 0 bytes, ft32f0xx_it.o(i.HardFault_Handler))
<BR>[Address Reference Count : 1]<UL><LI> startup_ft32f072xb.o(RESET)
</UL>
<P><STRONG><a name="[1]"></a>NMI_Handler</STRONG> (Thumb, 2 bytes, Stack size 0 bytes, ft32f0xx_it.o(i.NMI_Handler))
<BR>[Address Reference Count : 1]<UL><LI> startup_ft32f072xb.o(RESET)
</UL>
<P><STRONG><a name="[53]"></a>NVIC_Init</STRONG> (Thumb, 106 bytes, Stack size 0 bytes, ft32f0xx_misc.o(i.NVIC_Init))
<BR><BR>[Called By]<UL><LI><a href="#[63]">&gt;&gt;</a>&nbsp;&nbsp;&nbsp;timer_init
<LI><a href="#[50]">&gt;&gt;</a>&nbsp;&nbsp;&nbsp;exit_init
</UL>

<P><STRONG><a name="[4]"></a>PendSV_Handler</STRONG> (Thumb, 2 bytes, Stack size 0 bytes, ft32f0xx_it.o(i.PendSV_Handler))
<BR>[Address Reference Count : 1]<UL><LI> startup_ft32f072xb.o(RESET)
</UL>
<P><STRONG><a name="[3f]"></a>RCC_AHBPeriphClockCmd</STRONG> (Thumb, 28 bytes, Stack size 0 bytes, ft32f0xx_rcc.o(i.RCC_AHBPeriphClockCmd))
<BR><BR>[Called By]<UL><LI><a href="#[50]">&gt;&gt;</a>&nbsp;&nbsp;&nbsp;exit_init
<LI><a href="#[3e]">&gt;&gt;</a>&nbsp;&nbsp;&nbsp;adc_init
<LI><a href="#[57]">&gt;&gt;</a>&nbsp;&nbsp;&nbsp;ft_uart_init
<LI><a href="#[4f]">&gt;&gt;</a>&nbsp;&nbsp;&nbsp;conf_gpio_output
<LI><a href="#[4e]">&gt;&gt;</a>&nbsp;&nbsp;&nbsp;conf_gpio_input
</UL>

<P><STRONG><a name="[65]"></a>RCC_APB1PeriphClockCmd</STRONG> (Thumb, 28 bytes, Stack size 0 bytes, ft32f0xx_rcc.o(i.RCC_APB1PeriphClockCmd))
<BR><BR>[Called By]<UL><LI><a href="#[63]">&gt;&gt;</a>&nbsp;&nbsp;&nbsp;timer_init
</UL>

<P><STRONG><a name="[40]"></a>RCC_APB2PeriphClockCmd</STRONG> (Thumb, 28 bytes, Stack size 0 bytes, ft32f0xx_rcc.o(i.RCC_APB2PeriphClockCmd))
<BR><BR>[Called By]<UL><LI><a href="#[50]">&gt;&gt;</a>&nbsp;&nbsp;&nbsp;exit_init
<LI><a href="#[3e]">&gt;&gt;</a>&nbsp;&nbsp;&nbsp;adc_init
<LI><a href="#[57]">&gt;&gt;</a>&nbsp;&nbsp;&nbsp;ft_uart_init
</UL>

<P><STRONG><a name="[2e]"></a>RCC_APB2PeriphResetCmd</STRONG> (Thumb, 28 bytes, Stack size 0 bytes, ft32f0xx_rcc.o(i.RCC_APB2PeriphResetCmd))
<BR><BR>[Called By]<UL><LI><a href="#[2d]">&gt;&gt;</a>&nbsp;&nbsp;&nbsp;ADC_DeInit
</UL>

<P><STRONG><a name="[32]"></a>RCC_GetClocksFreq</STRONG> (Thumb, 362 bytes, Stack size 32 bytes, ft32f0xx_rcc.o(i.RCC_GetClocksFreq))
<BR><BR>[Stack]<UL><LI>Max Depth = 44<LI>Call Chain = RCC_GetClocksFreq &rArr; __aeabi_uidivmod
</UL>
<BR>[Calls]<UL><LI><a href="#[28]">&gt;&gt;</a>&nbsp;&nbsp;&nbsp;__aeabi_uidivmod
</UL>
<BR>[Called By]<UL><LI><a href="#[36]">&gt;&gt;</a>&nbsp;&nbsp;&nbsp;USART_Init
</UL>

<P><STRONG><a name="[3]"></a>SVC_Handler</STRONG> (Thumb, 2 bytes, Stack size 0 bytes, ft32f0xx_it.o(i.SVC_Handler))
<BR>[Address Reference Count : 1]<UL><LI> startup_ft32f072xb.o(RESET)
</UL>
<P><STRONG><a name="[51]"></a>SYSCFG_EXTILineConfig</STRONG> (Thumb, 60 bytes, Stack size 12 bytes, ft32f0xx_syscfg.o(i.SYSCFG_EXTILineConfig))
<BR><BR>[Stack]<UL><LI>Max Depth = 12<LI>Call Chain = SYSCFG_EXTILineConfig
</UL>
<BR>[Called By]<UL><LI><a href="#[50]">&gt;&gt;</a>&nbsp;&nbsp;&nbsp;exit_init
</UL>

<P><STRONG><a name="[5]"></a>SysTick_Handler</STRONG> (Thumb, 2 bytes, Stack size 0 bytes, ft32f0xx_it.o(i.SysTick_Handler))
<BR>[Address Reference Count : 1]<UL><LI> startup_ft32f072xb.o(RESET)
</UL>
<P><STRONG><a name="[22]"></a>SystemInit</STRONG> (Thumb, 110 bytes, Stack size 8 bytes, system_ft32f0xx.o(i.SystemInit))
<BR><BR>[Stack]<UL><LI>Max Depth = 20<LI>Call Chain = SystemInit &rArr; SetSysClock
</UL>
<BR>[Calls]<UL><LI><a href="#[33]">&gt;&gt;</a>&nbsp;&nbsp;&nbsp;SetSysClock
</UL>
<BR>[Address Reference Count : 1]<UL><LI> startup_ft32f072xb.o(.text)
</UL>
<P><STRONG><a name="[14]"></a>TIM3_IRQHandler</STRONG> (Thumb, 56 bytes, Stack size 8 bytes, ft_timer.o(i.TIM3_IRQHandler))
<BR><BR>[Stack]<UL><LI>Max Depth = 20<LI>Call Chain = TIM3_IRQHandler &rArr; TIM_GetITStatus
</UL>
<BR>[Calls]<UL><LI><a href="#[34]">&gt;&gt;</a>&nbsp;&nbsp;&nbsp;TIM_GetITStatus
<LI><a href="#[35]">&gt;&gt;</a>&nbsp;&nbsp;&nbsp;TIM_ClearITPendingBit
</UL>
<BR>[Address Reference Count : 1]<UL><LI> startup_ft32f072xb.o(RESET)
</UL>
<P><STRONG><a name="[35]"></a>TIM_ClearITPendingBit</STRONG> (Thumb, 6 bytes, Stack size 0 bytes, ft32f0xx_tim.o(i.TIM_ClearITPendingBit))
<BR><BR>[Called By]<UL><LI><a href="#[14]">&gt;&gt;</a>&nbsp;&nbsp;&nbsp;TIM3_IRQHandler
</UL>

<P><STRONG><a name="[68]"></a>TIM_Cmd</STRONG> (Thumb, 24 bytes, Stack size 0 bytes, ft32f0xx_tim.o(i.TIM_Cmd))
<BR><BR>[Called By]<UL><LI><a href="#[63]">&gt;&gt;</a>&nbsp;&nbsp;&nbsp;timer_init
</UL>

<P><STRONG><a name="[34]"></a>TIM_GetITStatus</STRONG> (Thumb, 38 bytes, Stack size 12 bytes, ft32f0xx_tim.o(i.TIM_GetITStatus))
<BR><BR>[Stack]<UL><LI>Max Depth = 12<LI>Call Chain = TIM_GetITStatus
</UL>
<BR>[Called By]<UL><LI><a href="#[14]">&gt;&gt;</a>&nbsp;&nbsp;&nbsp;TIM3_IRQHandler
</UL>

<P><STRONG><a name="[67]"></a>TIM_ITConfig</STRONG> (Thumb, 20 bytes, Stack size 0 bytes, ft32f0xx_tim.o(i.TIM_ITConfig))
<BR><BR>[Called By]<UL><LI><a href="#[63]">&gt;&gt;</a>&nbsp;&nbsp;&nbsp;timer_init
</UL>

<P><STRONG><a name="[66]"></a>TIM_TimeBaseInit</STRONG> (Thumb, 90 bytes, Stack size 0 bytes, ft32f0xx_tim.o(i.TIM_TimeBaseInit))
<BR><BR>[Called By]<UL><LI><a href="#[63]">&gt;&gt;</a>&nbsp;&nbsp;&nbsp;timer_init
</UL>

<P><STRONG><a name="[59]"></a>USART_Cmd</STRONG> (Thumb, 24 bytes, Stack size 0 bytes, ft32f0xx_usart.o(i.USART_Cmd))
<BR><BR>[Called By]<UL><LI><a href="#[57]">&gt;&gt;</a>&nbsp;&nbsp;&nbsp;ft_uart_init
</UL>

<P><STRONG><a name="[5b]"></a>USART_GetFlagStatus</STRONG> (Thumb, 20 bytes, Stack size 0 bytes, ft32f0xx_usart.o(i.USART_GetFlagStatus))
<BR><BR>[Called By]<UL><LI><a href="#[54]">&gt;&gt;</a>&nbsp;&nbsp;&nbsp;ft_uart_put
</UL>

<P><STRONG><a name="[36]"></a>USART_Init</STRONG> (Thumb, 208 bytes, Stack size 64 bytes, ft32f0xx_usart.o(i.USART_Init))
<BR><BR>[Stack]<UL><LI>Max Depth = 108<LI>Call Chain = USART_Init &rArr; RCC_GetClocksFreq &rArr; __aeabi_uidivmod
</UL>
<BR>[Calls]<UL><LI><a href="#[32]">&gt;&gt;</a>&nbsp;&nbsp;&nbsp;RCC_GetClocksFreq
<LI><a href="#[28]">&gt;&gt;</a>&nbsp;&nbsp;&nbsp;__aeabi_uidivmod
</UL>
<BR>[Called By]<UL><LI><a href="#[57]">&gt;&gt;</a>&nbsp;&nbsp;&nbsp;ft_uart_init
</UL>

<P><STRONG><a name="[5a]"></a>USART_SendData</STRONG> (Thumb, 8 bytes, Stack size 0 bytes, ft32f0xx_usart.o(i.USART_SendData))
<BR><BR>[Called By]<UL><LI><a href="#[54]">&gt;&gt;</a>&nbsp;&nbsp;&nbsp;ft_uart_put
</UL>

<P><STRONG><a name="[37]"></a>__0printf$8</STRONG> (Thumb, 24 bytes, Stack size 24 bytes, printf8.o(i.__0printf$8), UNUSED)
<BR><BR>[Calls]<UL><LI><a href="#[38]">&gt;&gt;</a>&nbsp;&nbsp;&nbsp;_printf_core
</UL>

<P><STRONG><a name="[7c]"></a>__1printf$8</STRONG> (Thumb, 0 bytes, Stack size 24 bytes, printf8.o(i.__0printf$8), UNUSED)

<P><STRONG><a name="[31]"></a>__2printf</STRONG> (Thumb, 0 bytes, Stack size 24 bytes, printf8.o(i.__0printf$8))
<BR><BR>[Stack]<UL><LI>Max Depth = 24<LI>Call Chain = __2printf
</UL>
<BR>[Called By]<UL><LI><a href="#[4a]">&gt;&gt;</a>&nbsp;&nbsp;&nbsp;bk953x_chip_id_get
<LI><a href="#[21]">&gt;&gt;</a>&nbsp;&nbsp;&nbsp;main
<LI><a href="#[5c]">&gt;&gt;</a>&nbsp;&nbsp;&nbsp;ft_virt1_i2c_bk953x_read_one_reg
<LI><a href="#[d]">&gt;&gt;</a>&nbsp;&nbsp;&nbsp;EXTI4_15_IRQHandler
</UL>

<P><STRONG><a name="[7d]"></a>__scatterload_copy</STRONG> (Thumb, 14 bytes, Stack size unknown bytes, handlers.o(i.__scatterload_copy), UNUSED)

<P><STRONG><a name="[7e]"></a>__scatterload_null</STRONG> (Thumb, 2 bytes, Stack size unknown bytes, handlers.o(i.__scatterload_null), UNUSED)

<P><STRONG><a name="[7f]"></a>__scatterload_zeroinit</STRONG> (Thumb, 14 bytes, Stack size unknown bytes, handlers.o(i.__scatterload_zeroinit), UNUSED)

<P><STRONG><a name="[3b]"></a>adc_ch_value_get</STRONG> (Thumb, 26 bytes, Stack size 8 bytes, ft_adc.o(i.adc_ch_value_get))
<BR><BR>[Stack]<UL><LI>Max Depth = 20<LI>Call Chain = adc_ch_value_get &rArr; ADC_GetFlagStatus
</UL>
<BR>[Calls]<UL><LI><a href="#[3c]">&gt;&gt;</a>&nbsp;&nbsp;&nbsp;ADC_GetFlagStatus
<LI><a href="#[3d]">&gt;&gt;</a>&nbsp;&nbsp;&nbsp;ADC_GetConversionValue
</UL>
<BR>[Called By]<UL><LI><a href="#[21]">&gt;&gt;</a>&nbsp;&nbsp;&nbsp;main
</UL>

<P><STRONG><a name="[3e]"></a>adc_init</STRONG> (Thumb, 130 bytes, Stack size 40 bytes, ft_adc.o(i.adc_init))
<BR><BR>[Stack]<UL><LI>Max Depth = 60<LI>Call Chain = adc_init &rArr; GPIO_Init
</UL>
<BR>[Calls]<UL><LI><a href="#[42]">&gt;&gt;</a>&nbsp;&nbsp;&nbsp;ADC_StructInit
<LI><a href="#[47]">&gt;&gt;</a>&nbsp;&nbsp;&nbsp;ADC_StartOfConversion
<LI><a href="#[43]">&gt;&gt;</a>&nbsp;&nbsp;&nbsp;ADC_Init
<LI><a href="#[3c]">&gt;&gt;</a>&nbsp;&nbsp;&nbsp;ADC_GetFlagStatus
<LI><a href="#[45]">&gt;&gt;</a>&nbsp;&nbsp;&nbsp;ADC_GetCalibrationFactor
<LI><a href="#[2d]">&gt;&gt;</a>&nbsp;&nbsp;&nbsp;ADC_DeInit
<LI><a href="#[46]">&gt;&gt;</a>&nbsp;&nbsp;&nbsp;ADC_Cmd
<LI><a href="#[44]">&gt;&gt;</a>&nbsp;&nbsp;&nbsp;ADC_ChannelConfig
<LI><a href="#[41]">&gt;&gt;</a>&nbsp;&nbsp;&nbsp;GPIO_Init
<LI><a href="#[40]">&gt;&gt;</a>&nbsp;&nbsp;&nbsp;RCC_APB2PeriphClockCmd
<LI><a href="#[3f]">&gt;&gt;</a>&nbsp;&nbsp;&nbsp;RCC_AHBPeriphClockCmd
</UL>
<BR>[Called By]<UL><LI><a href="#[21]">&gt;&gt;</a>&nbsp;&nbsp;&nbsp;main
</UL>

<P><STRONG><a name="[48]"></a>bk9532_lr_init</STRONG> (Thumb, 52 bytes, Stack size 8 bytes, bk953x_handler.o(i.bk9532_lr_init))
<BR><BR>[Stack]<UL><LI>Max Depth = 164<LI>Call Chain = bk9532_lr_init &rArr; bk953x_chip_id_get &rArr; mid_bk953x_read_one_reg &rArr; ft_virt1_i2c_bk953x_read_one_reg &rArr; virt1_i2c_read_byte &rArr; virt1_i2c_set_nack &rArr; conf_gpio_output &rArr; GPIO_Init
</UL>
<BR>[Calls]<UL><LI><a href="#[49]">&gt;&gt;</a>&nbsp;&nbsp;&nbsp;bk953x_res_init
<LI><a href="#[4a]">&gt;&gt;</a>&nbsp;&nbsp;&nbsp;bk953x_chip_id_get
<LI><a href="#[4b]">&gt;&gt;</a>&nbsp;&nbsp;&nbsp;ft_delay_ms
</UL>
<BR>[Called By]<UL><LI><a href="#[21]">&gt;&gt;</a>&nbsp;&nbsp;&nbsp;main
</UL>

<P><STRONG><a name="[4a]"></a>bk953x_chip_id_get</STRONG> (Thumb, 56 bytes, Stack size 16 bytes, bk953x.o(i.bk953x_chip_id_get))
<BR><BR>[Stack]<UL><LI>Max Depth = 156<LI>Call Chain = bk953x_chip_id_get &rArr; mid_bk953x_read_one_reg &rArr; ft_virt1_i2c_bk953x_read_one_reg &rArr; virt1_i2c_read_byte &rArr; virt1_i2c_set_nack &rArr; conf_gpio_output &rArr; GPIO_Init
</UL>
<BR>[Calls]<UL><LI><a href="#[31]">&gt;&gt;</a>&nbsp;&nbsp;&nbsp;__2printf
<LI><a href="#[4c]">&gt;&gt;</a>&nbsp;&nbsp;&nbsp;mid_bk953x_read_one_reg
</UL>
<BR>[Called By]<UL><LI><a href="#[48]">&gt;&gt;</a>&nbsp;&nbsp;&nbsp;bk9532_lr_init
</UL>

<P><STRONG><a name="[49]"></a>bk953x_res_init</STRONG> (Thumb, 8 bytes, Stack size 8 bytes, bk953x.o(i.bk953x_res_init))
<BR><BR>[Stack]<UL><LI>Max Depth = 68<LI>Call Chain = bk953x_res_init &rArr; mid_bk953x_res_init &rArr; virt_i2c_init &rArr; conf_gpio_output &rArr; GPIO_Init
</UL>
<BR>[Calls]<UL><LI><a href="#[4d]">&gt;&gt;</a>&nbsp;&nbsp;&nbsp;mid_bk953x_res_init
</UL>
<BR>[Called By]<UL><LI><a href="#[48]">&gt;&gt;</a>&nbsp;&nbsp;&nbsp;bk9532_lr_init
</UL>

<P><STRONG><a name="[4e]"></a>conf_gpio_input</STRONG> (Thumb, 38 bytes, Stack size 32 bytes, ft_gpio.o(i.conf_gpio_input))
<BR><BR>[Stack]<UL><LI>Max Depth = 52<LI>Call Chain = conf_gpio_input &rArr; GPIO_Init
</UL>
<BR>[Calls]<UL><LI><a href="#[41]">&gt;&gt;</a>&nbsp;&nbsp;&nbsp;GPIO_Init
<LI><a href="#[3f]">&gt;&gt;</a>&nbsp;&nbsp;&nbsp;RCC_AHBPeriphClockCmd
</UL>
<BR>[Called By]<UL><LI><a href="#[5f]">&gt;&gt;</a>&nbsp;&nbsp;&nbsp;virt1_i2c_wait_ack
<LI><a href="#[60]">&gt;&gt;</a>&nbsp;&nbsp;&nbsp;virt1_i2c_read_byte
</UL>

<P><STRONG><a name="[4f]"></a>conf_gpio_output</STRONG> (Thumb, 46 bytes, Stack size 24 bytes, ft_gpio.o(i.conf_gpio_output))
<BR><BR>[Stack]<UL><LI>Max Depth = 44<LI>Call Chain = conf_gpio_output &rArr; GPIO_Init
</UL>
<BR>[Calls]<UL><LI><a href="#[41]">&gt;&gt;</a>&nbsp;&nbsp;&nbsp;GPIO_Init
<LI><a href="#[3f]">&gt;&gt;</a>&nbsp;&nbsp;&nbsp;RCC_AHBPeriphClockCmd
</UL>
<BR>[Called By]<UL><LI><a href="#[64]">&gt;&gt;</a>&nbsp;&nbsp;&nbsp;virt_i2c_init
<LI><a href="#[6e]">&gt;&gt;</a>&nbsp;&nbsp;&nbsp;virt1_i2c_set_nack
<LI><a href="#[6d]">&gt;&gt;</a>&nbsp;&nbsp;&nbsp;virt1_i2c_set_ack
<LI><a href="#[5e]">&gt;&gt;</a>&nbsp;&nbsp;&nbsp;virt1_i2c_send_byte
</UL>

<P><STRONG><a name="[50]"></a>exit_init</STRONG> (Thumb, 102 bytes, Stack size 24 bytes, ft_exit.o(i.exit_init))
<BR><BR>[Stack]<UL><LI>Max Depth = 44<LI>Call Chain = exit_init &rArr; GPIO_Init
</UL>
<BR>[Calls]<UL><LI><a href="#[53]">&gt;&gt;</a>&nbsp;&nbsp;&nbsp;NVIC_Init
<LI><a href="#[41]">&gt;&gt;</a>&nbsp;&nbsp;&nbsp;GPIO_Init
<LI><a href="#[52]">&gt;&gt;</a>&nbsp;&nbsp;&nbsp;EXTI_Init
<LI><a href="#[51]">&gt;&gt;</a>&nbsp;&nbsp;&nbsp;SYSCFG_EXTILineConfig
<LI><a href="#[40]">&gt;&gt;</a>&nbsp;&nbsp;&nbsp;RCC_APB2PeriphClockCmd
<LI><a href="#[3f]">&gt;&gt;</a>&nbsp;&nbsp;&nbsp;RCC_AHBPeriphClockCmd
</UL>
<BR>[Called By]<UL><LI><a href="#[21]">&gt;&gt;</a>&nbsp;&nbsp;&nbsp;main
</UL>

<P><STRONG><a name="[24]"></a>fputc</STRONG> (Thumb, 18 bytes, Stack size 16 bytes, retarget.o(i.fputc))
<BR><BR>[Stack]<UL><LI>Max Depth = 32<LI>Call Chain = fputc &rArr; ft_uart_put
</UL>
<BR>[Calls]<UL><LI><a href="#[54]">&gt;&gt;</a>&nbsp;&nbsp;&nbsp;ft_uart_put
</UL>
<BR>[Address Reference Count : 1]<UL><LI> printf8.o(i.__0printf$8)
</UL>
<P><STRONG><a name="[4b]"></a>ft_delay_ms</STRONG> (Thumb, 28 bytes, Stack size 16 bytes, ft_delay.o(i.ft_delay_ms))
<BR><BR>[Stack]<UL><LI>Max Depth = 84<LI>Call Chain = ft_delay_ms &rArr; ft_delay_us &rArr; __aeabi_idivmod &rArr; __aeabi_uidivmod
</UL>
<BR>[Calls]<UL><LI><a href="#[55]">&gt;&gt;</a>&nbsp;&nbsp;&nbsp;ft_delay_us
</UL>
<BR>[Called By]<UL><LI><a href="#[48]">&gt;&gt;</a>&nbsp;&nbsp;&nbsp;bk9532_lr_init
<LI><a href="#[21]">&gt;&gt;</a>&nbsp;&nbsp;&nbsp;main
</UL>

<P><STRONG><a name="[55]"></a>ft_delay_us</STRONG> (Thumb, 172 bytes, Stack size 40 bytes, ft_delay.o(i.ft_delay_us))
<BR><BR>[Stack]<UL><LI>Max Depth = 68<LI>Call Chain = ft_delay_us &rArr; __aeabi_idivmod &rArr; __aeabi_uidivmod
</UL>
<BR>[Calls]<UL><LI><a href="#[27]">&gt;&gt;</a>&nbsp;&nbsp;&nbsp;__aeabi_idivmod
<LI><a href="#[56]">&gt;&gt;</a>&nbsp;&nbsp;&nbsp;ft_timer_tick_get
</UL>
<BR>[Called By]<UL><LI><a href="#[4b]">&gt;&gt;</a>&nbsp;&nbsp;&nbsp;ft_delay_ms
</UL>

<P><STRONG><a name="[56]"></a>ft_timer_tick_get</STRONG> (Thumb, 6 bytes, Stack size 0 bytes, ft_timer.o(i.ft_timer_tick_get))
<BR><BR>[Called By]<UL><LI><a href="#[55]">&gt;&gt;</a>&nbsp;&nbsp;&nbsp;ft_delay_us
</UL>

<P><STRONG><a name="[57]"></a>ft_uart_init</STRONG> (Thumb, 160 bytes, Stack size 64 bytes, ft_usart.o(i.ft_uart_init))
<BR><BR>[Stack]<UL><LI>Max Depth = 172<LI>Call Chain = ft_uart_init &rArr; USART_Init &rArr; RCC_GetClocksFreq &rArr; __aeabi_uidivmod
</UL>
<BR>[Calls]<UL><LI><a href="#[58]">&gt;&gt;</a>&nbsp;&nbsp;&nbsp;GPIO_PinAFConfig
<LI><a href="#[41]">&gt;&gt;</a>&nbsp;&nbsp;&nbsp;GPIO_Init
<LI><a href="#[40]">&gt;&gt;</a>&nbsp;&nbsp;&nbsp;RCC_APB2PeriphClockCmd
<LI><a href="#[3f]">&gt;&gt;</a>&nbsp;&nbsp;&nbsp;RCC_AHBPeriphClockCmd
<LI><a href="#[36]">&gt;&gt;</a>&nbsp;&nbsp;&nbsp;USART_Init
<LI><a href="#[59]">&gt;&gt;</a>&nbsp;&nbsp;&nbsp;USART_Cmd
</UL>
<BR>[Called By]<UL><LI><a href="#[62]">&gt;&gt;</a>&nbsp;&nbsp;&nbsp;trace_init
</UL>

<P><STRONG><a name="[54]"></a>ft_uart_put</STRONG> (Thumb, 60 bytes, Stack size 16 bytes, ft_usart.o(i.ft_uart_put))
<BR><BR>[Stack]<UL><LI>Max Depth = 16<LI>Call Chain = ft_uart_put
</UL>
<BR>[Calls]<UL><LI><a href="#[5a]">&gt;&gt;</a>&nbsp;&nbsp;&nbsp;USART_SendData
<LI><a href="#[5b]">&gt;&gt;</a>&nbsp;&nbsp;&nbsp;USART_GetFlagStatus
</UL>
<BR>[Called By]<UL><LI><a href="#[24]">&gt;&gt;</a>&nbsp;&nbsp;&nbsp;fputc
</UL>

<P><STRONG><a name="[6c]"></a>get_gpio_value</STRONG> (Thumb, 18 bytes, Stack size 0 bytes, ft_gpio.o(i.get_gpio_value))
<BR><BR>[Called By]<UL><LI><a href="#[5f]">&gt;&gt;</a>&nbsp;&nbsp;&nbsp;virt1_i2c_wait_ack
<LI><a href="#[60]">&gt;&gt;</a>&nbsp;&nbsp;&nbsp;virt1_i2c_read_byte
</UL>

<P><STRONG><a name="[21]"></a>main</STRONG> (Thumb, 76 bytes, Stack size 0 bytes, main.o(i.main))
<BR><BR>[Stack]<UL><LI>Max Depth = 268<LI>Call Chain = main &rArr; trace_init &rArr; ft_uart_init &rArr; USART_Init &rArr; RCC_GetClocksFreq &rArr; __aeabi_uidivmod
</UL>
<BR>[Calls]<UL><LI><a href="#[62]">&gt;&gt;</a>&nbsp;&nbsp;&nbsp;trace_init
<LI><a href="#[63]">&gt;&gt;</a>&nbsp;&nbsp;&nbsp;timer_init
<LI><a href="#[4b]">&gt;&gt;</a>&nbsp;&nbsp;&nbsp;ft_delay_ms
<LI><a href="#[50]">&gt;&gt;</a>&nbsp;&nbsp;&nbsp;exit_init
<LI><a href="#[48]">&gt;&gt;</a>&nbsp;&nbsp;&nbsp;bk9532_lr_init
<LI><a href="#[3e]">&gt;&gt;</a>&nbsp;&nbsp;&nbsp;adc_init
<LI><a href="#[3b]">&gt;&gt;</a>&nbsp;&nbsp;&nbsp;adc_ch_value_get
<LI><a href="#[31]">&gt;&gt;</a>&nbsp;&nbsp;&nbsp;__2printf
</UL>
<BR>[Address Reference Count : 1]<UL><LI> entry9a.o(.ARM.Collect$$$$0000000B)
</UL>
<P><STRONG><a name="[4c]"></a>mid_bk953x_read_one_reg</STRONG> (Thumb, 46 bytes, Stack size 24 bytes, mid_bk953x.o(i.mid_bk953x_read_one_reg))
<BR><BR>[Stack]<UL><LI>Max Depth = 140<LI>Call Chain = mid_bk953x_read_one_reg &rArr; ft_virt1_i2c_bk953x_read_one_reg &rArr; virt1_i2c_read_byte &rArr; virt1_i2c_set_nack &rArr; conf_gpio_output &rArr; GPIO_Init
</UL>
<BR>[Calls]<UL><LI><a href="#[5c]">&gt;&gt;</a>&nbsp;&nbsp;&nbsp;ft_virt1_i2c_bk953x_read_one_reg
</UL>
<BR>[Called By]<UL><LI><a href="#[4a]">&gt;&gt;</a>&nbsp;&nbsp;&nbsp;bk953x_chip_id_get
</UL>

<P><STRONG><a name="[4d]"></a>mid_bk953x_res_init</STRONG> (Thumb, 8 bytes, Stack size 8 bytes, mid_bk953x.o(i.mid_bk953x_res_init))
<BR><BR>[Stack]<UL><LI>Max Depth = 60<LI>Call Chain = mid_bk953x_res_init &rArr; virt_i2c_init &rArr; conf_gpio_output &rArr; GPIO_Init
</UL>
<BR>[Calls]<UL><LI><a href="#[64]">&gt;&gt;</a>&nbsp;&nbsp;&nbsp;virt_i2c_init
</UL>
<BR>[Called By]<UL><LI><a href="#[49]">&gt;&gt;</a>&nbsp;&nbsp;&nbsp;bk953x_res_init
</UL>

<P><STRONG><a name="[6a]"></a>set_gpio_value</STRONG> (Thumb, 12 bytes, Stack size 0 bytes, ft_gpio.o(i.set_gpio_value))
<BR><BR>[Called By]<UL><LI><a href="#[64]">&gt;&gt;</a>&nbsp;&nbsp;&nbsp;virt_i2c_init
<LI><a href="#[5f]">&gt;&gt;</a>&nbsp;&nbsp;&nbsp;virt1_i2c_wait_ack
<LI><a href="#[61]">&gt;&gt;</a>&nbsp;&nbsp;&nbsp;virt1_i2c_stop
<LI><a href="#[5d]">&gt;&gt;</a>&nbsp;&nbsp;&nbsp;virt1_i2c_start
<LI><a href="#[6e]">&gt;&gt;</a>&nbsp;&nbsp;&nbsp;virt1_i2c_set_nack
<LI><a href="#[6d]">&gt;&gt;</a>&nbsp;&nbsp;&nbsp;virt1_i2c_set_ack
<LI><a href="#[5e]">&gt;&gt;</a>&nbsp;&nbsp;&nbsp;virt1_i2c_send_byte
<LI><a href="#[60]">&gt;&gt;</a>&nbsp;&nbsp;&nbsp;virt1_i2c_read_byte
</UL>

<P><STRONG><a name="[63]"></a>timer_init</STRONG> (Thumb, 92 bytes, Stack size 24 bytes, ft_timer.o(i.timer_init))
<BR><BR>[Stack]<UL><LI>Max Depth = 36<LI>Call Chain = timer_init &rArr; __aeabi_uidivmod
</UL>
<BR>[Calls]<UL><LI><a href="#[53]">&gt;&gt;</a>&nbsp;&nbsp;&nbsp;NVIC_Init
<LI><a href="#[65]">&gt;&gt;</a>&nbsp;&nbsp;&nbsp;RCC_APB1PeriphClockCmd
<LI><a href="#[28]">&gt;&gt;</a>&nbsp;&nbsp;&nbsp;__aeabi_uidivmod
<LI><a href="#[66]">&gt;&gt;</a>&nbsp;&nbsp;&nbsp;TIM_TimeBaseInit
<LI><a href="#[67]">&gt;&gt;</a>&nbsp;&nbsp;&nbsp;TIM_ITConfig
<LI><a href="#[68]">&gt;&gt;</a>&nbsp;&nbsp;&nbsp;TIM_Cmd
</UL>
<BR>[Called By]<UL><LI><a href="#[21]">&gt;&gt;</a>&nbsp;&nbsp;&nbsp;main
</UL>

<P><STRONG><a name="[62]"></a>trace_init</STRONG> (Thumb, 106 bytes, Stack size 96 bytes, trace.o(i.trace_init))
<BR><BR>[Stack]<UL><LI>Max Depth = 268<LI>Call Chain = trace_init &rArr; ft_uart_init &rArr; USART_Init &rArr; RCC_GetClocksFreq &rArr; __aeabi_uidivmod
</UL>
<BR>[Calls]<UL><LI><a href="#[69]">&gt;&gt;</a>&nbsp;&nbsp;&nbsp;__aeabi_memcpy4
<LI><a href="#[57]">&gt;&gt;</a>&nbsp;&nbsp;&nbsp;ft_uart_init
</UL>
<BR>[Called By]<UL><LI><a href="#[21]">&gt;&gt;</a>&nbsp;&nbsp;&nbsp;main
</UL>

<P><STRONG><a name="[60]"></a>virt1_i2c_read_byte</STRONG> (Thumb, 120 bytes, Stack size 24 bytes, ft_i2c.o(i.virt1_i2c_read_byte))
<BR><BR>[Stack]<UL><LI>Max Depth = 76<LI>Call Chain = virt1_i2c_read_byte &rArr; virt1_i2c_set_nack &rArr; conf_gpio_output &rArr; GPIO_Init
</UL>
<BR>[Calls]<UL><LI><a href="#[6a]">&gt;&gt;</a>&nbsp;&nbsp;&nbsp;set_gpio_value
<LI><a href="#[6e]">&gt;&gt;</a>&nbsp;&nbsp;&nbsp;virt1_i2c_set_nack
<LI><a href="#[6d]">&gt;&gt;</a>&nbsp;&nbsp;&nbsp;virt1_i2c_set_ack
<LI><a href="#[6b]">&gt;&gt;</a>&nbsp;&nbsp;&nbsp;ft_i2c_delay
<LI><a href="#[6c]">&gt;&gt;</a>&nbsp;&nbsp;&nbsp;get_gpio_value
<LI><a href="#[4e]">&gt;&gt;</a>&nbsp;&nbsp;&nbsp;conf_gpio_input
</UL>
<BR>[Called By]<UL><LI><a href="#[5c]">&gt;&gt;</a>&nbsp;&nbsp;&nbsp;ft_virt1_i2c_bk953x_read_one_reg
</UL>

<P><STRONG><a name="[5e]"></a>virt1_i2c_send_byte</STRONG> (Thumb, 124 bytes, Stack size 16 bytes, ft_i2c.o(i.virt1_i2c_send_byte))
<BR><BR>[Stack]<UL><LI>Max Depth = 60<LI>Call Chain = virt1_i2c_send_byte &rArr; conf_gpio_output &rArr; GPIO_Init
</UL>
<BR>[Calls]<UL><LI><a href="#[6a]">&gt;&gt;</a>&nbsp;&nbsp;&nbsp;set_gpio_value
<LI><a href="#[6b]">&gt;&gt;</a>&nbsp;&nbsp;&nbsp;ft_i2c_delay
<LI><a href="#[4f]">&gt;&gt;</a>&nbsp;&nbsp;&nbsp;conf_gpio_output
</UL>
<BR>[Called By]<UL><LI><a href="#[5c]">&gt;&gt;</a>&nbsp;&nbsp;&nbsp;ft_virt1_i2c_bk953x_read_one_reg
</UL>

<P><STRONG><a name="[6d]"></a>virt1_i2c_set_ack</STRONG> (Thumb, 80 bytes, Stack size 8 bytes, ft_i2c.o(i.virt1_i2c_set_ack))
<BR><BR>[Stack]<UL><LI>Max Depth = 52<LI>Call Chain = virt1_i2c_set_ack &rArr; conf_gpio_output &rArr; GPIO_Init
</UL>
<BR>[Calls]<UL><LI><a href="#[6a]">&gt;&gt;</a>&nbsp;&nbsp;&nbsp;set_gpio_value
<LI><a href="#[6b]">&gt;&gt;</a>&nbsp;&nbsp;&nbsp;ft_i2c_delay
<LI><a href="#[4f]">&gt;&gt;</a>&nbsp;&nbsp;&nbsp;conf_gpio_output
</UL>
<BR>[Called By]<UL><LI><a href="#[60]">&gt;&gt;</a>&nbsp;&nbsp;&nbsp;virt1_i2c_read_byte
</UL>

<P><STRONG><a name="[6e]"></a>virt1_i2c_set_nack</STRONG> (Thumb, 78 bytes, Stack size 8 bytes, ft_i2c.o(i.virt1_i2c_set_nack))
<BR><BR>[Stack]<UL><LI>Max Depth = 52<LI>Call Chain = virt1_i2c_set_nack &rArr; conf_gpio_output &rArr; GPIO_Init
</UL>
<BR>[Calls]<UL><LI><a href="#[6a]">&gt;&gt;</a>&nbsp;&nbsp;&nbsp;set_gpio_value
<LI><a href="#[6b]">&gt;&gt;</a>&nbsp;&nbsp;&nbsp;ft_i2c_delay
<LI><a href="#[4f]">&gt;&gt;</a>&nbsp;&nbsp;&nbsp;conf_gpio_output
</UL>
<BR>[Called By]<UL><LI><a href="#[60]">&gt;&gt;</a>&nbsp;&nbsp;&nbsp;virt1_i2c_read_byte
</UL>

<P><STRONG><a name="[5d]"></a>virt1_i2c_start</STRONG> (Thumb, 64 bytes, Stack size 8 bytes, ft_i2c.o(i.virt1_i2c_start))
<BR><BR>[Stack]<UL><LI>Max Depth = 8<LI>Call Chain = virt1_i2c_start
</UL>
<BR>[Calls]<UL><LI><a href="#[6a]">&gt;&gt;</a>&nbsp;&nbsp;&nbsp;set_gpio_value
<LI><a href="#[6b]">&gt;&gt;</a>&nbsp;&nbsp;&nbsp;ft_i2c_delay
</UL>
<BR>[Called By]<UL><LI><a href="#[5c]">&gt;&gt;</a>&nbsp;&nbsp;&nbsp;ft_virt1_i2c_bk953x_read_one_reg
</UL>

<P><STRONG><a name="[61]"></a>virt1_i2c_stop</STRONG> (Thumb, 64 bytes, Stack size 8 bytes, ft_i2c.o(i.virt1_i2c_stop))
<BR><BR>[Stack]<UL><LI>Max Depth = 8<LI>Call Chain = virt1_i2c_stop
</UL>
<BR>[Calls]<UL><LI><a href="#[6a]">&gt;&gt;</a>&nbsp;&nbsp;&nbsp;set_gpio_value
<LI><a href="#[6b]">&gt;&gt;</a>&nbsp;&nbsp;&nbsp;ft_i2c_delay
</UL>
<BR>[Called By]<UL><LI><a href="#[5c]">&gt;&gt;</a>&nbsp;&nbsp;&nbsp;ft_virt1_i2c_bk953x_read_one_reg
<LI><a href="#[5f]">&gt;&gt;</a>&nbsp;&nbsp;&nbsp;virt1_i2c_wait_ack
</UL>

<P><STRONG><a name="[5f]"></a>virt1_i2c_wait_ack</STRONG> (Thumb, 116 bytes, Stack size 16 bytes, ft_i2c.o(i.virt1_i2c_wait_ack))
<BR><BR>[Stack]<UL><LI>Max Depth = 68<LI>Call Chain = virt1_i2c_wait_ack &rArr; conf_gpio_input &rArr; GPIO_Init
</UL>
<BR>[Calls]<UL><LI><a href="#[6a]">&gt;&gt;</a>&nbsp;&nbsp;&nbsp;set_gpio_value
<LI><a href="#[61]">&gt;&gt;</a>&nbsp;&nbsp;&nbsp;virt1_i2c_stop
<LI><a href="#[6b]">&gt;&gt;</a>&nbsp;&nbsp;&nbsp;ft_i2c_delay
<LI><a href="#[6c]">&gt;&gt;</a>&nbsp;&nbsp;&nbsp;get_gpio_value
<LI><a href="#[4e]">&gt;&gt;</a>&nbsp;&nbsp;&nbsp;conf_gpio_input
</UL>
<BR>[Called By]<UL><LI><a href="#[5c]">&gt;&gt;</a>&nbsp;&nbsp;&nbsp;ft_virt1_i2c_bk953x_read_one_reg
</UL>

<P><STRONG><a name="[64]"></a>virt_i2c_init</STRONG> (Thumb, 56 bytes, Stack size 8 bytes, ft_i2c.o(i.virt_i2c_init))
<BR><BR>[Stack]<UL><LI>Max Depth = 52<LI>Call Chain = virt_i2c_init &rArr; conf_gpio_output &rArr; GPIO_Init
</UL>
<BR>[Calls]<UL><LI><a href="#[6a]">&gt;&gt;</a>&nbsp;&nbsp;&nbsp;set_gpio_value
<LI><a href="#[4f]">&gt;&gt;</a>&nbsp;&nbsp;&nbsp;conf_gpio_output
</UL>
<BR>[Called By]<UL><LI><a href="#[4d]">&gt;&gt;</a>&nbsp;&nbsp;&nbsp;mid_bk953x_res_init
</UL>
<P>
<H3>
Local Symbols
</H3>
<P><STRONG><a name="[33]"></a>SetSysClock</STRONG> (Thumb, 198 bytes, Stack size 12 bytes, system_ft32f0xx.o(i.SetSysClock))
<BR><BR>[Stack]<UL><LI>Max Depth = 12<LI>Call Chain = SetSysClock
</UL>
<BR>[Called By]<UL><LI><a href="#[22]">&gt;&gt;</a>&nbsp;&nbsp;&nbsp;SystemInit
</UL>

<P><STRONG><a name="[6b]"></a>ft_i2c_delay</STRONG> (Thumb, 14 bytes, Stack size 0 bytes, ft_i2c.o(i.ft_i2c_delay))
<BR><BR>[Called By]<UL><LI><a href="#[5f]">&gt;&gt;</a>&nbsp;&nbsp;&nbsp;virt1_i2c_wait_ack
<LI><a href="#[61]">&gt;&gt;</a>&nbsp;&nbsp;&nbsp;virt1_i2c_stop
<LI><a href="#[5d]">&gt;&gt;</a>&nbsp;&nbsp;&nbsp;virt1_i2c_start
<LI><a href="#[6e]">&gt;&gt;</a>&nbsp;&nbsp;&nbsp;virt1_i2c_set_nack
<LI><a href="#[6d]">&gt;&gt;</a>&nbsp;&nbsp;&nbsp;virt1_i2c_set_ack
<LI><a href="#[5e]">&gt;&gt;</a>&nbsp;&nbsp;&nbsp;virt1_i2c_send_byte
<LI><a href="#[60]">&gt;&gt;</a>&nbsp;&nbsp;&nbsp;virt1_i2c_read_byte
</UL>

<P><STRONG><a name="[5c]"></a>ft_virt1_i2c_bk953x_read_one_reg</STRONG> (Thumb, 142 bytes, Stack size 40 bytes, mid_bk953x.o(i.ft_virt1_i2c_bk953x_read_one_reg))
<BR><BR>[Stack]<UL><LI>Max Depth = 116<LI>Call Chain = ft_virt1_i2c_bk953x_read_one_reg &rArr; virt1_i2c_read_byte &rArr; virt1_i2c_set_nack &rArr; conf_gpio_output &rArr; GPIO_Init
</UL>
<BR>[Calls]<UL><LI><a href="#[31]">&gt;&gt;</a>&nbsp;&nbsp;&nbsp;__2printf
<LI><a href="#[5f]">&gt;&gt;</a>&nbsp;&nbsp;&nbsp;virt1_i2c_wait_ack
<LI><a href="#[61]">&gt;&gt;</a>&nbsp;&nbsp;&nbsp;virt1_i2c_stop
<LI><a href="#[5d]">&gt;&gt;</a>&nbsp;&nbsp;&nbsp;virt1_i2c_start
<LI><a href="#[5e]">&gt;&gt;</a>&nbsp;&nbsp;&nbsp;virt1_i2c_send_byte
<LI><a href="#[60]">&gt;&gt;</a>&nbsp;&nbsp;&nbsp;virt1_i2c_read_byte
</UL>
<BR>[Called By]<UL><LI><a href="#[4c]">&gt;&gt;</a>&nbsp;&nbsp;&nbsp;mid_bk953x_read_one_reg
</UL>

<P><STRONG><a name="[38]"></a>_printf_core</STRONG> (Thumb, 1020 bytes, Stack size 104 bytes, printf8.o(i._printf_core), UNUSED)
<BR><BR>[Calls]<UL><LI><a href="#[39]">&gt;&gt;</a>&nbsp;&nbsp;&nbsp;_printf_pre_padding
<LI><a href="#[3a]">&gt;&gt;</a>&nbsp;&nbsp;&nbsp;_printf_post_padding
<LI><a href="#[29]">&gt;&gt;</a>&nbsp;&nbsp;&nbsp;__aeabi_uldivmod
</UL>
<BR>[Called By]<UL><LI><a href="#[37]">&gt;&gt;</a>&nbsp;&nbsp;&nbsp;__0printf$8
</UL>

<P><STRONG><a name="[3a]"></a>_printf_post_padding</STRONG> (Thumb, 32 bytes, Stack size 24 bytes, printf8.o(i._printf_post_padding), UNUSED)
<BR><BR>[Called By]<UL><LI><a href="#[38]">&gt;&gt;</a>&nbsp;&nbsp;&nbsp;_printf_core
</UL>

<P><STRONG><a name="[39]"></a>_printf_pre_padding</STRONG> (Thumb, 44 bytes, Stack size 40 bytes, printf8.o(i._printf_pre_padding), UNUSED)
<BR><BR>[Called By]<UL><LI><a href="#[38]">&gt;&gt;</a>&nbsp;&nbsp;&nbsp;_printf_core
</UL>
<P>
<H3>
Undefined Global Symbols
</H3><HR></body></html>
